{
  "name": "COLUMN_DEFAULTS",
  "catalogName": "",
  "schemaName": "TEST",
  "typeName": "TABLE",
  "comment": "",
  "columns": [
    {
      "name": "VARCHAR_10_DEFAULT_TEXT_COL",
      "type": {
        "name": "VARCHAR2",
        "typeNumber": 12,
        "className": "java.lang.String",
        "precision": 10,
        "scale": 0,
        "isNullable": true,
        "isAutoIncrement": false,
        "numericPrecisionRadix": 10,
        "isCaseSensitive": false,
        "isSearchable": true,
        "isSigned": false,
        "isCurrency": false,
        "columnDisplaySize": 10,
        "baseType": null
      },
      "comment": "",
      "collation": "",
      "defaultDefinition": "'TEXT'"
    },
    {
      "name": "DECIMAL_10_2_DEFAULT_1_23_COL",
      "type": {
        "name": "NUMBER",
        "typeNumber": 2,
        "className": "java.math.BigDecimal",
        "precision": 10,
        "scale": 2,
        "isNullable": true,
        "isAutoIncrement": false,
        "numericPrecisionRadix": 10,
        "isCaseSensitive": false,
        "isSearchable": true,
        "isSigned": true,
        "isCurrency": false,
        "columnDisplaySize": 10,
        "baseType": null
      },
      "comment": "",
      "collation": "",
      "defaultDefinition": "1.23"
    },
    {
      "name": "TIMESTAMP_DEFAULT_CURRENT_TIMESTAMP_COL",
      "type": {
        "name": "TIMESTAMP(6)",
        "typeNumber": 93,
        "className": "java.sql.Timestamp",
        "precision": 11,
        "scale": 6,
        "isNullable": true,
        "isAutoIncrement": false,
        "numericPrecisionRadix": 10,
        "isCaseSensitive": false,
        "isSearchable": true,
        "isSigned": false,
        "isCurrency": false,
        "columnDisplaySize": 31,
        "baseType": null
      },
      "comment": "",
      "collation": "",
      "defaultDefinition": "CURRENT_TIMESTAMP"
    },
    {
      "name": "BOOLEAN_DEFAULT_FALSE_COL",
      "type": {
        "name": "BOOLEAN",
        "typeNumber": 16,
        "className": "java.lang.Boolean",
        "precision": 1,
        "scale": 0,
        "isNullable": true,
        "isAutoIncrement": false,
        "numericPrecisionRadix": 10,
        "isCaseSensitive": false,
        "isSearchable": true,
        "isSigned": false,
        "isCurrency": false,
        "columnDisplaySize": 5,
        "baseType": null
      },
      "comment": "",
      "collation": "",
      "defaultDefinition": "FALSE"
    },
    {
      "name": "BOOLEAN_DEFAULT_true_COL",
      "type": {
        "name": "BOOLEAN",
        "typeNumber": 16,
        "className": "java.lang.Boolean",
        "precision": 1,
        "scale": 0,
        "isNullable": true,
        "isAutoIncrement": false,
        "numericPrecisionRadix": 10,
        "isCaseSensitive": false,
        "isSearchable": true,
        "isSigned": false,
        "isCurrency": false,
        "columnDisplaySize": 5,
        "baseType": null
      },
      "comment": "",
      "collation": "",
      "defaultDefinition": "true"
    },
    {
      "name": "INTEGER_DEFAULT_NULL_COL",
      "type": {
        "name": "NUMBER",
        "typeNumber": 2,
        "className": "java.math.BigDecimal",
        "precision": 38,
        "scale": 0,
        "isNullable": true,
        "isAutoIncrement": false,
        "numericPrecisionRadix": 10,
        "isCaseSensitive": false,
        "isSearchable": true,
        "isSigned": true,
        "isCurrency": false,
        "columnDisplaySize": 38,
        "baseType": null
      },
      "comment": "",
      "collation": "",
      "defaultDefinition": "NULL\n"
    }
  ],
  "indexes": [
    {
      "name": "",
      "columns": [],
      "isUnique": true,
      "comment": "",
      "qualifierName": "",
      "isClustered": false,
      "isHashed": false,
      "isStatistic": true,
      "whereClause": "",
      "cardinality": 0,
      "pages": 0
    }
  ],
  "collation": "",
  "primaryKey": null,
  "bestRowIdentifier": null
}