{
  "name": "NULLABILITY",
  "catalogName": "TEST",
  "schemaName": "TEST",
  "typeName": "BASE TABLE",
  "comment": "",
  "columns": [
    {
      "name": "NULLABLE_COL",
      "type": {
        "name": "CHARACTER VARYING",
        "typeNumber": 12,
        "className": "java.lang.String",
        "precision": 10,
        "scale": 0,
        "isNullable": true,
        "isAutoIncrement": false,
        "numericPrecisionRadix": 0,
        "isCaseSensitive": false,
        "isSearchable": true,
        "isSigned": false,
        "isCurrency": false,
        "columnDisplaySize": 10,
        "baseType": null
      },
      "comment": "",
      "collation": "",
      "defaultDefinition": ""
    },
    {
      "name": "NOT_NULLABLE_COL",
      "type": {
        "name": "CHARACTER VARYING",
        "typeNumber": 12,
        "className": "java.lang.String",
        "precision": 10,
        "scale": 0,
        "isNullable": false,
        "isAutoIncrement": false,
        "numericPrecisionRadix": 0,
        "isCaseSensitive": false,
        "isSearchable": true,
        "isSigned": false,
        "isCurrency": false,
        "columnDisplaySize": 10,
        "baseType": null
      },
      "comment": "",
      "collation": "",
      "defaultDefinition": ""
    }
  ],
  "indexes": [],
  "collation": "",
  "primaryKey": null,
  "bestRowIdentifier": null
}