{
  "name" : "ARRAY_DATA_TYPES",
  "catalogName" : "TEST",
  "schemaName" : "TEST",
  "typeName" : "BASE TABLE",
  "comment" : "",
  "columns" : [ {
    "name" : "INT_ARRAY_COL",
    "type" : {
      "name" : "INTEGER ARRAY",
      "typeNumber" : 2003,
      "className" : "java.sql.Array",
      "precision" : 65536,
      "scale" : 0,
      "isNullable" : true,
      "isAutoIncrement" : false,
      "numericPrecisionRadix" : 0,
      "isCaseSensitive" : false,
      "isSearchable" : true,
      "isSigned" : false,
      "isCurrency" : false,
      "columnDisplaySize" : 0,
      "baseType" : null
    },
    "comment" : "",
    "collation" : "",
    "defaultDefinition" : ""
  }, {
    "name" : "INT_ARRAY_0_COL",
    "type" : {
      "name" : "INTEGER ARRAY",
      "typeNumber" : 2003,
      "className" : "java.sql.Array",
      "precision" : 0,
      "scale" : 0,
      "isNullable" : true,
      "isAutoIncrement" : false,
      "numericPrecisionRadix" : 0,
      "isCaseSensitive" : false,
      "isSearchable" : true,
      "isSigned" : false,
      "isCurrency" : false,
      "columnDisplaySize" : 0,
      "baseType" : null
    },
    "comment" : "",
    "collation" : "",
    "defaultDefinition" : ""
  }, {
    "name" : "INT_ARRAY_65536_COL",
    "type" : {
      "name" : "INTEGER ARRAY",
      "typeNumber" : 2003,
      "className" : "java.sql.Array",
      "precision" : 65536,
      "scale" : 0,
      "isNullable" : true,
      "isAutoIncrement" : false,
      "numericPrecisionRadix" : 0,
      "isCaseSensitive" : false,
      "isSearchable" : true,
      "isSigned" : false,
      "isCurrency" : false,
      "columnDisplaySize" : 0,
      "baseType" : null
    },
    "comment" : "",
    "collation" : "",
    "defaultDefinition" : ""
  }, {
    "name" : "TIME_ARRAY_COL",
    "type" : {
      "name" : "TIME ARRAY",
      "typeNumber" : 2003,
      "className" : "java.sql.Array",
      "precision" : 65536,
      "scale" : 0,
      "isNullable" : true,
      "isAutoIncrement" : false,
      "numericPrecisionRadix" : 0,
      "isCaseSensitive" : false,
      "isSearchable" : true,
      "isSigned" : false,
      "isCurrency" : false,
      "columnDisplaySize" : 0,
      "baseType" : null
    },
    "comment" : "",
    "collation" : "",
    "defaultDefinition" : ""
  }, {
    "name" : "TIME_F0_ARRAY_COL",
    "type" : {
      "name" : "TIME(0) ARRAY",
      "typeNumber" : 2003,
      "className" : "java.sql.Array",
      "precision" : 65536,
      "scale" : 0,
      "isNullable" : true,
      "isAutoIncrement" : false,
      "numericPrecisionRadix" : 0,
      "isCaseSensitive" : false,
      "isSearchable" : true,
      "isSigned" : false,
      "isCurrency" : false,
      "columnDisplaySize" : 0,
      "baseType" : null
    },
    "comment" : "",
    "collation" : "",
    "defaultDefinition" : ""
  }, {
    "name" : "TIME_F6_ARRAY_COL",
    "type" : {
      "name" : "TIME(6) ARRAY",
      "typeNumber" : 2003,
      "className" : "java.sql.Array",
      "precision" : 65536,
      "scale" : 0,
      "isNullable" : true,
      "isAutoIncrement" : false,
      "numericPrecisionRadix" : 0,
      "isCaseSensitive" : false,
      "isSearchable" : true,
      "isSigned" : false,
      "isCurrency" : false,
      "columnDisplaySize" : 0,
      "baseType" : null
    },
    "comment" : "",
    "collation" : "",
    "defaultDefinition" : ""
  }, {
    "name" : "TIME_F9_ARRAY_COL",
    "type" : {
      "name" : "TIME(9) ARRAY",
      "typeNumber" : 2003,
      "className" : "java.sql.Array",
      "precision" : 65536,
      "scale" : 0,
      "isNullable" : true,
      "isAutoIncrement" : false,
      "numericPrecisionRadix" : 0,
      "isCaseSensitive" : false,
      "isSearchable" : true,
      "isSigned" : false,
      "isCurrency" : false,
      "columnDisplaySize" : 0,
      "baseType" : null
    },
    "comment" : "",
    "collation" : "",
    "defaultDefinition" : ""
  }, {
    "name" : "TIME_ARRAY_0_COL",
    "type" : {
      "name" : "TIME ARRAY",
      "typeNumber" : 2003,
      "className" : "java.sql.Array",
      "precision" : 0,
      "scale" : 0,
      "isNullable" : true,
      "isAutoIncrement" : false,
      "numericPrecisionRadix" : 0,
      "isCaseSensitive" : false,
      "isSearchable" : true,
      "isSigned" : false,
      "isCurrency" : false,
      "columnDisplaySize" : 0,
      "baseType" : null
    },
    "comment" : "",
    "collation" : "",
    "defaultDefinition" : ""
  }, {
    "name" : "TIME_F0_ARRAY_0_COL",
    "type" : {
      "name" : "TIME(0) ARRAY",
      "typeNumber" : 2003,
      "className" : "java.sql.Array",
      "precision" : 0,
      "scale" : 0,
      "isNullable" : true,
      "isAutoIncrement" : false,
      "numericPrecisionRadix" : 0,
      "isCaseSensitive" : false,
      "isSearchable" : true,
      "isSigned" : false,
      "isCurrency" : false,
      "columnDisplaySize" : 0,
      "baseType" : null
    },
    "comment" : "",
    "collation" : "",
    "defaultDefinition" : ""
  }, {
    "name" : "TIME_F6_ARRAY_0_COL",
    "type" : {
      "name" : "TIME(6) ARRAY",
      "typeNumber" : 2003,
      "className" : "java.sql.Array",
      "precision" : 0,
      "scale" : 0,
      "isNullable" : true,
      "isAutoIncrement" : false,
      "numericPrecisionRadix" : 0,
      "isCaseSensitive" : false,
      "isSearchable" : true,
      "isSigned" : false,
      "isCurrency" : false,
      "columnDisplaySize" : 0,
      "baseType" : null
    },
    "comment" : "",
    "collation" : "",
    "defaultDefinition" : ""
  }, {
    "name" : "TIME_F9_ARRAY_0_COL",
    "type" : {
      "name" : "TIME(9) ARRAY",
      "typeNumber" : 2003,
      "className" : "java.sql.Array",
      "precision" : 0,
      "scale" : 0,
      "isNullable" : true,
      "isAutoIncrement" : false,
      "numericPrecisionRadix" : 0,
      "isCaseSensitive" : false,
      "isSearchable" : true,
      "isSigned" : false,
      "isCurrency" : false,
      "columnDisplaySize" : 0,
      "baseType" : null
    },
    "comment" : "",
    "collation" : "",
    "defaultDefinition" : ""
  }, {
    "name" : "TIME_ARRAY_65536_COL",
    "type" : {
      "name" : "TIME ARRAY",
      "typeNumber" : 2003,
      "className" : "java.sql.Array",
      "precision" : 65536,
      "scale" : 0,
      "isNullable" : true,
      "isAutoIncrement" : false,
      "numericPrecisionRadix" : 0,
      "isCaseSensitive" : false,
      "isSearchable" : true,
      "isSigned" : false,
      "isCurrency" : false,
      "columnDisplaySize" : 0,
      "baseType" : null
    },
    "comment" : "",
    "collation" : "",
    "defaultDefinition" : ""
  }, {
    "name" : "TIME_F0_ARRAY_65536_COL",
    "type" : {
      "name" : "TIME(0) ARRAY",
      "typeNumber" : 2003,
      "className" : "java.sql.Array",
      "precision" : 65536,
      "scale" : 0,
      "isNullable" : true,
      "isAutoIncrement" : false,
      "numericPrecisionRadix" : 0,
      "isCaseSensitive" : false,
      "isSearchable" : true,
      "isSigned" : false,
      "isCurrency" : false,
      "columnDisplaySize" : 0,
      "baseType" : null
    },
    "comment" : "",
    "collation" : "",
    "defaultDefinition" : ""
  }, {
    "name" : "TIME_F6_ARRAY_65536_COL",
    "type" : {
      "name" : "TIME(6) ARRAY",
      "typeNumber" : 2003,
      "className" : "java.sql.Array",
      "precision" : 65536,
      "scale" : 0,
      "isNullable" : true,
      "isAutoIncrement" : false,
      "numericPrecisionRadix" : 0,
      "isCaseSensitive" : false,
      "isSearchable" : true,
      "isSigned" : false,
      "isCurrency" : false,
      "columnDisplaySize" : 0,
      "baseType" : null
    },
    "comment" : "",
    "collation" : "",
    "defaultDefinition" : ""
  }, {
    "name" : "TIME_F9_ARRAY_65536_COL",
    "type" : {
      "name" : "TIME(9) ARRAY",
      "typeNumber" : 2003,
      "className" : "java.sql.Array",
      "precision" : 65536,
      "scale" : 0,
      "isNullable" : true,
      "isAutoIncrement" : false,
      "numericPrecisionRadix" : 0,
      "isCaseSensitive" : false,
      "isSearchable" : true,
      "isSigned" : false,
      "isCurrency" : false,
      "columnDisplaySize" : 0,
      "baseType" : null
    },
    "comment" : "",
    "collation" : "",
    "defaultDefinition" : ""
  }, {
    "name" : "DECIMAL_ARRAY_COL",
    "type" : {
      "name" : "DECIMAL ARRAY",
      "typeNumber" : 2003,
      "className" : "java.sql.Array",
      "precision" : 65536,
      "scale" : 0,
      "isNullable" : true,
      "isAutoIncrement" : false,
      "numericPrecisionRadix" : 0,
      "isCaseSensitive" : false,
      "isSearchable" : true,
      "isSigned" : false,
      "isCurrency" : false,
      "columnDisplaySize" : 0,
      "baseType" : null
    },
    "comment" : "",
    "collation" : "",
    "defaultDefinition" : ""
  }, {
    "name" : "DECIMAL_1_ARRAY_COL",
    "type" : {
      "name" : "DECIMAL(1) ARRAY",
      "typeNumber" : 2003,
      "className" : "java.sql.Array",
      "precision" : 65536,
      "scale" : 0,
      "isNullable" : true,
      "isAutoIncrement" : false,
      "numericPrecisionRadix" : 0,
      "isCaseSensitive" : false,
      "isSearchable" : true,
      "isSigned" : false,
      "isCurrency" : false,
      "columnDisplaySize" : 0,
      "baseType" : null
    },
    "comment" : "",
    "collation" : "",
    "defaultDefinition" : ""
  }, {
    "name" : "DECIMAL_1_0_ARRAY_COL",
    "type" : {
      "name" : "DECIMAL(1, 0) ARRAY",
      "typeNumber" : 2003,
      "className" : "java.sql.Array",
      "precision" : 65536,
      "scale" : 0,
      "isNullable" : true,
      "isAutoIncrement" : false,
      "numericPrecisionRadix" : 0,
      "isCaseSensitive" : false,
      "isSearchable" : true,
      "isSigned" : false,
      "isCurrency" : false,
      "columnDisplaySize" : 0,
      "baseType" : null
    },
    "comment" : "",
    "collation" : "",
    "defaultDefinition" : ""
  }, {
    "name" : "DECIMAL_100000_ARRAY_COL",
    "type" : {
      "name" : "DECIMAL(100000) ARRAY",
      "typeNumber" : 2003,
      "className" : "java.sql.Array",
      "precision" : 65536,
      "scale" : 0,
      "isNullable" : true,
      "isAutoIncrement" : false,
      "numericPrecisionRadix" : 0,
      "isCaseSensitive" : false,
      "isSearchable" : true,
      "isSigned" : false,
      "isCurrency" : false,
      "columnDisplaySize" : 0,
      "baseType" : null
    },
    "comment" : "",
    "collation" : "",
    "defaultDefinition" : ""
  }, {
    "name" : "DECIMAL_100000_0_ARRAY_COL",
    "type" : {
      "name" : "DECIMAL(100000, 0) ARRAY",
      "typeNumber" : 2003,
      "className" : "java.sql.Array",
      "precision" : 65536,
      "scale" : 0,
      "isNullable" : true,
      "isAutoIncrement" : false,
      "numericPrecisionRadix" : 0,
      "isCaseSensitive" : false,
      "isSearchable" : true,
      "isSigned" : false,
      "isCurrency" : false,
      "columnDisplaySize" : 0,
      "baseType" : null
    },
    "comment" : "",
    "collation" : "",
    "defaultDefinition" : ""
  }, {
    "name" : "DECIMAL_100000_100000_ARRAY_COL",
    "type" : {
      "name" : "DECIMAL(100000, 100000) ARRAY",
      "typeNumber" : 2003,
      "className" : "java.sql.Array",
      "precision" : 65536,
      "scale" : 0,
      "isNullable" : true,
      "isAutoIncrement" : false,
      "numericPrecisionRadix" : 0,
      "isCaseSensitive" : false,
      "isSearchable" : true,
      "isSigned" : false,
      "isCurrency" : false,
      "columnDisplaySize" : 0,
      "baseType" : null
    },
    "comment" : "",
    "collation" : "",
    "defaultDefinition" : ""
  }, {
    "name" : "DECIMAL_ARRAY_0_COL",
    "type" : {
      "name" : "DECIMAL ARRAY",
      "typeNumber" : 2003,
      "className" : "java.sql.Array",
      "precision" : 0,
      "scale" : 0,
      "isNullable" : true,
      "isAutoIncrement" : false,
      "numericPrecisionRadix" : 0,
      "isCaseSensitive" : false,
      "isSearchable" : true,
      "isSigned" : false,
      "isCurrency" : false,
      "columnDisplaySize" : 0,
      "baseType" : null
    },
    "comment" : "",
    "collation" : "",
    "defaultDefinition" : ""
  }, {
    "name" : "DECIMAL_1_ARRAY_0_COL",
    "type" : {
      "name" : "DECIMAL(1) ARRAY",
      "typeNumber" : 2003,
      "className" : "java.sql.Array",
      "precision" : 0,
      "scale" : 0,
      "isNullable" : true,
      "isAutoIncrement" : false,
      "numericPrecisionRadix" : 0,
      "isCaseSensitive" : false,
      "isSearchable" : true,
      "isSigned" : false,
      "isCurrency" : false,
      "columnDisplaySize" : 0,
      "baseType" : null
    },
    "comment" : "",
    "collation" : "",
    "defaultDefinition" : ""
  }, {
    "name" : "DECIMAL_1_0_ARRAY_0_COL",
    "type" : {
      "name" : "DECIMAL(1, 0) ARRAY",
      "typeNumber" : 2003,
      "className" : "java.sql.Array",
      "precision" : 0,
      "scale" : 0,
      "isNullable" : true,
      "isAutoIncrement" : false,
      "numericPrecisionRadix" : 0,
      "isCaseSensitive" : false,
      "isSearchable" : true,
      "isSigned" : false,
      "isCurrency" : false,
      "columnDisplaySize" : 0,
      "baseType" : null
    },
    "comment" : "",
    "collation" : "",
    "defaultDefinition" : ""
  }, {
    "name" : "DECIMAL_100000_ARRAY_0_COL",
    "type" : {
      "name" : "DECIMAL(100000) ARRAY",
      "typeNumber" : 2003,
      "className" : "java.sql.Array",
      "precision" : 0,
      "scale" : 0,
      "isNullable" : true,
      "isAutoIncrement" : false,
      "numericPrecisionRadix" : 0,
      "isCaseSensitive" : false,
      "isSearchable" : true,
      "isSigned" : false,
      "isCurrency" : false,
      "columnDisplaySize" : 0,
      "baseType" : null
    },
    "comment" : "",
    "collation" : "",
    "defaultDefinition" : ""
  }, {
    "name" : "DECIMAL_100000_0_ARRAY_0_COL",
    "type" : {
      "name" : "DECIMAL(100000, 0) ARRAY",
      "typeNumber" : 2003,
      "className" : "java.sql.Array",
      "precision" : 0,
      "scale" : 0,
      "isNullable" : true,
      "isAutoIncrement" : false,
      "numericPrecisionRadix" : 0,
      "isCaseSensitive" : false,
      "isSearchable" : true,
      "isSigned" : false,
      "isCurrency" : false,
      "columnDisplaySize" : 0,
      "baseType" : null
    },
    "comment" : "",
    "collation" : "",
    "defaultDefinition" : ""
  }, {
    "name" : "DECIMAL_100000_100000_ARRAY_0_COL",
    "type" : {
      "name" : "DECIMAL(100000, 100000) ARRAY",
      "typeNumber" : 2003,
      "className" : "java.sql.Array",
      "precision" : 0,
      "scale" : 0,
      "isNullable" : true,
      "isAutoIncrement" : false,
      "numericPrecisionRadix" : 0,
      "isCaseSensitive" : false,
      "isSearchable" : true,
      "isSigned" : false,
      "isCurrency" : false,
      "columnDisplaySize" : 0,
      "baseType" : null
    },
    "comment" : "",
    "collation" : "",
    "defaultDefinition" : ""
  }, {
    "name" : "DECIMAL_ARRAY_65536_COL",
    "type" : {
      "name" : "DECIMAL ARRAY",
      "typeNumber" : 2003,
      "className" : "java.sql.Array",
      "precision" : 65536,
      "scale" : 0,
      "isNullable" : true,
      "isAutoIncrement" : false,
      "numericPrecisionRadix" : 0,
      "isCaseSensitive" : false,
      "isSearchable" : true,
      "isSigned" : false,
      "isCurrency" : false,
      "columnDisplaySize" : 0,
      "baseType" : null
    },
    "comment" : "",
    "collation" : "",
    "defaultDefinition" : ""
  }, {
    "name" : "DECIMAL_1_ARRAY_65536_COL",
    "type" : {
      "name" : "DECIMAL(1) ARRAY",
      "typeNumber" : 2003,
      "className" : "java.sql.Array",
      "precision" : 65536,
      "scale" : 0,
      "isNullable" : true,
      "isAutoIncrement" : false,
      "numericPrecisionRadix" : 0,
      "isCaseSensitive" : false,
      "isSearchable" : true,
      "isSigned" : false,
      "isCurrency" : false,
      "columnDisplaySize" : 0,
      "baseType" : null
    },
    "comment" : "",
    "collation" : "",
    "defaultDefinition" : ""
  }, {
    "name" : "DECIMAL_1_0_ARRAY_65536_COL",
    "type" : {
      "name" : "DECIMAL(1, 0) ARRAY",
      "typeNumber" : 2003,
      "className" : "java.sql.Array",
      "precision" : 65536,
      "scale" : 0,
      "isNullable" : true,
      "isAutoIncrement" : false,
      "numericPrecisionRadix" : 0,
      "isCaseSensitive" : false,
      "isSearchable" : true,
      "isSigned" : false,
      "isCurrency" : false,
      "columnDisplaySize" : 0,
      "baseType" : null
    },
    "comment" : "",
    "collation" : "",
    "defaultDefinition" : ""
  }, {
    "name" : "DECIMAL_100000_ARRAY_65536_COL",
    "type" : {
      "name" : "DECIMAL(100000) ARRAY",
      "typeNumber" : 2003,
      "className" : "java.sql.Array",
      "precision" : 65536,
      "scale" : 0,
      "isNullable" : true,
      "isAutoIncrement" : false,
      "numericPrecisionRadix" : 0,
      "isCaseSensitive" : false,
      "isSearchable" : true,
      "isSigned" : false,
      "isCurrency" : false,
      "columnDisplaySize" : 0,
      "baseType" : null
    },
    "comment" : "",
    "collation" : "",
    "defaultDefinition" : ""
  }, {
    "name" : "DECIMAL_100000_0_ARRAY_65536_COL",
    "type" : {
      "name" : "DECIMAL(100000, 0) ARRAY",
      "typeNumber" : 2003,
      "className" : "java.sql.Array",
      "precision" : 65536,
      "scale" : 0,
      "isNullable" : true,
      "isAutoIncrement" : false,
      "numericPrecisionRadix" : 0,
      "isCaseSensitive" : false,
      "isSearchable" : true,
      "isSigned" : false,
      "isCurrency" : false,
      "columnDisplaySize" : 0,
      "baseType" : null
    },
    "comment" : "",
    "collation" : "",
    "defaultDefinition" : ""
  }, {
    "name" : "DECIMAL_100000_100000_ARRAY_65536_COL",
    "type" : {
      "name" : "DECIMAL(100000, 100000) ARRAY",
      "typeNumber" : 2003,
      "className" : "java.sql.Array",
      "precision" : 65536,
      "scale" : 0,
      "isNullable" : true,
      "isAutoIncrement" : false,
      "numericPrecisionRadix" : 0,
      "isCaseSensitive" : false,
      "isSearchable" : true,
      "isSigned" : false,
      "isCurrency" : false,
      "columnDisplaySize" : 0,
      "baseType" : null
    },
    "comment" : "",
    "collation" : "",
    "defaultDefinition" : ""
  } ],
  "indexes" : [ ],
  "collation" : "",
  "primaryKey" : null,
  "bestRowIdentifier" : null
}