{
  "name" : "BINARY_DATA_TYPES",
  "catalogName" : "TEST",
  "schemaName" : "TEST",
  "typeName" : "BASE TABLE",
  "comment" : "",
  "columns" : [ {
    "name" : "BINARY_COL",
    "type" : {
      "name" : "BINARY",
      "typeNumber" : -2,
      "className" : "byte[]",
      "precision" : 1,
      "scale" : 0,
      "isNullable" : true,
      "isAutoIncrement" : false,
      "numericPrecisionRadix" : 0,
      "isCaseSensitive" : false,
      "isSearchable" : true,
      "isSigned" : false,
      "isCurrency" : false,
      "columnDisplaySize" : 2,
      "baseType" : null
    },
    "comment" : "",
    "collation" : "",
    "defaultDefinition" : ""
  }, {
    "name" : "BINARY_VARYING_COL",
    "type" : {
      "name" : "BINARY VARYING",
      "typeNumber" : -3,
      "className" : "byte[]",
      "precision" : 1000000000,
      "scale" : 0,
      "isNullable" : true,
      "isAutoIncrement" : false,
      "numericPrecisionRadix" : 0,
      "isCaseSensitive" : false,
      "isSearchable" : true,
      "isSigned" : false,
      "isCurrency" : false,
      "columnDisplaySize" : 2000000000,
      "baseType" : null
    },
    "comment" : "",
    "collation" : "",
    "defaultDefinition" : ""
  }, {
    "name" : "VARBINARY_COL",
    "type" : {
      "name" : "BINARY VARYING",
      "typeNumber" : -3,
      "className" : "byte[]",
      "precision" : 1000000000,
      "scale" : 0,
      "isNullable" : true,
      "isAutoIncrement" : false,
      "numericPrecisionRadix" : 0,
      "isCaseSensitive" : false,
      "isSearchable" : true,
      "isSigned" : false,
      "isCurrency" : false,
      "columnDisplaySize" : 2000000000,
      "baseType" : null
    },
    "comment" : "",
    "collation" : "",
    "defaultDefinition" : ""
  }, {
    "name" : "BINARY_1_COL",
    "type" : {
      "name" : "BINARY",
      "typeNumber" : -2,
      "className" : "byte[]",
      "precision" : 1,
      "scale" : 0,
      "isNullable" : true,
      "isAutoIncrement" : false,
      "numericPrecisionRadix" : 0,
      "isCaseSensitive" : false,
      "isSearchable" : true,
      "isSigned" : false,
      "isCurrency" : false,
      "columnDisplaySize" : 2,
      "baseType" : null
    },
    "comment" : "",
    "collation" : "",
    "defaultDefinition" : ""
  }, {
    "name" : "BINARY_VARYING_1_COL",
    "type" : {
      "name" : "BINARY VARYING",
      "typeNumber" : -3,
      "className" : "byte[]",
      "precision" : 1,
      "scale" : 0,
      "isNullable" : true,
      "isAutoIncrement" : false,
      "numericPrecisionRadix" : 0,
      "isCaseSensitive" : false,
      "isSearchable" : true,
      "isSigned" : false,
      "isCurrency" : false,
      "columnDisplaySize" : 2,
      "baseType" : null
    },
    "comment" : "",
    "collation" : "",
    "defaultDefinition" : ""
  }, {
    "name" : "VARBINARY_1_COL",
    "type" : {
      "name" : "BINARY VARYING",
      "typeNumber" : -3,
      "className" : "byte[]",
      "precision" : 1,
      "scale" : 0,
      "isNullable" : true,
      "isAutoIncrement" : false,
      "numericPrecisionRadix" : 0,
      "isCaseSensitive" : false,
      "isSearchable" : true,
      "isSigned" : false,
      "isCurrency" : false,
      "columnDisplaySize" : 2,
      "baseType" : null
    },
    "comment" : "",
    "collation" : "",
    "defaultDefinition" : ""
  }, {
    "name" : "BINARY_1000000000_COL",
    "type" : {
      "name" : "BINARY",
      "typeNumber" : -2,
      "className" : "byte[]",
      "precision" : 1000000000,
      "scale" : 0,
      "isNullable" : true,
      "isAutoIncrement" : false,
      "numericPrecisionRadix" : 0,
      "isCaseSensitive" : false,
      "isSearchable" : true,
      "isSigned" : false,
      "isCurrency" : false,
      "columnDisplaySize" : 2000000000,
      "baseType" : null
    },
    "comment" : "",
    "collation" : "",
    "defaultDefinition" : ""
  }, {
    "name" : "BINARY_VARYING_1000000000_COL",
    "type" : {
      "name" : "BINARY VARYING",
      "typeNumber" : -3,
      "className" : "byte[]",
      "precision" : 1000000000,
      "scale" : 0,
      "isNullable" : true,
      "isAutoIncrement" : false,
      "numericPrecisionRadix" : 0,
      "isCaseSensitive" : false,
      "isSearchable" : true,
      "isSigned" : false,
      "isCurrency" : false,
      "columnDisplaySize" : 2000000000,
      "baseType" : null
    },
    "comment" : "",
    "collation" : "",
    "defaultDefinition" : ""
  }, {
    "name" : "VARBINARY_1000000000_COL",
    "type" : {
      "name" : "BINARY VARYING",
      "typeNumber" : -3,
      "className" : "byte[]",
      "precision" : 1000000000,
      "scale" : 0,
      "isNullable" : true,
      "isAutoIncrement" : false,
      "numericPrecisionRadix" : 0,
      "isCaseSensitive" : false,
      "isSearchable" : true,
      "isSigned" : false,
      "isCurrency" : false,
      "columnDisplaySize" : 2000000000,
      "baseType" : null
    },
    "comment" : "",
    "collation" : "",
    "defaultDefinition" : ""
  }, {
    "name" : "BLOB_COL",
    "type" : {
      "name" : "BINARY LARGE OBJECT",
      "typeNumber" : 2004,
      "className" : "java.sql.Blob",
      "precision" : 2147483647,
      "scale" : 0,
      "isNullable" : true,
      "isAutoIncrement" : false,
      "numericPrecisionRadix" : 0,
      "isCaseSensitive" : false,
      "isSearchable" : false,
      "isSigned" : false,
      "isCurrency" : false,
      "columnDisplaySize" : 2147483647,
      "baseType" : null
    },
    "comment" : "",
    "collation" : "",
    "defaultDefinition" : ""
  }, {
    "name" : "BINARY_LARGE_OBJECT_COL",
    "type" : {
      "name" : "BINARY LARGE OBJECT",
      "typeNumber" : 2004,
      "className" : "java.sql.Blob",
      "precision" : 2147483647,
      "scale" : 0,
      "isNullable" : true,
      "isAutoIncrement" : false,
      "numericPrecisionRadix" : 0,
      "isCaseSensitive" : false,
      "isSearchable" : false,
      "isSigned" : false,
      "isCurrency" : false,
      "columnDisplaySize" : 2147483647,
      "baseType" : null
    },
    "comment" : "",
    "collation" : "",
    "defaultDefinition" : ""
  }, {
    "name" : "BLOB_1_COL",
    "type" : {
      "name" : "BINARY LARGE OBJECT",
      "typeNumber" : 2004,
      "className" : "java.sql.Blob",
      "precision" : 1,
      "scale" : 0,
      "isNullable" : true,
      "isAutoIncrement" : false,
      "numericPrecisionRadix" : 0,
      "isCaseSensitive" : false,
      "isSearchable" : false,
      "isSigned" : false,
      "isCurrency" : false,
      "columnDisplaySize" : 2,
      "baseType" : null
    },
    "comment" : "",
    "collation" : "",
    "defaultDefinition" : ""
  }, {
    "name" : "BINARY_LARGE_OBJECT_1_COL",
    "type" : {
      "name" : "BINARY LARGE OBJECT",
      "typeNumber" : 2004,
      "className" : "java.sql.Blob",
      "precision" : 1,
      "scale" : 0,
      "isNullable" : true,
      "isAutoIncrement" : false,
      "numericPrecisionRadix" : 0,
      "isCaseSensitive" : false,
      "isSearchable" : false,
      "isSigned" : false,
      "isCurrency" : false,
      "columnDisplaySize" : 2,
      "baseType" : null
    },
    "comment" : "",
    "collation" : "",
    "defaultDefinition" : ""
  }, {
    "name" : "BLOB_1K_COL",
    "type" : {
      "name" : "BINARY LARGE OBJECT",
      "typeNumber" : 2004,
      "className" : "java.sql.Blob",
      "precision" : 1024,
      "scale" : 0,
      "isNullable" : true,
      "isAutoIncrement" : false,
      "numericPrecisionRadix" : 0,
      "isCaseSensitive" : false,
      "isSearchable" : false,
      "isSigned" : false,
      "isCurrency" : false,
      "columnDisplaySize" : 2048,
      "baseType" : null
    },
    "comment" : "",
    "collation" : "",
    "defaultDefinition" : ""
  }, {
    "name" : "BINARY_LARGE_OBJECT_1K_COL",
    "type" : {
      "name" : "BINARY LARGE OBJECT",
      "typeNumber" : 2004,
      "className" : "java.sql.Blob",
      "precision" : 1024,
      "scale" : 0,
      "isNullable" : true,
      "isAutoIncrement" : false,
      "numericPrecisionRadix" : 0,
      "isCaseSensitive" : false,
      "isSearchable" : false,
      "isSigned" : false,
      "isCurrency" : false,
      "columnDisplaySize" : 2048,
      "baseType" : null
    },
    "comment" : "",
    "collation" : "",
    "defaultDefinition" : ""
  }, {
    "name" : "BLOB_9223372036854775807_COL",
    "type" : {
      "name" : "BINARY LARGE OBJECT",
      "typeNumber" : 2004,
      "className" : "java.sql.Blob",
      "precision" : 2147483647,
      "scale" : 0,
      "isNullable" : true,
      "isAutoIncrement" : false,
      "numericPrecisionRadix" : 0,
      "isCaseSensitive" : false,
      "isSearchable" : false,
      "isSigned" : false,
      "isCurrency" : false,
      "columnDisplaySize" : 2147483647,
      "baseType" : null
    },
    "comment" : "",
    "collation" : "",
    "defaultDefinition" : ""
  }, {
    "name" : "BINARY_LARGE_OBJECT_9223372036854775807_COL",
    "type" : {
      "name" : "BINARY LARGE OBJECT",
      "typeNumber" : 2004,
      "className" : "java.sql.Blob",
      "precision" : 2147483647,
      "scale" : 0,
      "isNullable" : true,
      "isAutoIncrement" : false,
      "numericPrecisionRadix" : 0,
      "isCaseSensitive" : false,
      "isSearchable" : false,
      "isSigned" : false,
      "isCurrency" : false,
      "columnDisplaySize" : 2147483647,
      "baseType" : null
    },
    "comment" : "",
    "collation" : "",
    "defaultDefinition" : ""
  } ],
  "indexes" : [ ],
  "collation" : "",
  "primaryKey" : null,
  "bestRowIdentifier" : null
}