{
  "name" : "CHAR_DATA_TYPES",
  "catalogName" : "TEST",
  "schemaName" : "TEST",
  "typeName" : "BASE TABLE",
  "comment" : "",
  "columns" : [ {
    "name" : "CHAR_COL",
    "type" : {
      "name" : "CHARACTER",
      "typeNumber" : 1,
      "className" : "java.lang.String",
      "precision" : 1,
      "scale" : 0,
      "isNullable" : true,
      "isAutoIncrement" : false,
      "numericPrecisionRadix" : 0,
      "isCaseSensitive" : false,
      "isSearchable" : true,
      "isSigned" : false,
      "isCurrency" : false,
      "columnDisplaySize" : 1,
      "baseType" : null
    },
    "comment" : "",
    "collation" : "",
    "defaultDefinition" : ""
  }, {
    "name" : "CHAR_VARYING_COL",
    "type" : {
      "name" : "CHARACTER VARYING",
      "typeNumber" : 12,
      "className" : "java.lang.String",
      "precision" : 1000000000,
      "scale" : 0,
      "isNullable" : true,
      "isAutoIncrement" : false,
      "numericPrecisionRadix" : 0,
      "isCaseSensitive" : false,
      "isSearchable" : true,
      "isSigned" : false,
      "isCurrency" : false,
      "columnDisplaySize" : 1000000000,
      "baseType" : null
    },
    "comment" : "",
    "collation" : "",
    "defaultDefinition" : ""
  }, {
    "name" : "CHARACTER_COL",
    "type" : {
      "name" : "CHARACTER",
      "typeNumber" : 1,
      "className" : "java.lang.String",
      "precision" : 1,
      "scale" : 0,
      "isNullable" : true,
      "isAutoIncrement" : false,
      "numericPrecisionRadix" : 0,
      "isCaseSensitive" : false,
      "isSearchable" : true,
      "isSigned" : false,
      "isCurrency" : false,
      "columnDisplaySize" : 1,
      "baseType" : null
    },
    "comment" : "",
    "collation" : "",
    "defaultDefinition" : ""
  }, {
    "name" : "CHARACTER_VARYING_COL",
    "type" : {
      "name" : "CHARACTER VARYING",
      "typeNumber" : 12,
      "className" : "java.lang.String",
      "precision" : 1000000000,
      "scale" : 0,
      "isNullable" : true,
      "isAutoIncrement" : false,
      "numericPrecisionRadix" : 0,
      "isCaseSensitive" : false,
      "isSearchable" : true,
      "isSigned" : false,
      "isCurrency" : false,
      "columnDisplaySize" : 1000000000,
      "baseType" : null
    },
    "comment" : "",
    "collation" : "",
    "defaultDefinition" : ""
  }, {
    "name" : "VARCHAR_COL",
    "type" : {
      "name" : "CHARACTER VARYING",
      "typeNumber" : 12,
      "className" : "java.lang.String",
      "precision" : 1000000000,
      "scale" : 0,
      "isNullable" : true,
      "isAutoIncrement" : false,
      "numericPrecisionRadix" : 0,
      "isCaseSensitive" : false,
      "isSearchable" : true,
      "isSigned" : false,
      "isCurrency" : false,
      "columnDisplaySize" : 1000000000,
      "baseType" : null
    },
    "comment" : "",
    "collation" : "",
    "defaultDefinition" : ""
  }, {
    "name" : "VARCHAR_CASESENSITIVE_COL",
    "type" : {
      "name" : "CHARACTER VARYING",
      "typeNumber" : 12,
      "className" : "java.lang.String",
      "precision" : 1000000000,
      "scale" : 0,
      "isNullable" : true,
      "isAutoIncrement" : false,
      "numericPrecisionRadix" : 0,
      "isCaseSensitive" : false,
      "isSearchable" : true,
      "isSigned" : false,
      "isCurrency" : false,
      "columnDisplaySize" : 1000000000,
      "baseType" : null
    },
    "comment" : "",
    "collation" : "",
    "defaultDefinition" : ""
  }, {
    "name" : "VARCHAR_IGNORECASE_COL",
    "type" : {
      "name" : "VARCHAR_IGNORECASE",
      "typeNumber" : 12,
      "className" : "java.lang.String",
      "precision" : 1000000000,
      "scale" : 0,
      "isNullable" : true,
      "isAutoIncrement" : false,
      "numericPrecisionRadix" : 0,
      "isCaseSensitive" : false,
      "isSearchable" : true,
      "isSigned" : false,
      "isCurrency" : false,
      "columnDisplaySize" : 1000000000,
      "baseType" : null
    },
    "comment" : "",
    "collation" : "",
    "defaultDefinition" : ""
  }, {
    "name" : "NCHAR_COL",
    "type" : {
      "name" : "CHARACTER",
      "typeNumber" : 1,
      "className" : "java.lang.String",
      "precision" : 1,
      "scale" : 0,
      "isNullable" : true,
      "isAutoIncrement" : false,
      "numericPrecisionRadix" : 0,
      "isCaseSensitive" : false,
      "isSearchable" : true,
      "isSigned" : false,
      "isCurrency" : false,
      "columnDisplaySize" : 1,
      "baseType" : null
    },
    "comment" : "",
    "collation" : "",
    "defaultDefinition" : ""
  }, {
    "name" : "NCHAR_VARYING_COL",
    "type" : {
      "name" : "CHARACTER VARYING",
      "typeNumber" : 12,
      "className" : "java.lang.String",
      "precision" : 1000000000,
      "scale" : 0,
      "isNullable" : true,
      "isAutoIncrement" : false,
      "numericPrecisionRadix" : 0,
      "isCaseSensitive" : false,
      "isSearchable" : true,
      "isSigned" : false,
      "isCurrency" : false,
      "columnDisplaySize" : 1000000000,
      "baseType" : null
    },
    "comment" : "",
    "collation" : "",
    "defaultDefinition" : ""
  }, {
    "name" : "NATIONAL_CHAR_VARYING_COL",
    "type" : {
      "name" : "CHARACTER VARYING",
      "typeNumber" : 12,
      "className" : "java.lang.String",
      "precision" : 1000000000,
      "scale" : 0,
      "isNullable" : true,
      "isAutoIncrement" : false,
      "numericPrecisionRadix" : 0,
      "isCaseSensitive" : false,
      "isSearchable" : true,
      "isSigned" : false,
      "isCurrency" : false,
      "columnDisplaySize" : 1000000000,
      "baseType" : null
    },
    "comment" : "",
    "collation" : "",
    "defaultDefinition" : ""
  }, {
    "name" : "NATIONAL_CHARACTER_VARYING_COL",
    "type" : {
      "name" : "CHARACTER VARYING",
      "typeNumber" : 12,
      "className" : "java.lang.String",
      "precision" : 1000000000,
      "scale" : 0,
      "isNullable" : true,
      "isAutoIncrement" : false,
      "numericPrecisionRadix" : 0,
      "isCaseSensitive" : false,
      "isSearchable" : true,
      "isSigned" : false,
      "isCurrency" : false,
      "columnDisplaySize" : 1000000000,
      "baseType" : null
    },
    "comment" : "",
    "collation" : "",
    "defaultDefinition" : ""
  }, {
    "name" : "CHAR_1_COL",
    "type" : {
      "name" : "CHARACTER",
      "typeNumber" : 1,
      "className" : "java.lang.String",
      "precision" : 1,
      "scale" : 0,
      "isNullable" : true,
      "isAutoIncrement" : false,
      "numericPrecisionRadix" : 0,
      "isCaseSensitive" : false,
      "isSearchable" : true,
      "isSigned" : false,
      "isCurrency" : false,
      "columnDisplaySize" : 1,
      "baseType" : null
    },
    "comment" : "",
    "collation" : "",
    "defaultDefinition" : ""
  }, {
    "name" : "CHAR_VARYING_1_COL",
    "type" : {
      "name" : "CHARACTER VARYING",
      "typeNumber" : 12,
      "className" : "java.lang.String",
      "precision" : 1,
      "scale" : 0,
      "isNullable" : true,
      "isAutoIncrement" : false,
      "numericPrecisionRadix" : 0,
      "isCaseSensitive" : false,
      "isSearchable" : true,
      "isSigned" : false,
      "isCurrency" : false,
      "columnDisplaySize" : 1,
      "baseType" : null
    },
    "comment" : "",
    "collation" : "",
    "defaultDefinition" : ""
  }, {
    "name" : "CHARACTER_1_COL",
    "type" : {
      "name" : "CHARACTER",
      "typeNumber" : 1,
      "className" : "java.lang.String",
      "precision" : 1,
      "scale" : 0,
      "isNullable" : true,
      "isAutoIncrement" : false,
      "numericPrecisionRadix" : 0,
      "isCaseSensitive" : false,
      "isSearchable" : true,
      "isSigned" : false,
      "isCurrency" : false,
      "columnDisplaySize" : 1,
      "baseType" : null
    },
    "comment" : "",
    "collation" : "",
    "defaultDefinition" : ""
  }, {
    "name" : "CHARACTER_VARYING_1_COL",
    "type" : {
      "name" : "CHARACTER VARYING",
      "typeNumber" : 12,
      "className" : "java.lang.String",
      "precision" : 1,
      "scale" : 0,
      "isNullable" : true,
      "isAutoIncrement" : false,
      "numericPrecisionRadix" : 0,
      "isCaseSensitive" : false,
      "isSearchable" : true,
      "isSigned" : false,
      "isCurrency" : false,
      "columnDisplaySize" : 1,
      "baseType" : null
    },
    "comment" : "",
    "collation" : "",
    "defaultDefinition" : ""
  }, {
    "name" : "VARCHAR_1_COL",
    "type" : {
      "name" : "CHARACTER VARYING",
      "typeNumber" : 12,
      "className" : "java.lang.String",
      "precision" : 1,
      "scale" : 0,
      "isNullable" : true,
      "isAutoIncrement" : false,
      "numericPrecisionRadix" : 0,
      "isCaseSensitive" : false,
      "isSearchable" : true,
      "isSigned" : false,
      "isCurrency" : false,
      "columnDisplaySize" : 1,
      "baseType" : null
    },
    "comment" : "",
    "collation" : "",
    "defaultDefinition" : ""
  }, {
    "name" : "VARCHAR_CASESENSITIVE_1_COL",
    "type" : {
      "name" : "CHARACTER VARYING",
      "typeNumber" : 12,
      "className" : "java.lang.String",
      "precision" : 1,
      "scale" : 0,
      "isNullable" : true,
      "isAutoIncrement" : false,
      "numericPrecisionRadix" : 0,
      "isCaseSensitive" : false,
      "isSearchable" : true,
      "isSigned" : false,
      "isCurrency" : false,
      "columnDisplaySize" : 1,
      "baseType" : null
    },
    "comment" : "",
    "collation" : "",
    "defaultDefinition" : ""
  }, {
    "name" : "VARCHAR_IGNORECASE_1_COL",
    "type" : {
      "name" : "VARCHAR_IGNORECASE",
      "typeNumber" : 12,
      "className" : "java.lang.String",
      "precision" : 1,
      "scale" : 0,
      "isNullable" : true,
      "isAutoIncrement" : false,
      "numericPrecisionRadix" : 0,
      "isCaseSensitive" : false,
      "isSearchable" : true,
      "isSigned" : false,
      "isCurrency" : false,
      "columnDisplaySize" : 1,
      "baseType" : null
    },
    "comment" : "",
    "collation" : "",
    "defaultDefinition" : ""
  }, {
    "name" : "NCHAR_1_COL",
    "type" : {
      "name" : "CHARACTER",
      "typeNumber" : 1,
      "className" : "java.lang.String",
      "precision" : 1,
      "scale" : 0,
      "isNullable" : true,
      "isAutoIncrement" : false,
      "numericPrecisionRadix" : 0,
      "isCaseSensitive" : false,
      "isSearchable" : true,
      "isSigned" : false,
      "isCurrency" : false,
      "columnDisplaySize" : 1,
      "baseType" : null
    },
    "comment" : "",
    "collation" : "",
    "defaultDefinition" : ""
  }, {
    "name" : "NCHAR_VARYING_1_COL",
    "type" : {
      "name" : "CHARACTER VARYING",
      "typeNumber" : 12,
      "className" : "java.lang.String",
      "precision" : 1,
      "scale" : 0,
      "isNullable" : true,
      "isAutoIncrement" : false,
      "numericPrecisionRadix" : 0,
      "isCaseSensitive" : false,
      "isSearchable" : true,
      "isSigned" : false,
      "isCurrency" : false,
      "columnDisplaySize" : 1,
      "baseType" : null
    },
    "comment" : "",
    "collation" : "",
    "defaultDefinition" : ""
  }, {
    "name" : "NATIONAL_CHAR_VARYING_1_COL",
    "type" : {
      "name" : "CHARACTER VARYING",
      "typeNumber" : 12,
      "className" : "java.lang.String",
      "precision" : 1,
      "scale" : 0,
      "isNullable" : true,
      "isAutoIncrement" : false,
      "numericPrecisionRadix" : 0,
      "isCaseSensitive" : false,
      "isSearchable" : true,
      "isSigned" : false,
      "isCurrency" : false,
      "columnDisplaySize" : 1,
      "baseType" : null
    },
    "comment" : "",
    "collation" : "",
    "defaultDefinition" : ""
  }, {
    "name" : "NATIONAL_CHARACTER_VARYING_1_COL",
    "type" : {
      "name" : "CHARACTER VARYING",
      "typeNumber" : 12,
      "className" : "java.lang.String",
      "precision" : 1,
      "scale" : 0,
      "isNullable" : true,
      "isAutoIncrement" : false,
      "numericPrecisionRadix" : 0,
      "isCaseSensitive" : false,
      "isSearchable" : true,
      "isSigned" : false,
      "isCurrency" : false,
      "columnDisplaySize" : 1,
      "baseType" : null
    },
    "comment" : "",
    "collation" : "",
    "defaultDefinition" : ""
  }, {
    "name" : "CHAR_1000000000_COL",
    "type" : {
      "name" : "CHARACTER",
      "typeNumber" : 1,
      "className" : "java.lang.String",
      "precision" : 1000000000,
      "scale" : 0,
      "isNullable" : true,
      "isAutoIncrement" : false,
      "numericPrecisionRadix" : 0,
      "isCaseSensitive" : false,
      "isSearchable" : true,
      "isSigned" : false,
      "isCurrency" : false,
      "columnDisplaySize" : 1000000000,
      "baseType" : null
    },
    "comment" : "",
    "collation" : "",
    "defaultDefinition" : ""
  }, {
    "name" : "CHAR_VARYING_1000000000_COL",
    "type" : {
      "name" : "CHARACTER VARYING",
      "typeNumber" : 12,
      "className" : "java.lang.String",
      "precision" : 1000000000,
      "scale" : 0,
      "isNullable" : true,
      "isAutoIncrement" : false,
      "numericPrecisionRadix" : 0,
      "isCaseSensitive" : false,
      "isSearchable" : true,
      "isSigned" : false,
      "isCurrency" : false,
      "columnDisplaySize" : 1000000000,
      "baseType" : null
    },
    "comment" : "",
    "collation" : "",
    "defaultDefinition" : ""
  }, {
    "name" : "CHARACTER_1000000000_COL",
    "type" : {
      "name" : "CHARACTER",
      "typeNumber" : 1,
      "className" : "java.lang.String",
      "precision" : 1000000000,
      "scale" : 0,
      "isNullable" : true,
      "isAutoIncrement" : false,
      "numericPrecisionRadix" : 0,
      "isCaseSensitive" : false,
      "isSearchable" : true,
      "isSigned" : false,
      "isCurrency" : false,
      "columnDisplaySize" : 1000000000,
      "baseType" : null
    },
    "comment" : "",
    "collation" : "",
    "defaultDefinition" : ""
  }, {
    "name" : "CHARACTER_VARYING_1000000000_COL",
    "type" : {
      "name" : "CHARACTER VARYING",
      "typeNumber" : 12,
      "className" : "java.lang.String",
      "precision" : 1000000000,
      "scale" : 0,
      "isNullable" : true,
      "isAutoIncrement" : false,
      "numericPrecisionRadix" : 0,
      "isCaseSensitive" : false,
      "isSearchable" : true,
      "isSigned" : false,
      "isCurrency" : false,
      "columnDisplaySize" : 1000000000,
      "baseType" : null
    },
    "comment" : "",
    "collation" : "",
    "defaultDefinition" : ""
  }, {
    "name" : "VARCHAR_1000000000_COL",
    "type" : {
      "name" : "CHARACTER VARYING",
      "typeNumber" : 12,
      "className" : "java.lang.String",
      "precision" : 1000000000,
      "scale" : 0,
      "isNullable" : true,
      "isAutoIncrement" : false,
      "numericPrecisionRadix" : 0,
      "isCaseSensitive" : false,
      "isSearchable" : true,
      "isSigned" : false,
      "isCurrency" : false,
      "columnDisplaySize" : 1000000000,
      "baseType" : null
    },
    "comment" : "",
    "collation" : "",
    "defaultDefinition" : ""
  }, {
    "name" : "VARCHAR_CASESENSITIVE_1000000000_COL",
    "type" : {
      "name" : "CHARACTER VARYING",
      "typeNumber" : 12,
      "className" : "java.lang.String",
      "precision" : 1000000000,
      "scale" : 0,
      "isNullable" : true,
      "isAutoIncrement" : false,
      "numericPrecisionRadix" : 0,
      "isCaseSensitive" : false,
      "isSearchable" : true,
      "isSigned" : false,
      "isCurrency" : false,
      "columnDisplaySize" : 1000000000,
      "baseType" : null
    },
    "comment" : "",
    "collation" : "",
    "defaultDefinition" : ""
  }, {
    "name" : "VARCHAR_IGNORECASE_1000000000_COL",
    "type" : {
      "name" : "VARCHAR_IGNORECASE",
      "typeNumber" : 12,
      "className" : "java.lang.String",
      "precision" : 1000000000,
      "scale" : 0,
      "isNullable" : true,
      "isAutoIncrement" : false,
      "numericPrecisionRadix" : 0,
      "isCaseSensitive" : false,
      "isSearchable" : true,
      "isSigned" : false,
      "isCurrency" : false,
      "columnDisplaySize" : 1000000000,
      "baseType" : null
    },
    "comment" : "",
    "collation" : "",
    "defaultDefinition" : ""
  }, {
    "name" : "NCHAR_1000000000_COL",
    "type" : {
      "name" : "CHARACTER",
      "typeNumber" : 1,
      "className" : "java.lang.String",
      "precision" : 1000000000,
      "scale" : 0,
      "isNullable" : true,
      "isAutoIncrement" : false,
      "numericPrecisionRadix" : 0,
      "isCaseSensitive" : false,
      "isSearchable" : true,
      "isSigned" : false,
      "isCurrency" : false,
      "columnDisplaySize" : 1000000000,
      "baseType" : null
    },
    "comment" : "",
    "collation" : "",
    "defaultDefinition" : ""
  }, {
    "name" : "NCHAR_VARYING_1000000000_COL",
    "type" : {
      "name" : "CHARACTER VARYING",
      "typeNumber" : 12,
      "className" : "java.lang.String",
      "precision" : 1000000000,
      "scale" : 0,
      "isNullable" : true,
      "isAutoIncrement" : false,
      "numericPrecisionRadix" : 0,
      "isCaseSensitive" : false,
      "isSearchable" : true,
      "isSigned" : false,
      "isCurrency" : false,
      "columnDisplaySize" : 1000000000,
      "baseType" : null
    },
    "comment" : "",
    "collation" : "",
    "defaultDefinition" : ""
  }, {
    "name" : "NATIONAL_CHAR_VARYING_1000000000_COL",
    "type" : {
      "name" : "CHARACTER VARYING",
      "typeNumber" : 12,
      "className" : "java.lang.String",
      "precision" : 1000000000,
      "scale" : 0,
      "isNullable" : true,
      "isAutoIncrement" : false,
      "numericPrecisionRadix" : 0,
      "isCaseSensitive" : false,
      "isSearchable" : true,
      "isSigned" : false,
      "isCurrency" : false,
      "columnDisplaySize" : 1000000000,
      "baseType" : null
    },
    "comment" : "",
    "collation" : "",
    "defaultDefinition" : ""
  }, {
    "name" : "NATIONAL_CHARACTER_VARYING_1000000000_COL",
    "type" : {
      "name" : "CHARACTER VARYING",
      "typeNumber" : 12,
      "className" : "java.lang.String",
      "precision" : 1000000000,
      "scale" : 0,
      "isNullable" : true,
      "isAutoIncrement" : false,
      "numericPrecisionRadix" : 0,
      "isCaseSensitive" : false,
      "isSearchable" : true,
      "isSigned" : false,
      "isCurrency" : false,
      "columnDisplaySize" : 1000000000,
      "baseType" : null
    },
    "comment" : "",
    "collation" : "",
    "defaultDefinition" : ""
  }, {
    "name" : "CLOB_COL",
    "type" : {
      "name" : "CHARACTER LARGE OBJECT",
      "typeNumber" : 2005,
      "className" : "java.sql.Clob",
      "precision" : 2147483647,
      "scale" : 0,
      "isNullable" : true,
      "isAutoIncrement" : false,
      "numericPrecisionRadix" : 0,
      "isCaseSensitive" : false,
      "isSearchable" : false,
      "isSigned" : false,
      "isCurrency" : false,
      "columnDisplaySize" : 2147483647,
      "baseType" : null
    },
    "comment" : "",
    "collation" : "",
    "defaultDefinition" : ""
  }, {
    "name" : "CHAR_LARGE_OBJECT_COL",
    "type" : {
      "name" : "CHARACTER LARGE OBJECT",
      "typeNumber" : 2005,
      "className" : "java.sql.Clob",
      "precision" : 2147483647,
      "scale" : 0,
      "isNullable" : true,
      "isAutoIncrement" : false,
      "numericPrecisionRadix" : 0,
      "isCaseSensitive" : false,
      "isSearchable" : false,
      "isSigned" : false,
      "isCurrency" : false,
      "columnDisplaySize" : 2147483647,
      "baseType" : null
    },
    "comment" : "",
    "collation" : "",
    "defaultDefinition" : ""
  }, {
    "name" : "CHARACTER_LARGE_OBJECT_COL",
    "type" : {
      "name" : "CHARACTER LARGE OBJECT",
      "typeNumber" : 2005,
      "className" : "java.sql.Clob",
      "precision" : 2147483647,
      "scale" : 0,
      "isNullable" : true,
      "isAutoIncrement" : false,
      "numericPrecisionRadix" : 0,
      "isCaseSensitive" : false,
      "isSearchable" : false,
      "isSigned" : false,
      "isCurrency" : false,
      "columnDisplaySize" : 2147483647,
      "baseType" : null
    },
    "comment" : "",
    "collation" : "",
    "defaultDefinition" : ""
  }, {
    "name" : "NATIONAL_CHARACTER_LARGE_OBJECT_COL",
    "type" : {
      "name" : "CHARACTER LARGE OBJECT",
      "typeNumber" : 2005,
      "className" : "java.sql.Clob",
      "precision" : 2147483647,
      "scale" : 0,
      "isNullable" : true,
      "isAutoIncrement" : false,
      "numericPrecisionRadix" : 0,
      "isCaseSensitive" : false,
      "isSearchable" : false,
      "isSigned" : false,
      "isCurrency" : false,
      "columnDisplaySize" : 2147483647,
      "baseType" : null
    },
    "comment" : "",
    "collation" : "",
    "defaultDefinition" : ""
  }, {
    "name" : "NCLOB_COL",
    "type" : {
      "name" : "CHARACTER LARGE OBJECT",
      "typeNumber" : 2005,
      "className" : "java.sql.Clob",
      "precision" : 2147483647,
      "scale" : 0,
      "isNullable" : true,
      "isAutoIncrement" : false,
      "numericPrecisionRadix" : 0,
      "isCaseSensitive" : false,
      "isSearchable" : false,
      "isSigned" : false,
      "isCurrency" : false,
      "columnDisplaySize" : 2147483647,
      "baseType" : null
    },
    "comment" : "",
    "collation" : "",
    "defaultDefinition" : ""
  }, {
    "name" : "CLOB_1_COL",
    "type" : {
      "name" : "CHARACTER LARGE OBJECT",
      "typeNumber" : 2005,
      "className" : "java.sql.Clob",
      "precision" : 1,
      "scale" : 0,
      "isNullable" : true,
      "isAutoIncrement" : false,
      "numericPrecisionRadix" : 0,
      "isCaseSensitive" : false,
      "isSearchable" : false,
      "isSigned" : false,
      "isCurrency" : false,
      "columnDisplaySize" : 1,
      "baseType" : null
    },
    "comment" : "",
    "collation" : "",
    "defaultDefinition" : ""
  }, {
    "name" : "CHAR_LARGE_OBJECT_1_COL",
    "type" : {
      "name" : "CHARACTER LARGE OBJECT",
      "typeNumber" : 2005,
      "className" : "java.sql.Clob",
      "precision" : 1,
      "scale" : 0,
      "isNullable" : true,
      "isAutoIncrement" : false,
      "numericPrecisionRadix" : 0,
      "isCaseSensitive" : false,
      "isSearchable" : false,
      "isSigned" : false,
      "isCurrency" : false,
      "columnDisplaySize" : 1,
      "baseType" : null
    },
    "comment" : "",
    "collation" : "",
    "defaultDefinition" : ""
  }, {
    "name" : "CHARACTER_LARGE_OBJECT_1_COL",
    "type" : {
      "name" : "CHARACTER LARGE OBJECT",
      "typeNumber" : 2005,
      "className" : "java.sql.Clob",
      "precision" : 1,
      "scale" : 0,
      "isNullable" : true,
      "isAutoIncrement" : false,
      "numericPrecisionRadix" : 0,
      "isCaseSensitive" : false,
      "isSearchable" : false,
      "isSigned" : false,
      "isCurrency" : false,
      "columnDisplaySize" : 1,
      "baseType" : null
    },
    "comment" : "",
    "collation" : "",
    "defaultDefinition" : ""
  }, {
    "name" : "NATIONAL_CHARACTER_LARGE_OBJECT_1_COL",
    "type" : {
      "name" : "CHARACTER LARGE OBJECT",
      "typeNumber" : 2005,
      "className" : "java.sql.Clob",
      "precision" : 1,
      "scale" : 0,
      "isNullable" : true,
      "isAutoIncrement" : false,
      "numericPrecisionRadix" : 0,
      "isCaseSensitive" : false,
      "isSearchable" : false,
      "isSigned" : false,
      "isCurrency" : false,
      "columnDisplaySize" : 1,
      "baseType" : null
    },
    "comment" : "",
    "collation" : "",
    "defaultDefinition" : ""
  }, {
    "name" : "NCLOB_1_COL",
    "type" : {
      "name" : "CHARACTER LARGE OBJECT",
      "typeNumber" : 2005,
      "className" : "java.sql.Clob",
      "precision" : 1,
      "scale" : 0,
      "isNullable" : true,
      "isAutoIncrement" : false,
      "numericPrecisionRadix" : 0,
      "isCaseSensitive" : false,
      "isSearchable" : false,
      "isSigned" : false,
      "isCurrency" : false,
      "columnDisplaySize" : 1,
      "baseType" : null
    },
    "comment" : "",
    "collation" : "",
    "defaultDefinition" : ""
  }, {
    "name" : "CLOB_9223372036854775807_COL",
    "type" : {
      "name" : "CHARACTER LARGE OBJECT",
      "typeNumber" : 2005,
      "className" : "java.sql.Clob",
      "precision" : 2147483647,
      "scale" : 0,
      "isNullable" : true,
      "isAutoIncrement" : false,
      "numericPrecisionRadix" : 0,
      "isCaseSensitive" : false,
      "isSearchable" : false,
      "isSigned" : false,
      "isCurrency" : false,
      "columnDisplaySize" : 2147483647,
      "baseType" : null
    },
    "comment" : "",
    "collation" : "",
    "defaultDefinition" : ""
  }, {
    "name" : "CHAR_LARGE_OBJECT_9223372036854775807_COL",
    "type" : {
      "name" : "CHARACTER LARGE OBJECT",
      "typeNumber" : 2005,
      "className" : "java.sql.Clob",
      "precision" : 2147483647,
      "scale" : 0,
      "isNullable" : true,
      "isAutoIncrement" : false,
      "numericPrecisionRadix" : 0,
      "isCaseSensitive" : false,
      "isSearchable" : false,
      "isSigned" : false,
      "isCurrency" : false,
      "columnDisplaySize" : 2147483647,
      "baseType" : null
    },
    "comment" : "",
    "collation" : "",
    "defaultDefinition" : ""
  }, {
    "name" : "CHARACTER_LARGE_OBJECT_9223372036854775807_COL",
    "type" : {
      "name" : "CHARACTER LARGE OBJECT",
      "typeNumber" : 2005,
      "className" : "java.sql.Clob",
      "precision" : 2147483647,
      "scale" : 0,
      "isNullable" : true,
      "isAutoIncrement" : false,
      "numericPrecisionRadix" : 0,
      "isCaseSensitive" : false,
      "isSearchable" : false,
      "isSigned" : false,
      "isCurrency" : false,
      "columnDisplaySize" : 2147483647,
      "baseType" : null
    },
    "comment" : "",
    "collation" : "",
    "defaultDefinition" : ""
  }, {
    "name" : "NATIONAL_CHARACTER_LARGE_OBJECT_9223372036854775807_COL",
    "type" : {
      "name" : "CHARACTER LARGE OBJECT",
      "typeNumber" : 2005,
      "className" : "java.sql.Clob",
      "precision" : 2147483647,
      "scale" : 0,
      "isNullable" : true,
      "isAutoIncrement" : false,
      "numericPrecisionRadix" : 0,
      "isCaseSensitive" : false,
      "isSearchable" : false,
      "isSigned" : false,
      "isCurrency" : false,
      "columnDisplaySize" : 2147483647,
      "baseType" : null
    },
    "comment" : "",
    "collation" : "",
    "defaultDefinition" : ""
  }, {
    "name" : "NCLOB_9223372036854775807_COL",
    "type" : {
      "name" : "CHARACTER LARGE OBJECT",
      "typeNumber" : 2005,
      "className" : "java.sql.Clob",
      "precision" : 2147483647,
      "scale" : 0,
      "isNullable" : true,
      "isAutoIncrement" : false,
      "numericPrecisionRadix" : 0,
      "isCaseSensitive" : false,
      "isSearchable" : false,
      "isSigned" : false,
      "isCurrency" : false,
      "columnDisplaySize" : 2147483647,
      "baseType" : null
    },
    "comment" : "",
    "collation" : "",
    "defaultDefinition" : ""
  } ],
  "indexes" : [ ],
  "collation" : "",
  "primaryKey" : null,
  "bestRowIdentifier" : null
}