{
  "name": "OTHER_DATA_TYPES",
  "catalogName": "TEST",
  "schemaName": "PUBLIC",
  "typeName": "BASE TABLE",
  "comment": "",
  "columns": [
    {
      "name": "BOOLEAN_COL",
      "type": {
        "name": "BOOLEAN",
        "typeNumber": 16,
        "className": "java.lang.Boolean",
        "precision": 1,
        "scale": 0,
        "isNullable": true,
        "isAutoIncrement": false,
        "numericPrecisionRadix": 0,
        "isCaseSensitive": false,
        "isSearchable": true,
        "isSigned": false,
        "isCurrency": false,
        "columnDisplaySize": 5,
        "baseType": null
      },
      "comment": "",
      "collation": "",
      "defaultDefinition": ""
    },
    {
      "name": "UUID_COL",
      "type": {
        "name": "UUID",
        "typeNumber": -2,
        "className": "byte[]",
        "precision": 16,
        "scale": 0,
        "isNullable": true,
        "isAutoIncrement": false,
        "numericPrecisionRadix": 0,
        "isCaseSensitive": false,
        "isSearchable": true,
        "isSigned": false,
        "isCurrency": false,
        "columnDisplaySize": 32,
        "baseType": null
      },
      "comment": "",
      "collation": "",
      "defaultDefinition": ""
    },
    {
      "name": "JAVA_OBJECT_COL",
      "type": {
        "name": "JAVA_OBJECT",
        "typeNumber": 2000,
        "className": "java.lang.Object",
        "precision": 1000000000,
        "scale": 0,
        "isNullable": true,
        "isAutoIncrement": false,
        "numericPrecisionRadix": 0,
        "isCaseSensitive": false,
        "isSearchable": false,
        "isSigned": false,
        "isCurrency": false,
        "columnDisplaySize": 2147483647,
        "baseType": null
      },
      "comment": "",
      "collation": "",
      "defaultDefinition": ""
    },
    {
      "name": "JAVA_OBJECT_1_COL",
      "type": {
        "name": "JAVA_OBJECT",
        "typeNumber": 2000,
        "className": "java.lang.Object",
        "precision": 1,
        "scale": 0,
        "isNullable": true,
        "isAutoIncrement": false,
        "numericPrecisionRadix": 0,
        "isCaseSensitive": false,
        "isSearchable": false,
        "isSigned": false,
        "isCurrency": false,
        "columnDisplaySize": 2147483647,
        "baseType": null
      },
      "comment": "",
      "collation": "",
      "defaultDefinition": ""
    },
    {
      "name": "JAVA_OBJECT_1000000000_COL",
      "type": {
        "name": "JAVA_OBJECT",
        "typeNumber": 2000,
        "className": "java.lang.Object",
        "precision": 1000000000,
        "scale": 0,
        "isNullable": true,
        "isAutoIncrement": false,
        "numericPrecisionRadix": 0,
        "isCaseSensitive": false,
        "isSearchable": false,
        "isSigned": false,
        "isCurrency": false,
        "columnDisplaySize": 2147483647,
        "baseType": null
      },
      "comment": "",
      "collation": "",
      "defaultDefinition": ""
    },
    {
      "name": "OBJECT_COL",
      "type": {
        "name": "JAVA_OBJECT",
        "typeNumber": 2000,
        "className": "java.lang.Object",
        "precision": 1000000000,
        "scale": 0,
        "isNullable": true,
        "isAutoIncrement": false,
        "numericPrecisionRadix": 0,
        "isCaseSensitive": false,
        "isSearchable": false,
        "isSigned": false,
        "isCurrency": false,
        "columnDisplaySize": 2147483647,
        "baseType": null
      },
      "comment": "",
      "collation": "",
      "defaultDefinition": ""
    },
    {
      "name": "OBJECT_1_COL",
      "type": {
        "name": "JAVA_OBJECT",
        "typeNumber": 2000,
        "className": "java.lang.Object",
        "precision": 1,
        "scale": 0,
        "isNullable": true,
        "isAutoIncrement": false,
        "numericPrecisionRadix": 0,
        "isCaseSensitive": false,
        "isSearchable": false,
        "isSigned": false,
        "isCurrency": false,
        "columnDisplaySize": 2147483647,
        "baseType": null
      },
      "comment": "",
      "collation": "",
      "defaultDefinition": ""
    },
    {
      "name": "OBJECT_1000000000_COL",
      "type": {
        "name": "JAVA_OBJECT",
        "typeNumber": 2000,
        "className": "java.lang.Object",
        "precision": 1000000000,
        "scale": 0,
        "isNullable": true,
        "isAutoIncrement": false,
        "numericPrecisionRadix": 0,
        "isCaseSensitive": false,
        "isSearchable": false,
        "isSigned": false,
        "isCurrency": false,
        "columnDisplaySize": 2147483647,
        "baseType": null
      },
      "comment": "",
      "collation": "",
      "defaultDefinition": ""
    },
    {
      "name": "OTHER_COL",
      "type": {
        "name": "JAVA_OBJECT",
        "typeNumber": 2000,
        "className": "java.lang.Object",
        "precision": 1000000000,
        "scale": 0,
        "isNullable": true,
        "isAutoIncrement": false,
        "numericPrecisionRadix": 0,
        "isCaseSensitive": false,
        "isSearchable": false,
        "isSigned": false,
        "isCurrency": false,
        "columnDisplaySize": 2147483647,
        "baseType": null
      },
      "comment": "",
      "collation": "",
      "defaultDefinition": ""
    },
    {
      "name": "OTHER_1_COL",
      "type": {
        "name": "JAVA_OBJECT",
        "typeNumber": 2000,
        "className": "java.lang.Object",
        "precision": 1,
        "scale": 0,
        "isNullable": true,
        "isAutoIncrement": false,
        "numericPrecisionRadix": 0,
        "isCaseSensitive": false,
        "isSearchable": false,
        "isSigned": false,
        "isCurrency": false,
        "columnDisplaySize": 2147483647,
        "baseType": null
      },
      "comment": "",
      "collation": "",
      "defaultDefinition": ""
    },
    {
      "name": "OTHER_1000000000_COL",
      "type": {
        "name": "JAVA_OBJECT",
        "typeNumber": 2000,
        "className": "java.lang.Object",
        "precision": 1000000000,
        "scale": 0,
        "isNullable": true,
        "isAutoIncrement": false,
        "numericPrecisionRadix": 0,
        "isCaseSensitive": false,
        "isSearchable": false,
        "isSigned": false,
        "isCurrency": false,
        "columnDisplaySize": 2147483647,
        "baseType": null
      },
      "comment": "",
      "collation": "",
      "defaultDefinition": ""
    },
    {
      "name": "JSON_COL",
      "type": {
        "name": "JSON",
        "typeNumber": 1111,
        "className": "java.lang.Object",
        "precision": 1000000000,
        "scale": 0,
        "isNullable": true,
        "isAutoIncrement": false,
        "numericPrecisionRadix": 0,
        "isCaseSensitive": false,
        "isSearchable": true,
        "isSigned": false,
        "isCurrency": false,
        "columnDisplaySize": 0,
        "baseType": null
      },
      "comment": "",
      "collation": "",
      "defaultDefinition": ""
    },
    {
      "name": "JSON_1_COL",
      "type": {
        "name": "JSON",
        "typeNumber": 1111,
        "className": "java.lang.Object",
        "precision": 1,
        "scale": 0,
        "isNullable": true,
        "isAutoIncrement": false,
        "numericPrecisionRadix": 0,
        "isCaseSensitive": false,
        "isSearchable": true,
        "isSigned": false,
        "isCurrency": false,
        "columnDisplaySize": 0,
        "baseType": null
      },
      "comment": "",
      "collation": "",
      "defaultDefinition": ""
    },
    {
      "name": "JSON_1000000000_COL",
      "type": {
        "name": "JSON",
        "typeNumber": 1111,
        "className": "java.lang.Object",
        "precision": 1000000000,
        "scale": 0,
        "isNullable": true,
        "isAutoIncrement": false,
        "numericPrecisionRadix": 0,
        "isCaseSensitive": false,
        "isSearchable": true,
        "isSigned": false,
        "isCurrency": false,
        "columnDisplaySize": 0,
        "baseType": null
      },
      "comment": "",
      "collation": "",
      "defaultDefinition": ""
    },
    {
      "name": "ENUM_A_B_C_COL",
      "type": {
        "name": "ENUM('A', 'B', 'C')",
        "typeNumber": 1111,
        "className": "java.lang.Object",
        "precision": 1,
        "scale": 0,
        "isNullable": true,
        "isAutoIncrement": false,
        "numericPrecisionRadix": 0,
        "isCaseSensitive": false,
        "isSearchable": true,
        "isSigned": false,
        "isCurrency": false,
        "columnDisplaySize": 0,
        "baseType": null
      },
      "comment": "",
      "collation": "",
      "defaultDefinition": ""
    }
  ],
  "indexes": [],
  "collation": "",
  "primaryKey": null,
  "bestRowIdentifier": null
}