{
  "name" : "TEMPORAL_DATA_TYPES",
  "catalogName" : "TEST",
  "schemaName" : "TEST",
  "typeName" : "BASE TABLE",
  "comment" : "",
  "columns" : [ {
    "name" : "DATE_COL",
    "type" : {
      "name" : "DATE",
      "typeNumber" : 91,
      "className" : "java.sql.Date",
      "precision" : 10,
      "scale" : 0,
      "isNullable" : true,
      "isAutoIncrement" : false,
      "numericPrecisionRadix" : 0,
      "isCaseSensitive" : false,
      "isSearchable" : true,
      "isSigned" : false,
      "isCurrency" : false,
      "columnDisplaySize" : 10,
      "baseType" : null
    },
    "comment" : "",
    "collation" : "",
    "defaultDefinition" : ""
  }, {
    "name" : "TIME_COL",
    "type" : {
      "name" : "TIME",
      "typeNumber" : 92,
      "className" : "java.sql.Time",
      "precision" : 8,
      "scale" : 0,
      "isNullable" : true,
      "isAutoIncrement" : false,
      "numericPrecisionRadix" : 0,
      "isCaseSensitive" : false,
      "isSearchable" : true,
      "isSigned" : false,
      "isCurrency" : false,
      "columnDisplaySize" : 17,
      "baseType" : null
    },
    "comment" : "",
    "collation" : "",
    "defaultDefinition" : ""
  }, {
    "name" : "TIME_0_COL",
    "type" : {
      "name" : "TIME",
      "typeNumber" : 92,
      "className" : "java.sql.Time",
      "precision" : 8,
      "scale" : 0,
      "isNullable" : true,
      "isAutoIncrement" : false,
      "numericPrecisionRadix" : 0,
      "isCaseSensitive" : false,
      "isSearchable" : true,
      "isSigned" : false,
      "isCurrency" : false,
      "columnDisplaySize" : 17,
      "baseType" : null
    },
    "comment" : "",
    "collation" : "",
    "defaultDefinition" : ""
  }, {
    "name" : "TIME_1_COL",
    "type" : {
      "name" : "TIME",
      "typeNumber" : 92,
      "className" : "java.sql.Time",
      "precision" : 10,
      "scale" : 1,
      "isNullable" : true,
      "isAutoIncrement" : false,
      "numericPrecisionRadix" : 0,
      "isCaseSensitive" : false,
      "isSearchable" : true,
      "isSigned" : false,
      "isCurrency" : false,
      "columnDisplaySize" : 19,
      "baseType" : null
    },
    "comment" : "",
    "collation" : "",
    "defaultDefinition" : ""
  }, {
    "name" : "TIME_9_COL",
    "type" : {
      "name" : "TIME",
      "typeNumber" : 92,
      "className" : "java.sql.Time",
      "precision" : 18,
      "scale" : 9,
      "isNullable" : true,
      "isAutoIncrement" : false,
      "numericPrecisionRadix" : 0,
      "isCaseSensitive" : false,
      "isSearchable" : true,
      "isSigned" : false,
      "isCurrency" : false,
      "columnDisplaySize" : 27,
      "baseType" : null
    },
    "comment" : "",
    "collation" : "",
    "defaultDefinition" : ""
  }, {
    "name" : "TIME_WOTZ_COL",
    "type" : {
      "name" : "TIME",
      "typeNumber" : 92,
      "className" : "java.sql.Time",
      "precision" : 8,
      "scale" : 0,
      "isNullable" : true,
      "isAutoIncrement" : false,
      "numericPrecisionRadix" : 0,
      "isCaseSensitive" : false,
      "isSearchable" : true,
      "isSigned" : false,
      "isCurrency" : false,
      "columnDisplaySize" : 17,
      "baseType" : null
    },
    "comment" : "",
    "collation" : "",
    "defaultDefinition" : ""
  }, {
    "name" : "TIME_0_WOTZ_COL",
    "type" : {
      "name" : "TIME",
      "typeNumber" : 92,
      "className" : "java.sql.Time",
      "precision" : 8,
      "scale" : 0,
      "isNullable" : true,
      "isAutoIncrement" : false,
      "numericPrecisionRadix" : 0,
      "isCaseSensitive" : false,
      "isSearchable" : true,
      "isSigned" : false,
      "isCurrency" : false,
      "columnDisplaySize" : 17,
      "baseType" : null
    },
    "comment" : "",
    "collation" : "",
    "defaultDefinition" : ""
  }, {
    "name" : "TIME_1_WOTZ_COL",
    "type" : {
      "name" : "TIME",
      "typeNumber" : 92,
      "className" : "java.sql.Time",
      "precision" : 10,
      "scale" : 1,
      "isNullable" : true,
      "isAutoIncrement" : false,
      "numericPrecisionRadix" : 0,
      "isCaseSensitive" : false,
      "isSearchable" : true,
      "isSigned" : false,
      "isCurrency" : false,
      "columnDisplaySize" : 19,
      "baseType" : null
    },
    "comment" : "",
    "collation" : "",
    "defaultDefinition" : ""
  }, {
    "name" : "TIME_9_WOTZ_COL",
    "type" : {
      "name" : "TIME",
      "typeNumber" : 92,
      "className" : "java.sql.Time",
      "precision" : 18,
      "scale" : 9,
      "isNullable" : true,
      "isAutoIncrement" : false,
      "numericPrecisionRadix" : 0,
      "isCaseSensitive" : false,
      "isSearchable" : true,
      "isSigned" : false,
      "isCurrency" : false,
      "columnDisplaySize" : 27,
      "baseType" : null
    },
    "comment" : "",
    "collation" : "",
    "defaultDefinition" : ""
  }, {
    "name" : "TIME_WTZ_COL",
    "type" : {
      "name" : "TIME WITH TIME ZONE",
      "typeNumber" : 2013,
      "className" : "java.time.OffsetTime",
      "precision" : 14,
      "scale" : 0,
      "isNullable" : true,
      "isAutoIncrement" : false,
      "numericPrecisionRadix" : 0,
      "isCaseSensitive" : false,
      "isSearchable" : true,
      "isSigned" : false,
      "isCurrency" : false,
      "columnDisplaySize" : 29,
      "baseType" : null
    },
    "comment" : "",
    "collation" : "",
    "defaultDefinition" : ""
  }, {
    "name" : "TIME_0_WTZ_COL",
    "type" : {
      "name" : "TIME WITH TIME ZONE",
      "typeNumber" : 2013,
      "className" : "java.time.OffsetTime",
      "precision" : 14,
      "scale" : 0,
      "isNullable" : true,
      "isAutoIncrement" : false,
      "numericPrecisionRadix" : 0,
      "isCaseSensitive" : false,
      "isSearchable" : true,
      "isSigned" : false,
      "isCurrency" : false,
      "columnDisplaySize" : 29,
      "baseType" : null
    },
    "comment" : "",
    "collation" : "",
    "defaultDefinition" : ""
  }, {
    "name" : "TIME_1_WTZ_COL",
    "type" : {
      "name" : "TIME WITH TIME ZONE",
      "typeNumber" : 2013,
      "className" : "java.time.OffsetTime",
      "precision" : 16,
      "scale" : 1,
      "isNullable" : true,
      "isAutoIncrement" : false,
      "numericPrecisionRadix" : 0,
      "isCaseSensitive" : false,
      "isSearchable" : true,
      "isSigned" : false,
      "isCurrency" : false,
      "columnDisplaySize" : 31,
      "baseType" : null
    },
    "comment" : "",
    "collation" : "",
    "defaultDefinition" : ""
  }, {
    "name" : "TIME_9_WTZ_COL",
    "type" : {
      "name" : "TIME WITH TIME ZONE",
      "typeNumber" : 2013,
      "className" : "java.time.OffsetTime",
      "precision" : 24,
      "scale" : 9,
      "isNullable" : true,
      "isAutoIncrement" : false,
      "numericPrecisionRadix" : 0,
      "isCaseSensitive" : false,
      "isSearchable" : true,
      "isSigned" : false,
      "isCurrency" : false,
      "columnDisplaySize" : 39,
      "baseType" : null
    },
    "comment" : "",
    "collation" : "",
    "defaultDefinition" : ""
  }, {
    "name" : "TIMESTAMP_COL",
    "type" : {
      "name" : "TIMESTAMP",
      "typeNumber" : 93,
      "className" : "java.sql.Timestamp",
      "precision" : 26,
      "scale" : 6,
      "isNullable" : true,
      "isAutoIncrement" : false,
      "numericPrecisionRadix" : 0,
      "isCaseSensitive" : false,
      "isSearchable" : true,
      "isSigned" : false,
      "isCurrency" : false,
      "columnDisplaySize" : 46,
      "baseType" : null
    },
    "comment" : "",
    "collation" : "",
    "defaultDefinition" : ""
  }, {
    "name" : "TIMESTAMP_0_COL",
    "type" : {
      "name" : "TIMESTAMP",
      "typeNumber" : 93,
      "className" : "java.sql.Timestamp",
      "precision" : 19,
      "scale" : 0,
      "isNullable" : true,
      "isAutoIncrement" : false,
      "numericPrecisionRadix" : 0,
      "isCaseSensitive" : false,
      "isSearchable" : true,
      "isSigned" : false,
      "isCurrency" : false,
      "columnDisplaySize" : 39,
      "baseType" : null
    },
    "comment" : "",
    "collation" : "",
    "defaultDefinition" : ""
  }, {
    "name" : "TIMESTAMP_1_COL",
    "type" : {
      "name" : "TIMESTAMP",
      "typeNumber" : 93,
      "className" : "java.sql.Timestamp",
      "precision" : 21,
      "scale" : 1,
      "isNullable" : true,
      "isAutoIncrement" : false,
      "numericPrecisionRadix" : 0,
      "isCaseSensitive" : false,
      "isSearchable" : true,
      "isSigned" : false,
      "isCurrency" : false,
      "columnDisplaySize" : 41,
      "baseType" : null
    },
    "comment" : "",
    "collation" : "",
    "defaultDefinition" : ""
  }, {
    "name" : "TIMESTAMP_9_COL",
    "type" : {
      "name" : "TIMESTAMP",
      "typeNumber" : 93,
      "className" : "java.sql.Timestamp",
      "precision" : 29,
      "scale" : 9,
      "isNullable" : true,
      "isAutoIncrement" : false,
      "numericPrecisionRadix" : 0,
      "isCaseSensitive" : false,
      "isSearchable" : true,
      "isSigned" : false,
      "isCurrency" : false,
      "columnDisplaySize" : 49,
      "baseType" : null
    },
    "comment" : "",
    "collation" : "",
    "defaultDefinition" : ""
  }, {
    "name" : "TIMESTAMP_WOTZ_COL",
    "type" : {
      "name" : "TIMESTAMP",
      "typeNumber" : 93,
      "className" : "java.sql.Timestamp",
      "precision" : 26,
      "scale" : 6,
      "isNullable" : true,
      "isAutoIncrement" : false,
      "numericPrecisionRadix" : 0,
      "isCaseSensitive" : false,
      "isSearchable" : true,
      "isSigned" : false,
      "isCurrency" : false,
      "columnDisplaySize" : 46,
      "baseType" : null
    },
    "comment" : "",
    "collation" : "",
    "defaultDefinition" : ""
  }, {
    "name" : "TIMESTAMP_WOTZ_0_COL",
    "type" : {
      "name" : "TIMESTAMP",
      "typeNumber" : 93,
      "className" : "java.sql.Timestamp",
      "precision" : 19,
      "scale" : 0,
      "isNullable" : true,
      "isAutoIncrement" : false,
      "numericPrecisionRadix" : 0,
      "isCaseSensitive" : false,
      "isSearchable" : true,
      "isSigned" : false,
      "isCurrency" : false,
      "columnDisplaySize" : 39,
      "baseType" : null
    },
    "comment" : "",
    "collation" : "",
    "defaultDefinition" : ""
  }, {
    "name" : "TIMESTAMP_WOTZ_1_COL",
    "type" : {
      "name" : "TIMESTAMP",
      "typeNumber" : 93,
      "className" : "java.sql.Timestamp",
      "precision" : 21,
      "scale" : 1,
      "isNullable" : true,
      "isAutoIncrement" : false,
      "numericPrecisionRadix" : 0,
      "isCaseSensitive" : false,
      "isSearchable" : true,
      "isSigned" : false,
      "isCurrency" : false,
      "columnDisplaySize" : 41,
      "baseType" : null
    },
    "comment" : "",
    "collation" : "",
    "defaultDefinition" : ""
  }, {
    "name" : "TIMESTAMP_WOTZ_9_COL",
    "type" : {
      "name" : "TIMESTAMP",
      "typeNumber" : 93,
      "className" : "java.sql.Timestamp",
      "precision" : 29,
      "scale" : 9,
      "isNullable" : true,
      "isAutoIncrement" : false,
      "numericPrecisionRadix" : 0,
      "isCaseSensitive" : false,
      "isSearchable" : true,
      "isSigned" : false,
      "isCurrency" : false,
      "columnDisplaySize" : 49,
      "baseType" : null
    },
    "comment" : "",
    "collation" : "",
    "defaultDefinition" : ""
  }, {
    "name" : "TIMESTAMP_WTZ_COL",
    "type" : {
      "name" : "TIMESTAMP WITH TIME ZONE",
      "typeNumber" : 2014,
      "className" : "java.time.OffsetDateTime",
      "precision" : 32,
      "scale" : 6,
      "isNullable" : true,
      "isAutoIncrement" : false,
      "numericPrecisionRadix" : 0,
      "isCaseSensitive" : false,
      "isSearchable" : true,
      "isSigned" : false,
      "isCurrency" : false,
      "columnDisplaySize" : 58,
      "baseType" : null
    },
    "comment" : "",
    "collation" : "",
    "defaultDefinition" : ""
  }, {
    "name" : "TIMESTAMP_0_WTZ_COL",
    "type" : {
      "name" : "TIMESTAMP WITH TIME ZONE",
      "typeNumber" : 2014,
      "className" : "java.time.OffsetDateTime",
      "precision" : 25,
      "scale" : 0,
      "isNullable" : true,
      "isAutoIncrement" : false,
      "numericPrecisionRadix" : 0,
      "isCaseSensitive" : false,
      "isSearchable" : true,
      "isSigned" : false,
      "isCurrency" : false,
      "columnDisplaySize" : 51,
      "baseType" : null
    },
    "comment" : "",
    "collation" : "",
    "defaultDefinition" : ""
  }, {
    "name" : "TIMESTAMP_1_WTZ_COL",
    "type" : {
      "name" : "TIMESTAMP WITH TIME ZONE",
      "typeNumber" : 2014,
      "className" : "java.time.OffsetDateTime",
      "precision" : 27,
      "scale" : 1,
      "isNullable" : true,
      "isAutoIncrement" : false,
      "numericPrecisionRadix" : 0,
      "isCaseSensitive" : false,
      "isSearchable" : true,
      "isSigned" : false,
      "isCurrency" : false,
      "columnDisplaySize" : 53,
      "baseType" : null
    },
    "comment" : "",
    "collation" : "",
    "defaultDefinition" : ""
  }, {
    "name" : "TIMESTAMP_9_WTZ_COL",
    "type" : {
      "name" : "TIMESTAMP WITH TIME ZONE",
      "typeNumber" : 2014,
      "className" : "java.time.OffsetDateTime",
      "precision" : 35,
      "scale" : 9,
      "isNullable" : true,
      "isAutoIncrement" : false,
      "numericPrecisionRadix" : 0,
      "isCaseSensitive" : false,
      "isSearchable" : true,
      "isSigned" : false,
      "isCurrency" : false,
      "columnDisplaySize" : 61,
      "baseType" : null
    },
    "comment" : "",
    "collation" : "",
    "defaultDefinition" : ""
  }, {
    "name" : "UUID_COL",
    "type" : {
      "name" : "UUID",
      "typeNumber" : -2,
      "className" : "byte[]",
      "precision" : 16,
      "scale" : 0,
      "isNullable" : true,
      "isAutoIncrement" : false,
      "numericPrecisionRadix" : 0,
      "isCaseSensitive" : false,
      "isSearchable" : true,
      "isSigned" : false,
      "isCurrency" : false,
      "columnDisplaySize" : 32,
      "baseType" : null
    },
    "comment" : "",
    "collation" : "",
    "defaultDefinition" : ""
  } ],
  "indexes" : [ ],
  "collation" : "",
  "primaryKey" : null,
  "bestRowIdentifier" : null
}