{
  "name": "BINARY_DATA_TYPES",
  "catalogName": "",
  "schemaName": "TEST",
  "typeName": "TABLE",
  "comment": "",
  "columns": [
    {
      "name": "BINARY_COL",
      "type": {
        "name": "BINARY",
        "typeNumber": 1,
        "className": "java.lang.String",
        "precision": 1,
        "scale": 0,
        "isNullable": true,
        "isAutoIncrement": false,
        "numericPrecisionRadix": 0,
        "isCaseSensitive": false,
        "isSearchable": true,
        "isSigned": false,
        "isCurrency": false,
        "columnDisplaySize": 1,
        "baseType": null
      },
      "comment": "",
      "collation": "",
      "defaultDefinition": ""
    },
    {
      "name": "CHAR_FOR_BIT_DATA_COL",
      "type": {
        "name": "CHAR () FOR BIT DATA",
        "typeNumber": -2,
        "className": "byte[]",
        "precision": 1,
        "scale": 0,
        "isNullable": true,
        "isAutoIncrement": false,
        "numericPrecisionRadix": 0,
        "isCaseSensitive": false,
        "isSearchable": true,
        "isSigned": false,
        "isCurrency": false,
        "columnDisplaySize": 2,
        "baseType": null
      },
      "comment": "",
      "collation": "",
      "defaultDefinition": ""
    },
    {
      "name": "CHARACTER_FOR_BIT_DATA_COL",
      "type": {
        "name": "CHAR () FOR BIT DATA",
        "typeNumber": -2,
        "className": "byte[]",
        "precision": 1,
        "scale": 0,
        "isNullable": true,
        "isAutoIncrement": false,
        "numericPrecisionRadix": 0,
        "isCaseSensitive": false,
        "isSearchable": true,
        "isSigned": false,
        "isCurrency": false,
        "columnDisplaySize": 2,
        "baseType": null
      },
      "comment": "",
      "collation": "",
      "defaultDefinition": ""
    },
    {
      "name": "GRAPHIC_COL",
      "type": {
        "name": "GRAPHIC",
        "typeNumber": 1,
        "className": "java.lang.String",
        "precision": 2,
        "scale": 0,
        "isNullable": true,
        "isAutoIncrement": false,
        "numericPrecisionRadix": 0,
        "isCaseSensitive": false,
        "isSearchable": true,
        "isSigned": false,
        "isCurrency": false,
        "columnDisplaySize": 2,
        "baseType": null
      },
      "comment": "",
      "collation": "",
      "defaultDefinition": ""
    },
    {
      "name": "LONG_VARCHAR_COL",
      "type": {
        "name": "LONG VARCHAR FOR BIT DATA",
        "typeNumber": -4,
        "className": "byte[]",
        "precision": 32700,
        "scale": 0,
        "isNullable": true,
        "isAutoIncrement": false,
        "numericPrecisionRadix": 0,
        "isCaseSensitive": false,
        "isSearchable": true,
        "isSigned": false,
        "isCurrency": false,
        "columnDisplaySize": 65535,
        "baseType": null
      },
      "comment": "",
      "collation": "",
      "defaultDefinition": ""
    },
    {
      "name": "BLOB_COL",
      "type": {
        "name": "BLOB",
        "typeNumber": 2004,
        "className": "java.sql.Blob",
        "precision": 1048576,
        "scale": 0,
        "isNullable": true,
        "isAutoIncrement": false,
        "numericPrecisionRadix": 0,
        "isCaseSensitive": false,
        "isSearchable": false,
        "isSigned": false,
        "isCurrency": false,
        "columnDisplaySize": 2097152,
        "baseType": null
      },
      "comment": "",
      "collation": "",
      "defaultDefinition": ""
    },
    {
      "name": "BINARY_1_COL",
      "type": {
        "name": "BINARY",
        "typeNumber": 1,
        "className": "java.lang.String",
        "precision": 1,
        "scale": 0,
        "isNullable": true,
        "isAutoIncrement": false,
        "numericPrecisionRadix": 0,
        "isCaseSensitive": false,
        "isSearchable": true,
        "isSigned": false,
        "isCurrency": false,
        "columnDisplaySize": 1,
        "baseType": null
      },
      "comment": "",
      "collation": "",
      "defaultDefinition": ""
    },
    {
      "name": "BINARY_VARYING_1_COL",
      "type": {
        "name": "VARCHAR () FOR BIT DATA",
        "typeNumber": 12,
        "className": "java.lang.String",
        "precision": 1,
        "scale": 0,
        "isNullable": true,
        "isAutoIncrement": false,
        "numericPrecisionRadix": 0,
        "isCaseSensitive": false,
        "isSearchable": true,
        "isSigned": false,
        "isCurrency": false,
        "columnDisplaySize": 1,
        "baseType": null
      },
      "comment": "",
      "collation": "",
      "defaultDefinition": ""
    },
    {
      "name": "VARBINARY_1_COL",
      "type": {
        "name": "VARCHAR () FOR BIT DATA",
        "typeNumber": 12,
        "className": "java.lang.String",
        "precision": 1,
        "scale": 0,
        "isNullable": true,
        "isAutoIncrement": false,
        "numericPrecisionRadix": 0,
        "isCaseSensitive": false,
        "isSearchable": true,
        "isSigned": false,
        "isCurrency": false,
        "columnDisplaySize": 1,
        "baseType": null
      },
      "comment": "",
      "collation": "",
      "defaultDefinition": ""
    },
    {
      "name": "CHAR_1_FOR_BIT_DATA_COL",
      "type": {
        "name": "CHAR () FOR BIT DATA",
        "typeNumber": -2,
        "className": "byte[]",
        "precision": 1,
        "scale": 0,
        "isNullable": true,
        "isAutoIncrement": false,
        "numericPrecisionRadix": 0,
        "isCaseSensitive": false,
        "isSearchable": true,
        "isSigned": false,
        "isCurrency": false,
        "columnDisplaySize": 2,
        "baseType": null
      },
      "comment": "",
      "collation": "",
      "defaultDefinition": ""
    },
    {
      "name": "CHAR_1_OCTETS_FOR_BIT_DATA_COL",
      "type": {
        "name": "CHAR () FOR BIT DATA",
        "typeNumber": -2,
        "className": "byte[]",
        "precision": 1,
        "scale": 0,
        "isNullable": true,
        "isAutoIncrement": false,
        "numericPrecisionRadix": 0,
        "isCaseSensitive": false,
        "isSearchable": true,
        "isSigned": false,
        "isCurrency": false,
        "columnDisplaySize": 2,
        "baseType": null
      },
      "comment": "",
      "collation": "",
      "defaultDefinition": ""
    },
    {
      "name": "CHARACTER_1_FOR_BIT_DATA_COL",
      "type": {
        "name": "CHAR () FOR BIT DATA",
        "typeNumber": -2,
        "className": "byte[]",
        "precision": 1,
        "scale": 0,
        "isNullable": true,
        "isAutoIncrement": false,
        "numericPrecisionRadix": 0,
        "isCaseSensitive": false,
        "isSearchable": true,
        "isSigned": false,
        "isCurrency": false,
        "columnDisplaySize": 2,
        "baseType": null
      },
      "comment": "",
      "collation": "",
      "defaultDefinition": ""
    },
    {
      "name": "CHARACTER_1_OCTETS_FOR_BIT_DATA_COL",
      "type": {
        "name": "CHAR () FOR BIT DATA",
        "typeNumber": -2,
        "className": "byte[]",
        "precision": 1,
        "scale": 0,
        "isNullable": true,
        "isAutoIncrement": false,
        "numericPrecisionRadix": 0,
        "isCaseSensitive": false,
        "isSearchable": true,
        "isSigned": false,
        "isCurrency": false,
        "columnDisplaySize": 2,
        "baseType": null
      },
      "comment": "",
      "collation": "",
      "defaultDefinition": ""
    },
    {
      "name": "CHAR_VARYING_1_FOR_BIT_DATE_COL",
      "type": {
        "name": "VARCHAR () FOR BIT DATA",
        "typeNumber": -3,
        "className": "byte[]",
        "precision": 1,
        "scale": 0,
        "isNullable": true,
        "isAutoIncrement": false,
        "numericPrecisionRadix": 0,
        "isCaseSensitive": false,
        "isSearchable": true,
        "isSigned": false,
        "isCurrency": false,
        "columnDisplaySize": 2,
        "baseType": null
      },
      "comment": "",
      "collation": "",
      "defaultDefinition": ""
    },
    {
      "name": "CHAR_VARYING_1_OCTETS_FOR_BIT_DATA_COL",
      "type": {
        "name": "VARCHAR () FOR BIT DATA",
        "typeNumber": -3,
        "className": "byte[]",
        "precision": 1,
        "scale": 0,
        "isNullable": true,
        "isAutoIncrement": false,
        "numericPrecisionRadix": 0,
        "isCaseSensitive": false,
        "isSearchable": true,
        "isSigned": false,
        "isCurrency": false,
        "columnDisplaySize": 2,
        "baseType": null
      },
      "comment": "",
      "collation": "",
      "defaultDefinition": ""
    },
    {
      "name": "CHARACTER_VARYING_1_FOR_BIT_DATA_COL",
      "type": {
        "name": "VARCHAR () FOR BIT DATA",
        "typeNumber": -3,
        "className": "byte[]",
        "precision": 1,
        "scale": 0,
        "isNullable": true,
        "isAutoIncrement": false,
        "numericPrecisionRadix": 0,
        "isCaseSensitive": false,
        "isSearchable": true,
        "isSigned": false,
        "isCurrency": false,
        "columnDisplaySize": 2,
        "baseType": null
      },
      "comment": "",
      "collation": "",
      "defaultDefinition": ""
    },
    {
      "name": "CHARACTER_VARYING_1_OCTETS_FOR_BIT_DATA_COL",
      "type": {
        "name": "VARCHAR () FOR BIT DATA",
        "typeNumber": -3,
        "className": "byte[]",
        "precision": 1,
        "scale": 0,
        "isNullable": true,
        "isAutoIncrement": false,
        "numericPrecisionRadix": 0,
        "isCaseSensitive": false,
        "isSearchable": true,
        "isSigned": false,
        "isCurrency": false,
        "columnDisplaySize": 2,
        "baseType": null
      },
      "comment": "",
      "collation": "",
      "defaultDefinition": ""
    },
    {
      "name": "VARCHAR_1_FOR_BIT_DATA_COL",
      "type": {
        "name": "VARCHAR () FOR BIT DATA",
        "typeNumber": -3,
        "className": "byte[]",
        "precision": 1,
        "scale": 0,
        "isNullable": true,
        "isAutoIncrement": false,
        "numericPrecisionRadix": 0,
        "isCaseSensitive": false,
        "isSearchable": true,
        "isSigned": false,
        "isCurrency": false,
        "columnDisplaySize": 2,
        "baseType": null
      },
      "comment": "",
      "collation": "",
      "defaultDefinition": ""
    },
    {
      "name": "VARCHAR_1_OCTETS_FOR_BIT_DATA_COL",
      "type": {
        "name": "VARCHAR () FOR BIT DATA",
        "typeNumber": -3,
        "className": "byte[]",
        "precision": 1,
        "scale": 0,
        "isNullable": true,
        "isAutoIncrement": false,
        "numericPrecisionRadix": 0,
        "isCaseSensitive": false,
        "isSearchable": true,
        "isSigned": false,
        "isCurrency": false,
        "columnDisplaySize": 2,
        "baseType": null
      },
      "comment": "",
      "collation": "",
      "defaultDefinition": ""
    },
    {
      "name": "GRAPHIC_1_COL",
      "type": {
        "name": "GRAPHIC",
        "typeNumber": 1,
        "className": "java.lang.String",
        "precision": 2,
        "scale": 0,
        "isNullable": true,
        "isAutoIncrement": false,
        "numericPrecisionRadix": 0,
        "isCaseSensitive": false,
        "isSearchable": true,
        "isSigned": false,
        "isCurrency": false,
        "columnDisplaySize": 2,
        "baseType": null
      },
      "comment": "",
      "collation": "",
      "defaultDefinition": ""
    },
    {
      "name": "GRAPHIC_1_CODEUNITS16_COL",
      "type": {
        "name": "GRAPHIC",
        "typeNumber": 1,
        "className": "java.lang.String",
        "precision": 2,
        "scale": 0,
        "isNullable": true,
        "isAutoIncrement": false,
        "numericPrecisionRadix": 0,
        "isCaseSensitive": false,
        "isSearchable": true,
        "isSigned": false,
        "isCurrency": false,
        "columnDisplaySize": 2,
        "baseType": null
      },
      "comment": "",
      "collation": "",
      "defaultDefinition": ""
    },
    {
      "name": "GRAPHIC_1_CODEUNITS32_COL",
      "type": {
        "name": "GRAPHIC",
        "typeNumber": 1,
        "className": "java.lang.String",
        "precision": 4,
        "scale": 0,
        "isNullable": true,
        "isAutoIncrement": false,
        "numericPrecisionRadix": 0,
        "isCaseSensitive": false,
        "isSearchable": true,
        "isSigned": false,
        "isCurrency": false,
        "columnDisplaySize": 4,
        "baseType": null
      },
      "comment": "",
      "collation": "",
      "defaultDefinition": ""
    },
    {
      "name": "VARGRAPHIC_1_COL",
      "type": {
        "name": "VARGRAPHIC",
        "typeNumber": 12,
        "className": "java.lang.String",
        "precision": 2,
        "scale": 0,
        "isNullable": true,
        "isAutoIncrement": false,
        "numericPrecisionRadix": 0,
        "isCaseSensitive": false,
        "isSearchable": true,
        "isSigned": false,
        "isCurrency": false,
        "columnDisplaySize": 2,
        "baseType": null
      },
      "comment": "",
      "collation": "",
      "defaultDefinition": ""
    },
    {
      "name": "VARGRAPHIC_1_CODEUNITS16_COL",
      "type": {
        "name": "VARGRAPHIC",
        "typeNumber": 12,
        "className": "java.lang.String",
        "precision": 2,
        "scale": 0,
        "isNullable": true,
        "isAutoIncrement": false,
        "numericPrecisionRadix": 0,
        "isCaseSensitive": false,
        "isSearchable": true,
        "isSigned": false,
        "isCurrency": false,
        "columnDisplaySize": 2,
        "baseType": null
      },
      "comment": "",
      "collation": "",
      "defaultDefinition": ""
    },
    {
      "name": "VARGRAPHIC_1_CODEUNITS32_COL",
      "type": {
        "name": "VARGRAPHIC",
        "typeNumber": 12,
        "className": "java.lang.String",
        "precision": 4,
        "scale": 0,
        "isNullable": true,
        "isAutoIncrement": false,
        "numericPrecisionRadix": 0,
        "isCaseSensitive": false,
        "isSearchable": true,
        "isSigned": false,
        "isCurrency": false,
        "columnDisplaySize": 4,
        "baseType": null
      },
      "comment": "",
      "collation": "",
      "defaultDefinition": ""
    },
    {
      "name": "BLOB_1_COL",
      "type": {
        "name": "BLOB",
        "typeNumber": 2004,
        "className": "java.sql.Blob",
        "precision": 1,
        "scale": 0,
        "isNullable": true,
        "isAutoIncrement": false,
        "numericPrecisionRadix": 0,
        "isCaseSensitive": false,
        "isSearchable": false,
        "isSigned": false,
        "isCurrency": false,
        "columnDisplaySize": 2,
        "baseType": null
      },
      "comment": "",
      "collation": "",
      "defaultDefinition": ""
    },
    {
      "name": "BINARY_255_COL",
      "type": {
        "name": "BINARY",
        "typeNumber": 1,
        "className": "java.lang.String",
        "precision": 255,
        "scale": 0,
        "isNullable": true,
        "isAutoIncrement": false,
        "numericPrecisionRadix": 0,
        "isCaseSensitive": false,
        "isSearchable": true,
        "isSigned": false,
        "isCurrency": false,
        "columnDisplaySize": 255,
        "baseType": null
      },
      "comment": "",
      "collation": "",
      "defaultDefinition": ""
    },
    {
      "name": "BINARY_VARYING_32672_COL",
      "type": {
        "name": "VARCHAR () FOR BIT DATA",
        "typeNumber": 12,
        "className": "java.lang.String",
        "precision": 32672,
        "scale": 0,
        "isNullable": true,
        "isAutoIncrement": false,
        "numericPrecisionRadix": 0,
        "isCaseSensitive": false,
        "isSearchable": true,
        "isSigned": false,
        "isCurrency": false,
        "columnDisplaySize": 32672,
        "baseType": null
      },
      "comment": "",
      "collation": "",
      "defaultDefinition": ""
    },
    {
      "name": "VARBINARY_32672_COL",
      "type": {
        "name": "VARCHAR () FOR BIT DATA",
        "typeNumber": 12,
        "className": "java.lang.String",
        "precision": 32672,
        "scale": 0,
        "isNullable": true,
        "isAutoIncrement": false,
        "numericPrecisionRadix": 0,
        "isCaseSensitive": false,
        "isSearchable": true,
        "isSigned": false,
        "isCurrency": false,
        "columnDisplaySize": 32672,
        "baseType": null
      },
      "comment": "",
      "collation": "",
      "defaultDefinition": ""
    },
    {
      "name": "CHAR_255_FOR_BIT_DATA_COL",
      "type": {
        "name": "CHAR () FOR BIT DATA",
        "typeNumber": -2,
        "className": "byte[]",
        "precision": 255,
        "scale": 0,
        "isNullable": true,
        "isAutoIncrement": false,
        "numericPrecisionRadix": 0,
        "isCaseSensitive": false,
        "isSearchable": true,
        "isSigned": false,
        "isCurrency": false,
        "columnDisplaySize": 510,
        "baseType": null
      },
      "comment": "",
      "collation": "",
      "defaultDefinition": ""
    },
    {
      "name": "CHARACTER_255_FOR_BIT_DATA_COL",
      "type": {
        "name": "CHAR () FOR BIT DATA",
        "typeNumber": -2,
        "className": "byte[]",
        "precision": 255,
        "scale": 0,
        "isNullable": true,
        "isAutoIncrement": false,
        "numericPrecisionRadix": 0,
        "isCaseSensitive": false,
        "isSearchable": true,
        "isSigned": false,
        "isCurrency": false,
        "columnDisplaySize": 510,
        "baseType": null
      },
      "comment": "",
      "collation": "",
      "defaultDefinition": ""
    },
    {
      "name": "VARCHAR_32762_FOR_BIT_DATA_COL",
      "type": {
        "name": "VARCHAR () FOR BIT DATA",
        "typeNumber": -3,
        "className": "byte[]",
        "precision": 32672,
        "scale": 0,
        "isNullable": true,
        "isAutoIncrement": false,
        "numericPrecisionRadix": 0,
        "isCaseSensitive": false,
        "isSearchable": true,
        "isSigned": false,
        "isCurrency": false,
        "columnDisplaySize": 65344,
        "baseType": null
      },
      "comment": "",
      "collation": "",
      "defaultDefinition": ""
    },
    {
      "name": "VARCHAR_32762_OCTETS_FOR_BIT_DATA_COL",
      "type": {
        "name": "VARCHAR () FOR BIT DATA",
        "typeNumber": -3,
        "className": "byte[]",
        "precision": 32672,
        "scale": 0,
        "isNullable": true,
        "isAutoIncrement": false,
        "numericPrecisionRadix": 0,
        "isCaseSensitive": false,
        "isSearchable": true,
        "isSigned": false,
        "isCurrency": false,
        "columnDisplaySize": 65344,
        "baseType": null
      },
      "comment": "",
      "collation": "",
      "defaultDefinition": ""
    },
    {
      "name": "CHAR_VARYING_255_FOR_BIT_DATE_COL",
      "type": {
        "name": "VARCHAR () FOR BIT DATA",
        "typeNumber": -3,
        "className": "byte[]",
        "precision": 255,
        "scale": 0,
        "isNullable": true,
        "isAutoIncrement": false,
        "numericPrecisionRadix": 0,
        "isCaseSensitive": false,
        "isSearchable": true,
        "isSigned": false,
        "isCurrency": false,
        "columnDisplaySize": 510,
        "baseType": null
      },
      "comment": "",
      "collation": "",
      "defaultDefinition": ""
    },
    {
      "name": "CHAR_VARYING_255_OCTETS_FOR_BIT_DATA_COL",
      "type": {
        "name": "VARCHAR () FOR BIT DATA",
        "typeNumber": -3,
        "className": "byte[]",
        "precision": 255,
        "scale": 0,
        "isNullable": true,
        "isAutoIncrement": false,
        "numericPrecisionRadix": 0,
        "isCaseSensitive": false,
        "isSearchable": true,
        "isSigned": false,
        "isCurrency": false,
        "columnDisplaySize": 510,
        "baseType": null
      },
      "comment": "",
      "collation": "",
      "defaultDefinition": ""
    },
    {
      "name": "CHARACTER_VARYING_255_FOR_BIT_DATA_COL",
      "type": {
        "name": "VARCHAR () FOR BIT DATA",
        "typeNumber": -3,
        "className": "byte[]",
        "precision": 255,
        "scale": 0,
        "isNullable": true,
        "isAutoIncrement": false,
        "numericPrecisionRadix": 0,
        "isCaseSensitive": false,
        "isSearchable": true,
        "isSigned": false,
        "isCurrency": false,
        "columnDisplaySize": 510,
        "baseType": null
      },
      "comment": "",
      "collation": "",
      "defaultDefinition": ""
    },
    {
      "name": "CHARACTER_VARYING_255_OCTETS_FOR_BIT_DATA_COL",
      "type": {
        "name": "VARCHAR () FOR BIT DATA",
        "typeNumber": -3,
        "className": "byte[]",
        "precision": 255,
        "scale": 0,
        "isNullable": true,
        "isAutoIncrement": false,
        "numericPrecisionRadix": 0,
        "isCaseSensitive": false,
        "isSearchable": true,
        "isSigned": false,
        "isCurrency": false,
        "columnDisplaySize": 510,
        "baseType": null
      },
      "comment": "",
      "collation": "",
      "defaultDefinition": ""
    },
    {
      "name": "GRAPHIC_127_COL",
      "type": {
        "name": "GRAPHIC",
        "typeNumber": 1,
        "className": "java.lang.String",
        "precision": 254,
        "scale": 0,
        "isNullable": true,
        "isAutoIncrement": false,
        "numericPrecisionRadix": 0,
        "isCaseSensitive": false,
        "isSearchable": true,
        "isSigned": false,
        "isCurrency": false,
        "columnDisplaySize": 254,
        "baseType": null
      },
      "comment": "",
      "collation": "",
      "defaultDefinition": ""
    },
    {
      "name": "GRAPHIC_127_CODEUNITS16_COL",
      "type": {
        "name": "GRAPHIC",
        "typeNumber": 1,
        "className": "java.lang.String",
        "precision": 254,
        "scale": 0,
        "isNullable": true,
        "isAutoIncrement": false,
        "numericPrecisionRadix": 0,
        "isCaseSensitive": false,
        "isSearchable": true,
        "isSigned": false,
        "isCurrency": false,
        "columnDisplaySize": 254,
        "baseType": null
      },
      "comment": "",
      "collation": "",
      "defaultDefinition": ""
    },
    {
      "name": "GRAPHIC_127_CODEUNITS32_COL",
      "type": {
        "name": "GRAPHIC",
        "typeNumber": 1,
        "className": "java.lang.String",
        "precision": 252,
        "scale": 0,
        "isNullable": true,
        "isAutoIncrement": false,
        "numericPrecisionRadix": 0,
        "isCaseSensitive": false,
        "isSearchable": true,
        "isSigned": false,
        "isCurrency": false,
        "columnDisplaySize": 252,
        "baseType": null
      },
      "comment": "",
      "collation": "",
      "defaultDefinition": ""
    },
    {
      "name": "BLOB_2147483647_COL",
      "type": {
        "name": "BLOB",
        "typeNumber": 2004,
        "className": "java.sql.Blob",
        "precision": 2147483647,
        "scale": 0,
        "isNullable": true,
        "isAutoIncrement": false,
        "numericPrecisionRadix": 0,
        "isCaseSensitive": false,
        "isSearchable": false,
        "isSigned": false,
        "isCurrency": false,
        "columnDisplaySize": 2147483647,
        "baseType": null
      },
      "comment": "",
      "collation": "",
      "defaultDefinition": ""
    }
  ],
  "indexes": [
    {
      "name": "",
      "columns": [],
      "isUnique": false,
      "comment": "",
      "qualifierName": "",
      "isClustered": false,
      "isHashed": false,
      "isStatistic": true,
      "whereClause": "",
      "cardinality": 0,
      "pages": 0
    }
  ],
  "collation": "",
  "primaryKey": null,
  "bestRowIdentifier": null
}