{
  "name": "CHAR_DATA_TYPES",
  "catalogName": "",
  "schemaName": "TEST",
  "typeName": "TABLE",
  "comment": "",
  "columns": [
    {
      "name": "CHAR_COL",
      "type": {
        "name": "CHAR",
        "typeNumber": 1,
        "className": "java.lang.String",
        "precision": 1,
        "scale": 0,
        "isNullable": true,
        "isAutoIncrement": false,
        "numericPrecisionRadix": 0,
        "isCaseSensitive": false,
        "isSearchable": true,
        "isSigned": false,
        "isCurrency": false,
        "columnDisplaySize": 1,
        "baseType": null
      },
      "comment": "",
      "collation": "",
      "defaultDefinition": ""
    },
    {
      "name": "CHARACTER_COL",
      "type": {
        "name": "CHAR",
        "typeNumber": 1,
        "className": "java.lang.String",
        "precision": 1,
        "scale": 0,
        "isNullable": true,
        "isAutoIncrement": false,
        "numericPrecisionRadix": 0,
        "isCaseSensitive": false,
        "isSearchable": true,
        "isSigned": false,
        "isCurrency": false,
        "columnDisplaySize": 1,
        "baseType": null
      },
      "comment": "",
      "collation": "",
      "defaultDefinition": ""
    },
    {
      "name": "NCHAR_COL",
      "type": {
        "name": "CHAR",
        "typeNumber": 1,
        "className": "java.lang.String",
        "precision": 1,
        "scale": 0,
        "isNullable": true,
        "isAutoIncrement": false,
        "numericPrecisionRadix": 0,
        "isCaseSensitive": false,
        "isSearchable": true,
        "isSigned": false,
        "isCurrency": false,
        "columnDisplaySize": 1,
        "baseType": null
      },
      "comment": "",
      "collation": "",
      "defaultDefinition": ""
    },
    {
      "name": "NATIONAL_CHAR",
      "type": {
        "name": "CHAR",
        "typeNumber": 1,
        "className": "java.lang.String",
        "precision": 1,
        "scale": 0,
        "isNullable": true,
        "isAutoIncrement": false,
        "numericPrecisionRadix": 0,
        "isCaseSensitive": false,
        "isSearchable": true,
        "isSigned": false,
        "isCurrency": false,
        "columnDisplaySize": 1,
        "baseType": null
      },
      "comment": "",
      "collation": "",
      "defaultDefinition": ""
    },
    {
      "name": "NATIONAL_CHARACTER",
      "type": {
        "name": "CHAR",
        "typeNumber": 1,
        "className": "java.lang.String",
        "precision": 1,
        "scale": 0,
        "isNullable": true,
        "isAutoIncrement": false,
        "numericPrecisionRadix": 0,
        "isCaseSensitive": false,
        "isSearchable": true,
        "isSigned": false,
        "isCurrency": false,
        "columnDisplaySize": 1,
        "baseType": null
      },
      "comment": "",
      "collation": "",
      "defaultDefinition": ""
    },
    {
      "name": "CHAR_1_COL",
      "type": {
        "name": "CHAR",
        "typeNumber": 1,
        "className": "java.lang.String",
        "precision": 1,
        "scale": 0,
        "isNullable": true,
        "isAutoIncrement": false,
        "numericPrecisionRadix": 0,
        "isCaseSensitive": false,
        "isSearchable": true,
        "isSigned": false,
        "isCurrency": false,
        "columnDisplaySize": 1,
        "baseType": null
      },
      "comment": "",
      "collation": "",
      "defaultDefinition": ""
    },
    {
      "name": "CHAR_1_OCTETS_COL",
      "type": {
        "name": "CHAR",
        "typeNumber": 1,
        "className": "java.lang.String",
        "precision": 1,
        "scale": 0,
        "isNullable": true,
        "isAutoIncrement": false,
        "numericPrecisionRadix": 0,
        "isCaseSensitive": false,
        "isSearchable": true,
        "isSigned": false,
        "isCurrency": false,
        "columnDisplaySize": 1,
        "baseType": null
      },
      "comment": "",
      "collation": "",
      "defaultDefinition": ""
    },
    {
      "name": "CHAR_1_CODEUNITS32_COL",
      "type": {
        "name": "CHAR",
        "typeNumber": 1,
        "className": "java.lang.String",
        "precision": 1,
        "scale": 0,
        "isNullable": true,
        "isAutoIncrement": false,
        "numericPrecisionRadix": 0,
        "isCaseSensitive": false,
        "isSearchable": true,
        "isSigned": false,
        "isCurrency": false,
        "columnDisplaySize": 1,
        "baseType": null
      },
      "comment": "",
      "collation": "",
      "defaultDefinition": ""
    },
    {
      "name": "CHARACTER_1_COL",
      "type": {
        "name": "CHAR",
        "typeNumber": 1,
        "className": "java.lang.String",
        "precision": 1,
        "scale": 0,
        "isNullable": true,
        "isAutoIncrement": false,
        "numericPrecisionRadix": 0,
        "isCaseSensitive": false,
        "isSearchable": true,
        "isSigned": false,
        "isCurrency": false,
        "columnDisplaySize": 1,
        "baseType": null
      },
      "comment": "",
      "collation": "",
      "defaultDefinition": ""
    },
    {
      "name": "CHARACTER_1_OCTETS_COL",
      "type": {
        "name": "CHAR",
        "typeNumber": 1,
        "className": "java.lang.String",
        "precision": 1,
        "scale": 0,
        "isNullable": true,
        "isAutoIncrement": false,
        "numericPrecisionRadix": 0,
        "isCaseSensitive": false,
        "isSearchable": true,
        "isSigned": false,
        "isCurrency": false,
        "columnDisplaySize": 1,
        "baseType": null
      },
      "comment": "",
      "collation": "",
      "defaultDefinition": ""
    },
    {
      "name": "CHARACTER_1_CODEUNITS32_COL",
      "type": {
        "name": "CHAR",
        "typeNumber": 1,
        "className": "java.lang.String",
        "precision": 1,
        "scale": 0,
        "isNullable": true,
        "isAutoIncrement": false,
        "numericPrecisionRadix": 0,
        "isCaseSensitive": false,
        "isSearchable": true,
        "isSigned": false,
        "isCurrency": false,
        "columnDisplaySize": 1,
        "baseType": null
      },
      "comment": "",
      "collation": "",
      "defaultDefinition": ""
    },
    {
      "name": "VARCHAR_1_COL",
      "type": {
        "name": "VARCHAR",
        "typeNumber": 12,
        "className": "java.lang.String",
        "precision": 1,
        "scale": 0,
        "isNullable": true,
        "isAutoIncrement": false,
        "numericPrecisionRadix": 0,
        "isCaseSensitive": false,
        "isSearchable": true,
        "isSigned": false,
        "isCurrency": false,
        "columnDisplaySize": 1,
        "baseType": null
      },
      "comment": "",
      "collation": "",
      "defaultDefinition": ""
    },
    {
      "name": "VARCHAR_1_OCTETS_COL",
      "type": {
        "name": "VARCHAR",
        "typeNumber": 12,
        "className": "java.lang.String",
        "precision": 1,
        "scale": 0,
        "isNullable": true,
        "isAutoIncrement": false,
        "numericPrecisionRadix": 0,
        "isCaseSensitive": false,
        "isSearchable": true,
        "isSigned": false,
        "isCurrency": false,
        "columnDisplaySize": 1,
        "baseType": null
      },
      "comment": "",
      "collation": "",
      "defaultDefinition": ""
    },
    {
      "name": "VARCHAR_1_CODEUNITS32_COL",
      "type": {
        "name": "VARCHAR",
        "typeNumber": 12,
        "className": "java.lang.String",
        "precision": 1,
        "scale": 0,
        "isNullable": true,
        "isAutoIncrement": false,
        "numericPrecisionRadix": 0,
        "isCaseSensitive": false,
        "isSearchable": true,
        "isSigned": false,
        "isCurrency": false,
        "columnDisplaySize": 1,
        "baseType": null
      },
      "comment": "",
      "collation": "",
      "defaultDefinition": ""
    },
    {
      "name": "CHAR_VARCHAR_1_COL",
      "type": {
        "name": "VARCHAR",
        "typeNumber": 12,
        "className": "java.lang.String",
        "precision": 1,
        "scale": 0,
        "isNullable": true,
        "isAutoIncrement": false,
        "numericPrecisionRadix": 0,
        "isCaseSensitive": false,
        "isSearchable": true,
        "isSigned": false,
        "isCurrency": false,
        "columnDisplaySize": 1,
        "baseType": null
      },
      "comment": "",
      "collation": "",
      "defaultDefinition": ""
    },
    {
      "name": "CHAR_VARCHAR_1_OCTETS_COL",
      "type": {
        "name": "VARCHAR",
        "typeNumber": 12,
        "className": "java.lang.String",
        "precision": 1,
        "scale": 0,
        "isNullable": true,
        "isAutoIncrement": false,
        "numericPrecisionRadix": 0,
        "isCaseSensitive": false,
        "isSearchable": true,
        "isSigned": false,
        "isCurrency": false,
        "columnDisplaySize": 1,
        "baseType": null
      },
      "comment": "",
      "collation": "",
      "defaultDefinition": ""
    },
    {
      "name": "CHAR_VARCHAR_1_CODEUNITS32_COL",
      "type": {
        "name": "VARCHAR",
        "typeNumber": 12,
        "className": "java.lang.String",
        "precision": 1,
        "scale": 0,
        "isNullable": true,
        "isAutoIncrement": false,
        "numericPrecisionRadix": 0,
        "isCaseSensitive": false,
        "isSearchable": true,
        "isSigned": false,
        "isCurrency": false,
        "columnDisplaySize": 1,
        "baseType": null
      },
      "comment": "",
      "collation": "",
      "defaultDefinition": ""
    },
    {
      "name": "CHARACTER_VARYING_1_COL",
      "type": {
        "name": "VARCHAR",
        "typeNumber": 12,
        "className": "java.lang.String",
        "precision": 1,
        "scale": 0,
        "isNullable": true,
        "isAutoIncrement": false,
        "numericPrecisionRadix": 0,
        "isCaseSensitive": false,
        "isSearchable": true,
        "isSigned": false,
        "isCurrency": false,
        "columnDisplaySize": 1,
        "baseType": null
      },
      "comment": "",
      "collation": "",
      "defaultDefinition": ""
    },
    {
      "name": "CHARACTER_VARYING_1_OCTETS_COL",
      "type": {
        "name": "VARCHAR",
        "typeNumber": 12,
        "className": "java.lang.String",
        "precision": 1,
        "scale": 0,
        "isNullable": true,
        "isAutoIncrement": false,
        "numericPrecisionRadix": 0,
        "isCaseSensitive": false,
        "isSearchable": true,
        "isSigned": false,
        "isCurrency": false,
        "columnDisplaySize": 1,
        "baseType": null
      },
      "comment": "",
      "collation": "",
      "defaultDefinition": ""
    },
    {
      "name": "CHARACTER_VARYING_1_CODEUNITS32_COL",
      "type": {
        "name": "VARCHAR",
        "typeNumber": 12,
        "className": "java.lang.String",
        "precision": 1,
        "scale": 0,
        "isNullable": true,
        "isAutoIncrement": false,
        "numericPrecisionRadix": 0,
        "isCaseSensitive": false,
        "isSearchable": true,
        "isSigned": false,
        "isCurrency": false,
        "columnDisplaySize": 1,
        "baseType": null
      },
      "comment": "",
      "collation": "",
      "defaultDefinition": ""
    },
    {
      "name": "NCHAR_1_COL",
      "type": {
        "name": "CHAR",
        "typeNumber": 1,
        "className": "java.lang.String",
        "precision": 1,
        "scale": 0,
        "isNullable": true,
        "isAutoIncrement": false,
        "numericPrecisionRadix": 0,
        "isCaseSensitive": false,
        "isSearchable": true,
        "isSigned": false,
        "isCurrency": false,
        "columnDisplaySize": 1,
        "baseType": null
      },
      "comment": "",
      "collation": "",
      "defaultDefinition": ""
    },
    {
      "name": "NATIONAL_1_CHAR",
      "type": {
        "name": "CHAR",
        "typeNumber": 1,
        "className": "java.lang.String",
        "precision": 1,
        "scale": 0,
        "isNullable": true,
        "isAutoIncrement": false,
        "numericPrecisionRadix": 0,
        "isCaseSensitive": false,
        "isSearchable": true,
        "isSigned": false,
        "isCurrency": false,
        "columnDisplaySize": 1,
        "baseType": null
      },
      "comment": "",
      "collation": "",
      "defaultDefinition": ""
    },
    {
      "name": "NATIONAL_1_CHARACTER",
      "type": {
        "name": "CHAR",
        "typeNumber": 1,
        "className": "java.lang.String",
        "precision": 1,
        "scale": 0,
        "isNullable": true,
        "isAutoIncrement": false,
        "numericPrecisionRadix": 0,
        "isCaseSensitive": false,
        "isSearchable": true,
        "isSigned": false,
        "isCurrency": false,
        "columnDisplaySize": 1,
        "baseType": null
      },
      "comment": "",
      "collation": "",
      "defaultDefinition": ""
    },
    {
      "name": "NVARCHAR_1_COL",
      "type": {
        "name": "VARCHAR",
        "typeNumber": 12,
        "className": "java.lang.String",
        "precision": 1,
        "scale": 0,
        "isNullable": true,
        "isAutoIncrement": false,
        "numericPrecisionRadix": 0,
        "isCaseSensitive": false,
        "isSearchable": true,
        "isSigned": false,
        "isCurrency": false,
        "columnDisplaySize": 1,
        "baseType": null
      },
      "comment": "",
      "collation": "",
      "defaultDefinition": ""
    },
    {
      "name": "CHAR_255_COL",
      "type": {
        "name": "CHAR",
        "typeNumber": 1,
        "className": "java.lang.String",
        "precision": 255,
        "scale": 0,
        "isNullable": true,
        "isAutoIncrement": false,
        "numericPrecisionRadix": 0,
        "isCaseSensitive": false,
        "isSearchable": true,
        "isSigned": false,
        "isCurrency": false,
        "columnDisplaySize": 255,
        "baseType": null
      },
      "comment": "",
      "collation": "",
      "defaultDefinition": ""
    },
    {
      "name": "CHAR_255_OCTETS_COL",
      "type": {
        "name": "CHAR",
        "typeNumber": 1,
        "className": "java.lang.String",
        "precision": 255,
        "scale": 0,
        "isNullable": true,
        "isAutoIncrement": false,
        "numericPrecisionRadix": 0,
        "isCaseSensitive": false,
        "isSearchable": true,
        "isSigned": false,
        "isCurrency": false,
        "columnDisplaySize": 255,
        "baseType": null
      },
      "comment": "",
      "collation": "",
      "defaultDefinition": ""
    },
    {
      "name": "CHAR_63_CODEUNITS32_COL",
      "type": {
        "name": "CHAR",
        "typeNumber": 1,
        "className": "java.lang.String",
        "precision": 63,
        "scale": 0,
        "isNullable": true,
        "isAutoIncrement": false,
        "numericPrecisionRadix": 0,
        "isCaseSensitive": false,
        "isSearchable": true,
        "isSigned": false,
        "isCurrency": false,
        "columnDisplaySize": 63,
        "baseType": null
      },
      "comment": "",
      "collation": "",
      "defaultDefinition": ""
    },
    {
      "name": "CHARACTER_255_COL",
      "type": {
        "name": "CHAR",
        "typeNumber": 1,
        "className": "java.lang.String",
        "precision": 255,
        "scale": 0,
        "isNullable": true,
        "isAutoIncrement": false,
        "numericPrecisionRadix": 0,
        "isCaseSensitive": false,
        "isSearchable": true,
        "isSigned": false,
        "isCurrency": false,
        "columnDisplaySize": 255,
        "baseType": null
      },
      "comment": "",
      "collation": "",
      "defaultDefinition": ""
    },
    {
      "name": "CHARACTER_255_OCTETS_COL",
      "type": {
        "name": "CHAR",
        "typeNumber": 1,
        "className": "java.lang.String",
        "precision": 255,
        "scale": 0,
        "isNullable": true,
        "isAutoIncrement": false,
        "numericPrecisionRadix": 0,
        "isCaseSensitive": false,
        "isSearchable": true,
        "isSigned": false,
        "isCurrency": false,
        "columnDisplaySize": 255,
        "baseType": null
      },
      "comment": "",
      "collation": "",
      "defaultDefinition": ""
    },
    {
      "name": "CHARACTER_63_CODEUNITS32_COL",
      "type": {
        "name": "CHAR",
        "typeNumber": 1,
        "className": "java.lang.String",
        "precision": 63,
        "scale": 0,
        "isNullable": true,
        "isAutoIncrement": false,
        "numericPrecisionRadix": 0,
        "isCaseSensitive": false,
        "isSearchable": true,
        "isSigned": false,
        "isCurrency": false,
        "columnDisplaySize": 63,
        "baseType": null
      },
      "comment": "",
      "collation": "",
      "defaultDefinition": ""
    },
    {
      "name": "VARCHAR_32672_COL",
      "type": {
        "name": "VARCHAR",
        "typeNumber": 12,
        "className": "java.lang.String",
        "precision": 32672,
        "scale": 0,
        "isNullable": true,
        "isAutoIncrement": false,
        "numericPrecisionRadix": 0,
        "isCaseSensitive": false,
        "isSearchable": true,
        "isSigned": false,
        "isCurrency": false,
        "columnDisplaySize": 32672,
        "baseType": null
      },
      "comment": "",
      "collation": "",
      "defaultDefinition": ""
    },
    {
      "name": "VARCHAR_32672_OCTETS_COL",
      "type": {
        "name": "VARCHAR",
        "typeNumber": 12,
        "className": "java.lang.String",
        "precision": 32672,
        "scale": 0,
        "isNullable": true,
        "isAutoIncrement": false,
        "numericPrecisionRadix": 0,
        "isCaseSensitive": false,
        "isSearchable": true,
        "isSigned": false,
        "isCurrency": false,
        "columnDisplaySize": 32672,
        "baseType": null
      },
      "comment": "",
      "collation": "",
      "defaultDefinition": ""
    },
    {
      "name": "VARCHAR_8168_CODEUNITS32_COL",
      "type": {
        "name": "VARCHAR",
        "typeNumber": 12,
        "className": "java.lang.String",
        "precision": 8168,
        "scale": 0,
        "isNullable": true,
        "isAutoIncrement": false,
        "numericPrecisionRadix": 0,
        "isCaseSensitive": false,
        "isSearchable": true,
        "isSigned": false,
        "isCurrency": false,
        "columnDisplaySize": 8168,
        "baseType": null
      },
      "comment": "",
      "collation": "",
      "defaultDefinition": ""
    },
    {
      "name": "NCHAR_63_COL",
      "type": {
        "name": "CHAR",
        "typeNumber": 1,
        "className": "java.lang.String",
        "precision": 63,
        "scale": 0,
        "isNullable": true,
        "isAutoIncrement": false,
        "numericPrecisionRadix": 0,
        "isCaseSensitive": false,
        "isSearchable": true,
        "isSigned": false,
        "isCurrency": false,
        "columnDisplaySize": 63,
        "baseType": null
      },
      "comment": "",
      "collation": "",
      "defaultDefinition": ""
    },
    {
      "name": "NATIONAL_CHAR_63_COL",
      "type": {
        "name": "CHAR",
        "typeNumber": 1,
        "className": "java.lang.String",
        "precision": 63,
        "scale": 0,
        "isNullable": true,
        "isAutoIncrement": false,
        "numericPrecisionRadix": 0,
        "isCaseSensitive": false,
        "isSearchable": true,
        "isSigned": false,
        "isCurrency": false,
        "columnDisplaySize": 63,
        "baseType": null
      },
      "comment": "",
      "collation": "",
      "defaultDefinition": ""
    },
    {
      "name": "NATIONAL_CHARACTER_63_COL",
      "type": {
        "name": "CHAR",
        "typeNumber": 1,
        "className": "java.lang.String",
        "precision": 63,
        "scale": 0,
        "isNullable": true,
        "isAutoIncrement": false,
        "numericPrecisionRadix": 0,
        "isCaseSensitive": false,
        "isSearchable": true,
        "isSigned": false,
        "isCurrency": false,
        "columnDisplaySize": 63,
        "baseType": null
      },
      "comment": "",
      "collation": "",
      "defaultDefinition": ""
    },
    {
      "name": "NVARCHAR_8168_COL",
      "type": {
        "name": "VARCHAR",
        "typeNumber": 12,
        "className": "java.lang.String",
        "precision": 8168,
        "scale": 0,
        "isNullable": true,
        "isAutoIncrement": false,
        "numericPrecisionRadix": 0,
        "isCaseSensitive": false,
        "isSearchable": true,
        "isSigned": false,
        "isCurrency": false,
        "columnDisplaySize": 8168,
        "baseType": null
      },
      "comment": "",
      "collation": "",
      "defaultDefinition": ""
    },
    {
      "name": "NCHAR_VARYING_8168_COL",
      "type": {
        "name": "VARCHAR",
        "typeNumber": 12,
        "className": "java.lang.String",
        "precision": 8168,
        "scale": 0,
        "isNullable": true,
        "isAutoIncrement": false,
        "numericPrecisionRadix": 0,
        "isCaseSensitive": false,
        "isSearchable": true,
        "isSigned": false,
        "isCurrency": false,
        "columnDisplaySize": 8168,
        "baseType": null
      },
      "comment": "",
      "collation": "",
      "defaultDefinition": ""
    },
    {
      "name": "NATIONAL_CHAR_VARYING_8168_COL",
      "type": {
        "name": "VARCHAR",
        "typeNumber": 12,
        "className": "java.lang.String",
        "precision": 8168,
        "scale": 0,
        "isNullable": true,
        "isAutoIncrement": false,
        "numericPrecisionRadix": 0,
        "isCaseSensitive": false,
        "isSearchable": true,
        "isSigned": false,
        "isCurrency": false,
        "columnDisplaySize": 8168,
        "baseType": null
      },
      "comment": "",
      "collation": "",
      "defaultDefinition": ""
    },
    {
      "name": "NATIONAL_CHARACTER_VARYING_8168_COL",
      "type": {
        "name": "VARCHAR",
        "typeNumber": 12,
        "className": "java.lang.String",
        "precision": 8168,
        "scale": 0,
        "isNullable": true,
        "isAutoIncrement": false,
        "numericPrecisionRadix": 0,
        "isCaseSensitive": false,
        "isSearchable": true,
        "isSigned": false,
        "isCurrency": false,
        "columnDisplaySize": 8168,
        "baseType": null
      },
      "comment": "",
      "collation": "",
      "defaultDefinition": ""
    },
    {
      "name": "LONG_VARCHAR_COL",
      "type": {
        "name": "LONG VARCHAR",
        "typeNumber": -1,
        "className": "java.lang.String",
        "precision": 32700,
        "scale": 0,
        "isNullable": true,
        "isAutoIncrement": false,
        "numericPrecisionRadix": 0,
        "isCaseSensitive": false,
        "isSearchable": true,
        "isSigned": false,
        "isCurrency": false,
        "columnDisplaySize": 65535,
        "baseType": null
      },
      "comment": "",
      "collation": "",
      "defaultDefinition": ""
    }
  ],
  "indexes": [
    {
      "name": "",
      "columns": [],
      "isUnique": false,
      "comment": "",
      "qualifierName": "",
      "isClustered": false,
      "isHashed": false,
      "isStatistic": true,
      "whereClause": "",
      "cardinality": 0,
      "pages": 0
    }
  ],
  "collation": "",
  "primaryKey": null,
  "bestRowIdentifier": null
}