{
  "name": "NUMERIC_DATA_TYPES",
  "catalogName": "",
  "schemaName": "TEST",
  "typeName": "TABLE",
  "comment": "",
  "columns": [
    {
      "name": "SMALLINT_COL",
      "type": {
        "name": "SMALLINT",
        "typeNumber": 5,
        "className": "java.lang.Short",
        "precision": 5,
        "scale": 0,
        "isNullable": true,
        "isAutoIncrement": false,
        "numericPrecisionRadix": 10,
        "isCaseSensitive": false,
        "isSearchable": true,
        "isSigned": true,
        "isCurrency": false,
        "columnDisplaySize": 6,
        "baseType": null
      },
      "comment": "",
      "collation": "",
      "defaultDefinition": ""
    },
    {
      "name": "INT_COL",
      "type": {
        "name": "INTEGER",
        "typeNumber": 4,
        "className": "java.lang.Integer",
        "precision": 10,
        "scale": 0,
        "isNullable": true,
        "isAutoIncrement": false,
        "numericPrecisionRadix": 10,
        "isCaseSensitive": false,
        "isSearchable": true,
        "isSigned": true,
        "isCurrency": false,
        "columnDisplaySize": 11,
        "baseType": null
      },
      "comment": "",
      "collation": "",
      "defaultDefinition": ""
    },
    {
      "name": "INTEGER_COL",
      "type": {
        "name": "INTEGER",
        "typeNumber": 4,
        "className": "java.lang.Integer",
        "precision": 10,
        "scale": 0,
        "isNullable": true,
        "isAutoIncrement": false,
        "numericPrecisionRadix": 10,
        "isCaseSensitive": false,
        "isSearchable": true,
        "isSigned": true,
        "isCurrency": false,
        "columnDisplaySize": 11,
        "baseType": null
      },
      "comment": "",
      "collation": "",
      "defaultDefinition": ""
    },
    {
      "name": "BIGINT_COL",
      "type": {
        "name": "BIGINT",
        "typeNumber": -5,
        "className": "java.lang.Long",
        "precision": 19,
        "scale": 0,
        "isNullable": true,
        "isAutoIncrement": false,
        "numericPrecisionRadix": 10,
        "isCaseSensitive": false,
        "isSearchable": true,
        "isSigned": true,
        "isCurrency": false,
        "columnDisplaySize": 20,
        "baseType": null
      },
      "comment": "",
      "collation": "",
      "defaultDefinition": ""
    },
    {
      "name": "REAL_COL",
      "type": {
        "name": "REAL",
        "typeNumber": 7,
        "className": "java.lang.Float",
        "precision": 24,
        "scale": 0,
        "isNullable": true,
        "isAutoIncrement": false,
        "numericPrecisionRadix": 2,
        "isCaseSensitive": false,
        "isSearchable": true,
        "isSigned": true,
        "isCurrency": false,
        "columnDisplaySize": 24,
        "baseType": null
      },
      "comment": "",
      "collation": "",
      "defaultDefinition": ""
    },
    {
      "name": "FLOAT_COL",
      "type": {
        "name": "DOUBLE",
        "typeNumber": 8,
        "className": "java.lang.Double",
        "precision": 53,
        "scale": 0,
        "isNullable": true,
        "isAutoIncrement": false,
        "numericPrecisionRadix": 2,
        "isCaseSensitive": false,
        "isSearchable": true,
        "isSigned": true,
        "isCurrency": false,
        "columnDisplaySize": 24,
        "baseType": null
      },
      "comment": "",
      "collation": "",
      "defaultDefinition": ""
    },
    {
      "name": "FLOAT_1_COL",
      "type": {
        "name": "REAL",
        "typeNumber": 7,
        "className": "java.lang.Float",
        "precision": 24,
        "scale": 0,
        "isNullable": true,
        "isAutoIncrement": false,
        "numericPrecisionRadix": 2,
        "isCaseSensitive": false,
        "isSearchable": true,
        "isSigned": true,
        "isCurrency": false,
        "columnDisplaySize": 24,
        "baseType": null
      },
      "comment": "",
      "collation": "",
      "defaultDefinition": ""
    },
    {
      "name": "FLOAT_24_COL",
      "type": {
        "name": "REAL",
        "typeNumber": 7,
        "className": "java.lang.Float",
        "precision": 24,
        "scale": 0,
        "isNullable": true,
        "isAutoIncrement": false,
        "numericPrecisionRadix": 2,
        "isCaseSensitive": false,
        "isSearchable": true,
        "isSigned": true,
        "isCurrency": false,
        "columnDisplaySize": 24,
        "baseType": null
      },
      "comment": "",
      "collation": "",
      "defaultDefinition": ""
    },
    {
      "name": "FLOAT_25_COL",
      "type": {
        "name": "DOUBLE",
        "typeNumber": 8,
        "className": "java.lang.Double",
        "precision": 53,
        "scale": 0,
        "isNullable": true,
        "isAutoIncrement": false,
        "numericPrecisionRadix": 2,
        "isCaseSensitive": false,
        "isSearchable": true,
        "isSigned": true,
        "isCurrency": false,
        "columnDisplaySize": 24,
        "baseType": null
      },
      "comment": "",
      "collation": "",
      "defaultDefinition": ""
    },
    {
      "name": "FLOAT_53_COL",
      "type": {
        "name": "DOUBLE",
        "typeNumber": 8,
        "className": "java.lang.Double",
        "precision": 53,
        "scale": 0,
        "isNullable": true,
        "isAutoIncrement": false,
        "numericPrecisionRadix": 2,
        "isCaseSensitive": false,
        "isSearchable": true,
        "isSigned": true,
        "isCurrency": false,
        "columnDisplaySize": 24,
        "baseType": null
      },
      "comment": "",
      "collation": "",
      "defaultDefinition": ""
    },
    {
      "name": "DOUBLE_COL",
      "type": {
        "name": "DOUBLE",
        "typeNumber": 8,
        "className": "java.lang.Double",
        "precision": 53,
        "scale": 0,
        "isNullable": true,
        "isAutoIncrement": false,
        "numericPrecisionRadix": 2,
        "isCaseSensitive": false,
        "isSearchable": true,
        "isSigned": true,
        "isCurrency": false,
        "columnDisplaySize": 24,
        "baseType": null
      },
      "comment": "",
      "collation": "",
      "defaultDefinition": ""
    },
    {
      "name": "DOUBLE_PRECISION_COL",
      "type": {
        "name": "DOUBLE",
        "typeNumber": 8,
        "className": "java.lang.Double",
        "precision": 53,
        "scale": 0,
        "isNullable": true,
        "isAutoIncrement": false,
        "numericPrecisionRadix": 2,
        "isCaseSensitive": false,
        "isSearchable": true,
        "isSigned": true,
        "isCurrency": false,
        "columnDisplaySize": 24,
        "baseType": null
      },
      "comment": "",
      "collation": "",
      "defaultDefinition": ""
    },
    {
      "name": "DECFLOAT_COL",
      "type": {
        "name": "DECFLOAT",
        "typeNumber": 1111,
        "className": "java.lang.Object",
        "precision": 34,
        "scale": 0,
        "isNullable": true,
        "isAutoIncrement": false,
        "numericPrecisionRadix": 10,
        "isCaseSensitive": false,
        "isSearchable": true,
        "isSigned": false,
        "isCurrency": false,
        "columnDisplaySize": 0,
        "baseType": null
      },
      "comment": "",
      "collation": "",
      "defaultDefinition": ""
    },
    {
      "name": "DECFLOAT_16_COL",
      "type": {
        "name": "DECFLOAT",
        "typeNumber": 1111,
        "className": "java.lang.Object",
        "precision": 16,
        "scale": 0,
        "isNullable": true,
        "isAutoIncrement": false,
        "numericPrecisionRadix": 10,
        "isCaseSensitive": false,
        "isSearchable": true,
        "isSigned": false,
        "isCurrency": false,
        "columnDisplaySize": 0,
        "baseType": null
      },
      "comment": "",
      "collation": "",
      "defaultDefinition": ""
    },
    {
      "name": "DECFLOAT_34_COL",
      "type": {
        "name": "DECFLOAT",
        "typeNumber": 1111,
        "className": "java.lang.Object",
        "precision": 34,
        "scale": 0,
        "isNullable": true,
        "isAutoIncrement": false,
        "numericPrecisionRadix": 10,
        "isCaseSensitive": false,
        "isSearchable": true,
        "isSigned": false,
        "isCurrency": false,
        "columnDisplaySize": 0,
        "baseType": null
      },
      "comment": "",
      "collation": "",
      "defaultDefinition": ""
    },
    {
      "name": "DEC_COL",
      "type": {
        "name": "DECIMAL",
        "typeNumber": 3,
        "className": "java.math.BigDecimal",
        "precision": 5,
        "scale": 0,
        "isNullable": true,
        "isAutoIncrement": false,
        "numericPrecisionRadix": 10,
        "isCaseSensitive": false,
        "isSearchable": true,
        "isSigned": true,
        "isCurrency": false,
        "columnDisplaySize": 5,
        "baseType": null
      },
      "comment": "",
      "collation": "",
      "defaultDefinition": ""
    },
    {
      "name": "DECIMAL_COL",
      "type": {
        "name": "DECIMAL",
        "typeNumber": 3,
        "className": "java.math.BigDecimal",
        "precision": 5,
        "scale": 0,
        "isNullable": true,
        "isAutoIncrement": false,
        "numericPrecisionRadix": 10,
        "isCaseSensitive": false,
        "isSearchable": true,
        "isSigned": true,
        "isCurrency": false,
        "columnDisplaySize": 5,
        "baseType": null
      },
      "comment": "",
      "collation": "",
      "defaultDefinition": ""
    },
    {
      "name": "NUMERIC_COL",
      "type": {
        "name": "DECIMAL",
        "typeNumber": 3,
        "className": "java.math.BigDecimal",
        "precision": 5,
        "scale": 0,
        "isNullable": true,
        "isAutoIncrement": false,
        "numericPrecisionRadix": 10,
        "isCaseSensitive": false,
        "isSearchable": true,
        "isSigned": true,
        "isCurrency": false,
        "columnDisplaySize": 5,
        "baseType": null
      },
      "comment": "",
      "collation": "",
      "defaultDefinition": ""
    },
    {
      "name": "NUM_COL",
      "type": {
        "name": "DECIMAL",
        "typeNumber": 3,
        "className": "java.math.BigDecimal",
        "precision": 5,
        "scale": 0,
        "isNullable": true,
        "isAutoIncrement": false,
        "numericPrecisionRadix": 10,
        "isCaseSensitive": false,
        "isSearchable": true,
        "isSigned": true,
        "isCurrency": false,
        "columnDisplaySize": 5,
        "baseType": null
      },
      "comment": "",
      "collation": "",
      "defaultDefinition": ""
    },
    {
      "name": "DEC_1_COL",
      "type": {
        "name": "DECIMAL",
        "typeNumber": 3,
        "className": "java.math.BigDecimal",
        "precision": 1,
        "scale": 0,
        "isNullable": true,
        "isAutoIncrement": false,
        "numericPrecisionRadix": 10,
        "isCaseSensitive": false,
        "isSearchable": true,
        "isSigned": true,
        "isCurrency": false,
        "columnDisplaySize": 1,
        "baseType": null
      },
      "comment": "",
      "collation": "",
      "defaultDefinition": ""
    },
    {
      "name": "DECIMAL_1_COL",
      "type": {
        "name": "DECIMAL",
        "typeNumber": 3,
        "className": "java.math.BigDecimal",
        "precision": 1,
        "scale": 0,
        "isNullable": true,
        "isAutoIncrement": false,
        "numericPrecisionRadix": 10,
        "isCaseSensitive": false,
        "isSearchable": true,
        "isSigned": true,
        "isCurrency": false,
        "columnDisplaySize": 1,
        "baseType": null
      },
      "comment": "",
      "collation": "",
      "defaultDefinition": ""
    },
    {
      "name": "NUMERIC_1_COL",
      "type": {
        "name": "DECIMAL",
        "typeNumber": 3,
        "className": "java.math.BigDecimal",
        "precision": 1,
        "scale": 0,
        "isNullable": true,
        "isAutoIncrement": false,
        "numericPrecisionRadix": 10,
        "isCaseSensitive": false,
        "isSearchable": true,
        "isSigned": true,
        "isCurrency": false,
        "columnDisplaySize": 1,
        "baseType": null
      },
      "comment": "",
      "collation": "",
      "defaultDefinition": ""
    },
    {
      "name": "NUM_1_COL",
      "type": {
        "name": "DECIMAL",
        "typeNumber": 3,
        "className": "java.math.BigDecimal",
        "precision": 1,
        "scale": 0,
        "isNullable": true,
        "isAutoIncrement": false,
        "numericPrecisionRadix": 10,
        "isCaseSensitive": false,
        "isSearchable": true,
        "isSigned": true,
        "isCurrency": false,
        "columnDisplaySize": 1,
        "baseType": null
      },
      "comment": "",
      "collation": "",
      "defaultDefinition": ""
    },
    {
      "name": "DEC_1_0_COL",
      "type": {
        "name": "DECIMAL",
        "typeNumber": 3,
        "className": "java.math.BigDecimal",
        "precision": 1,
        "scale": 0,
        "isNullable": true,
        "isAutoIncrement": false,
        "numericPrecisionRadix": 10,
        "isCaseSensitive": false,
        "isSearchable": true,
        "isSigned": true,
        "isCurrency": false,
        "columnDisplaySize": 1,
        "baseType": null
      },
      "comment": "",
      "collation": "",
      "defaultDefinition": ""
    },
    {
      "name": "DECIMAL_1_0_COL",
      "type": {
        "name": "DECIMAL",
        "typeNumber": 3,
        "className": "java.math.BigDecimal",
        "precision": 1,
        "scale": 0,
        "isNullable": true,
        "isAutoIncrement": false,
        "numericPrecisionRadix": 10,
        "isCaseSensitive": false,
        "isSearchable": true,
        "isSigned": true,
        "isCurrency": false,
        "columnDisplaySize": 1,
        "baseType": null
      },
      "comment": "",
      "collation": "",
      "defaultDefinition": ""
    },
    {
      "name": "NUMERIC_1_0_COL",
      "type": {
        "name": "DECIMAL",
        "typeNumber": 3,
        "className": "java.math.BigDecimal",
        "precision": 1,
        "scale": 0,
        "isNullable": true,
        "isAutoIncrement": false,
        "numericPrecisionRadix": 10,
        "isCaseSensitive": false,
        "isSearchable": true,
        "isSigned": true,
        "isCurrency": false,
        "columnDisplaySize": 1,
        "baseType": null
      },
      "comment": "",
      "collation": "",
      "defaultDefinition": ""
    },
    {
      "name": "NUM_1_0_COL",
      "type": {
        "name": "DECIMAL",
        "typeNumber": 3,
        "className": "java.math.BigDecimal",
        "precision": 1,
        "scale": 0,
        "isNullable": true,
        "isAutoIncrement": false,
        "numericPrecisionRadix": 10,
        "isCaseSensitive": false,
        "isSearchable": true,
        "isSigned": true,
        "isCurrency": false,
        "columnDisplaySize": 1,
        "baseType": null
      },
      "comment": "",
      "collation": "",
      "defaultDefinition": ""
    },
    {
      "name": "DEC_1_1_COL",
      "type": {
        "name": "DECIMAL",
        "typeNumber": 3,
        "className": "java.math.BigDecimal",
        "precision": 1,
        "scale": 1,
        "isNullable": true,
        "isAutoIncrement": false,
        "numericPrecisionRadix": 10,
        "isCaseSensitive": false,
        "isSearchable": true,
        "isSigned": true,
        "isCurrency": false,
        "columnDisplaySize": 1,
        "baseType": null
      },
      "comment": "",
      "collation": "",
      "defaultDefinition": ""
    },
    {
      "name": "DECIMAL_1_1_COL",
      "type": {
        "name": "DECIMAL",
        "typeNumber": 3,
        "className": "java.math.BigDecimal",
        "precision": 1,
        "scale": 1,
        "isNullable": true,
        "isAutoIncrement": false,
        "numericPrecisionRadix": 10,
        "isCaseSensitive": false,
        "isSearchable": true,
        "isSigned": true,
        "isCurrency": false,
        "columnDisplaySize": 1,
        "baseType": null
      },
      "comment": "",
      "collation": "",
      "defaultDefinition": ""
    },
    {
      "name": "NUMERIC_1_1_COL",
      "type": {
        "name": "DECIMAL",
        "typeNumber": 3,
        "className": "java.math.BigDecimal",
        "precision": 1,
        "scale": 1,
        "isNullable": true,
        "isAutoIncrement": false,
        "numericPrecisionRadix": 10,
        "isCaseSensitive": false,
        "isSearchable": true,
        "isSigned": true,
        "isCurrency": false,
        "columnDisplaySize": 1,
        "baseType": null
      },
      "comment": "",
      "collation": "",
      "defaultDefinition": ""
    },
    {
      "name": "NUM_1_1_COL",
      "type": {
        "name": "DECIMAL",
        "typeNumber": 3,
        "className": "java.math.BigDecimal",
        "precision": 1,
        "scale": 1,
        "isNullable": true,
        "isAutoIncrement": false,
        "numericPrecisionRadix": 10,
        "isCaseSensitive": false,
        "isSearchable": true,
        "isSigned": true,
        "isCurrency": false,
        "columnDisplaySize": 1,
        "baseType": null
      },
      "comment": "",
      "collation": "",
      "defaultDefinition": ""
    },
    {
      "name": "DEC_31_COL",
      "type": {
        "name": "DECIMAL",
        "typeNumber": 3,
        "className": "java.math.BigDecimal",
        "precision": 31,
        "scale": 0,
        "isNullable": true,
        "isAutoIncrement": false,
        "numericPrecisionRadix": 10,
        "isCaseSensitive": false,
        "isSearchable": true,
        "isSigned": true,
        "isCurrency": false,
        "columnDisplaySize": 31,
        "baseType": null
      },
      "comment": "",
      "collation": "",
      "defaultDefinition": ""
    },
    {
      "name": "DECIMAL_31_COL",
      "type": {
        "name": "DECIMAL",
        "typeNumber": 3,
        "className": "java.math.BigDecimal",
        "precision": 31,
        "scale": 0,
        "isNullable": true,
        "isAutoIncrement": false,
        "numericPrecisionRadix": 10,
        "isCaseSensitive": false,
        "isSearchable": true,
        "isSigned": true,
        "isCurrency": false,
        "columnDisplaySize": 31,
        "baseType": null
      },
      "comment": "",
      "collation": "",
      "defaultDefinition": ""
    },
    {
      "name": "NUMERIC_31_COL",
      "type": {
        "name": "DECIMAL",
        "typeNumber": 3,
        "className": "java.math.BigDecimal",
        "precision": 31,
        "scale": 0,
        "isNullable": true,
        "isAutoIncrement": false,
        "numericPrecisionRadix": 10,
        "isCaseSensitive": false,
        "isSearchable": true,
        "isSigned": true,
        "isCurrency": false,
        "columnDisplaySize": 31,
        "baseType": null
      },
      "comment": "",
      "collation": "",
      "defaultDefinition": ""
    },
    {
      "name": "NUM_31_COL",
      "type": {
        "name": "DECIMAL",
        "typeNumber": 3,
        "className": "java.math.BigDecimal",
        "precision": 31,
        "scale": 0,
        "isNullable": true,
        "isAutoIncrement": false,
        "numericPrecisionRadix": 10,
        "isCaseSensitive": false,
        "isSearchable": true,
        "isSigned": true,
        "isCurrency": false,
        "columnDisplaySize": 31,
        "baseType": null
      },
      "comment": "",
      "collation": "",
      "defaultDefinition": ""
    },
    {
      "name": "DEC_31_0_COL",
      "type": {
        "name": "DECIMAL",
        "typeNumber": 3,
        "className": "java.math.BigDecimal",
        "precision": 31,
        "scale": 0,
        "isNullable": true,
        "isAutoIncrement": false,
        "numericPrecisionRadix": 10,
        "isCaseSensitive": false,
        "isSearchable": true,
        "isSigned": true,
        "isCurrency": false,
        "columnDisplaySize": 31,
        "baseType": null
      },
      "comment": "",
      "collation": "",
      "defaultDefinition": ""
    },
    {
      "name": "DECIMAL_31_0_COL",
      "type": {
        "name": "DECIMAL",
        "typeNumber": 3,
        "className": "java.math.BigDecimal",
        "precision": 31,
        "scale": 0,
        "isNullable": true,
        "isAutoIncrement": false,
        "numericPrecisionRadix": 10,
        "isCaseSensitive": false,
        "isSearchable": true,
        "isSigned": true,
        "isCurrency": false,
        "columnDisplaySize": 31,
        "baseType": null
      },
      "comment": "",
      "collation": "",
      "defaultDefinition": ""
    },
    {
      "name": "NUMERIC_31_0_COL",
      "type": {
        "name": "DECIMAL",
        "typeNumber": 3,
        "className": "java.math.BigDecimal",
        "precision": 31,
        "scale": 0,
        "isNullable": true,
        "isAutoIncrement": false,
        "numericPrecisionRadix": 10,
        "isCaseSensitive": false,
        "isSearchable": true,
        "isSigned": true,
        "isCurrency": false,
        "columnDisplaySize": 31,
        "baseType": null
      },
      "comment": "",
      "collation": "",
      "defaultDefinition": ""
    },
    {
      "name": "NUM_31_0_COL",
      "type": {
        "name": "DECIMAL",
        "typeNumber": 3,
        "className": "java.math.BigDecimal",
        "precision": 31,
        "scale": 0,
        "isNullable": true,
        "isAutoIncrement": false,
        "numericPrecisionRadix": 10,
        "isCaseSensitive": false,
        "isSearchable": true,
        "isSigned": true,
        "isCurrency": false,
        "columnDisplaySize": 31,
        "baseType": null
      },
      "comment": "",
      "collation": "",
      "defaultDefinition": ""
    },
    {
      "name": "DEC_31_1_COL",
      "type": {
        "name": "DECIMAL",
        "typeNumber": 3,
        "className": "java.math.BigDecimal",
        "precision": 31,
        "scale": 1,
        "isNullable": true,
        "isAutoIncrement": false,
        "numericPrecisionRadix": 10,
        "isCaseSensitive": false,
        "isSearchable": true,
        "isSigned": true,
        "isCurrency": false,
        "columnDisplaySize": 31,
        "baseType": null
      },
      "comment": "",
      "collation": "",
      "defaultDefinition": ""
    },
    {
      "name": "DECIMAL_31_1_COL",
      "type": {
        "name": "DECIMAL",
        "typeNumber": 3,
        "className": "java.math.BigDecimal",
        "precision": 31,
        "scale": 1,
        "isNullable": true,
        "isAutoIncrement": false,
        "numericPrecisionRadix": 10,
        "isCaseSensitive": false,
        "isSearchable": true,
        "isSigned": true,
        "isCurrency": false,
        "columnDisplaySize": 31,
        "baseType": null
      },
      "comment": "",
      "collation": "",
      "defaultDefinition": ""
    },
    {
      "name": "NUMERIC_31_1_COL",
      "type": {
        "name": "DECIMAL",
        "typeNumber": 3,
        "className": "java.math.BigDecimal",
        "precision": 31,
        "scale": 1,
        "isNullable": true,
        "isAutoIncrement": false,
        "numericPrecisionRadix": 10,
        "isCaseSensitive": false,
        "isSearchable": true,
        "isSigned": true,
        "isCurrency": false,
        "columnDisplaySize": 31,
        "baseType": null
      },
      "comment": "",
      "collation": "",
      "defaultDefinition": ""
    },
    {
      "name": "NUM_31_1_COL",
      "type": {
        "name": "DECIMAL",
        "typeNumber": 3,
        "className": "java.math.BigDecimal",
        "precision": 31,
        "scale": 1,
        "isNullable": true,
        "isAutoIncrement": false,
        "numericPrecisionRadix": 10,
        "isCaseSensitive": false,
        "isSearchable": true,
        "isSigned": true,
        "isCurrency": false,
        "columnDisplaySize": 31,
        "baseType": null
      },
      "comment": "",
      "collation": "",
      "defaultDefinition": ""
    },
    {
      "name": "DEC_31_31_COL",
      "type": {
        "name": "DECIMAL",
        "typeNumber": 3,
        "className": "java.math.BigDecimal",
        "precision": 31,
        "scale": 31,
        "isNullable": true,
        "isAutoIncrement": false,
        "numericPrecisionRadix": 10,
        "isCaseSensitive": false,
        "isSearchable": true,
        "isSigned": true,
        "isCurrency": false,
        "columnDisplaySize": 31,
        "baseType": null
      },
      "comment": "",
      "collation": "",
      "defaultDefinition": ""
    },
    {
      "name": "DECIMAL_31_31_COL",
      "type": {
        "name": "DECIMAL",
        "typeNumber": 3,
        "className": "java.math.BigDecimal",
        "precision": 31,
        "scale": 31,
        "isNullable": true,
        "isAutoIncrement": false,
        "numericPrecisionRadix": 10,
        "isCaseSensitive": false,
        "isSearchable": true,
        "isSigned": true,
        "isCurrency": false,
        "columnDisplaySize": 31,
        "baseType": null
      },
      "comment": "",
      "collation": "",
      "defaultDefinition": ""
    },
    {
      "name": "NUMERIC_31_31_COL",
      "type": {
        "name": "DECIMAL",
        "typeNumber": 3,
        "className": "java.math.BigDecimal",
        "precision": 31,
        "scale": 31,
        "isNullable": true,
        "isAutoIncrement": false,
        "numericPrecisionRadix": 10,
        "isCaseSensitive": false,
        "isSearchable": true,
        "isSigned": true,
        "isCurrency": false,
        "columnDisplaySize": 31,
        "baseType": null
      },
      "comment": "",
      "collation": "",
      "defaultDefinition": ""
    },
    {
      "name": "NUM_31_31_COL",
      "type": {
        "name": "DECIMAL",
        "typeNumber": 3,
        "className": "java.math.BigDecimal",
        "precision": 31,
        "scale": 31,
        "isNullable": true,
        "isAutoIncrement": false,
        "numericPrecisionRadix": 10,
        "isCaseSensitive": false,
        "isSearchable": true,
        "isSigned": true,
        "isCurrency": false,
        "columnDisplaySize": 31,
        "baseType": null
      },
      "comment": "",
      "collation": "",
      "defaultDefinition": ""
    }
  ],
  "indexes": [
    {
      "name": "",
      "columns": [],
      "isUnique": false,
      "comment": "",
      "qualifierName": "",
      "isClustered": false,
      "isHashed": false,
      "isStatistic": true,
      "whereClause": "",
      "cardinality": 0,
      "pages": 0
    }
  ],
  "collation": "",
  "primaryKey": null,
  "bestRowIdentifier": null
}
