{
  "name": "CLOB_DATA_TYPES",
  "catalogName": "",
  "schemaName": "TEST",
  "typeName": "TABLE",
  "comment": "",
  "columns": [
    {
      "name": "CLOB_COL",
      "type": {
        "name": "CLOB",
        "typeNumber": 2005,
        "className": "java.sql.Clob",
        "precision": 1048576,
        "scale": 0,
        "isNullable": true,
        "isAutoIncrement": false,
        "numericPrecisionRadix": 0,
        "isCaseSensitive": false,
        "isSearchable": false,
        "isSigned": false,
        "isCurrency": false,
        "columnDisplaySize": 1048576,
        "baseType": null
      },
      "comment": "",
      "collation": "",
      "defaultDefinition": ""
    },
    {
      "name": "CHAR_LARGE_OBJECT_COL",
      "type": {
        "name": "CLOB",
        "typeNumber": 2005,
        "className": "java.sql.Clob",
        "precision": 1048576,
        "scale": 0,
        "isNullable": true,
        "isAutoIncrement": false,
        "numericPrecisionRadix": 0,
        "isCaseSensitive": false,
        "isSearchable": false,
        "isSigned": false,
        "isCurrency": false,
        "columnDisplaySize": 1048576,
        "baseType": null
      },
      "comment": "",
      "collation": "",
      "defaultDefinition": ""
    },
    {
      "name": "CHARACTER_LARGE_OBJECT_COL",
      "type": {
        "name": "CLOB",
        "typeNumber": 2005,
        "className": "java.sql.Clob",
        "precision": 1048576,
        "scale": 0,
        "isNullable": true,
        "isAutoIncrement": false,
        "numericPrecisionRadix": 0,
        "isCaseSensitive": false,
        "isSearchable": false,
        "isSigned": false,
        "isCurrency": false,
        "columnDisplaySize": 1048576,
        "baseType": null
      },
      "comment": "",
      "collation": "",
      "defaultDefinition": ""
    },
    {
      "name": "CLOB_1_COL",
      "type": {
        "name": "CLOB",
        "typeNumber": 2005,
        "className": "java.sql.Clob",
        "precision": 1,
        "scale": 0,
        "isNullable": true,
        "isAutoIncrement": false,
        "numericPrecisionRadix": 0,
        "isCaseSensitive": false,
        "isSearchable": false,
        "isSigned": false,
        "isCurrency": false,
        "columnDisplaySize": 1,
        "baseType": null
      },
      "comment": "",
      "collation": "",
      "defaultDefinition": ""
    },
    {
      "name": "CLOB_1_OCTETS_COL",
      "type": {
        "name": "CLOB",
        "typeNumber": 2005,
        "className": "java.sql.Clob",
        "precision": 1,
        "scale": 0,
        "isNullable": true,
        "isAutoIncrement": false,
        "numericPrecisionRadix": 0,
        "isCaseSensitive": false,
        "isSearchable": false,
        "isSigned": false,
        "isCurrency": false,
        "columnDisplaySize": 1,
        "baseType": null
      },
      "comment": "",
      "collation": "",
      "defaultDefinition": ""
    },
    {
      "name": "CLOB_1_CODEUNITS32_COL",
      "type": {
        "name": "CLOB",
        "typeNumber": 2005,
        "className": "java.sql.Clob",
        "precision": 1,
        "scale": 0,
        "isNullable": true,
        "isAutoIncrement": false,
        "numericPrecisionRadix": 0,
        "isCaseSensitive": false,
        "isSearchable": false,
        "isSigned": false,
        "isCurrency": false,
        "columnDisplaySize": 1,
        "baseType": null
      },
      "comment": "",
      "collation": "",
      "defaultDefinition": ""
    },
    {
      "name": "CHAR_LARGE_OBJECT_1_COL",
      "type": {
        "name": "CLOB",
        "typeNumber": 2005,
        "className": "java.sql.Clob",
        "precision": 1,
        "scale": 0,
        "isNullable": true,
        "isAutoIncrement": false,
        "numericPrecisionRadix": 0,
        "isCaseSensitive": false,
        "isSearchable": false,
        "isSigned": false,
        "isCurrency": false,
        "columnDisplaySize": 1,
        "baseType": null
      },
      "comment": "",
      "collation": "",
      "defaultDefinition": ""
    },
    {
      "name": "CHAR_LARGE_OBJECT_1_OCTETS_COL",
      "type": {
        "name": "CLOB",
        "typeNumber": 2005,
        "className": "java.sql.Clob",
        "precision": 1,
        "scale": 0,
        "isNullable": true,
        "isAutoIncrement": false,
        "numericPrecisionRadix": 0,
        "isCaseSensitive": false,
        "isSearchable": false,
        "isSigned": false,
        "isCurrency": false,
        "columnDisplaySize": 1,
        "baseType": null
      },
      "comment": "",
      "collation": "",
      "defaultDefinition": ""
    },
    {
      "name": "CHAR_LARGE_OBJECT_1_CODEUNITS32_COL",
      "type": {
        "name": "CLOB",
        "typeNumber": 2005,
        "className": "java.sql.Clob",
        "precision": 1,
        "scale": 0,
        "isNullable": true,
        "isAutoIncrement": false,
        "numericPrecisionRadix": 0,
        "isCaseSensitive": false,
        "isSearchable": false,
        "isSigned": false,
        "isCurrency": false,
        "columnDisplaySize": 1,
        "baseType": null
      },
      "comment": "",
      "collation": "",
      "defaultDefinition": ""
    },
    {
      "name": "CHARACTER_LARGE_OBJECT_1_COL",
      "type": {
        "name": "CLOB",
        "typeNumber": 2005,
        "className": "java.sql.Clob",
        "precision": 1,
        "scale": 0,
        "isNullable": true,
        "isAutoIncrement": false,
        "numericPrecisionRadix": 0,
        "isCaseSensitive": false,
        "isSearchable": false,
        "isSigned": false,
        "isCurrency": false,
        "columnDisplaySize": 1,
        "baseType": null
      },
      "comment": "",
      "collation": "",
      "defaultDefinition": ""
    },
    {
      "name": "CHARACTER_LARGE_OBJECT_1_OCTETS_COL",
      "type": {
        "name": "CLOB",
        "typeNumber": 2005,
        "className": "java.sql.Clob",
        "precision": 1,
        "scale": 0,
        "isNullable": true,
        "isAutoIncrement": false,
        "numericPrecisionRadix": 0,
        "isCaseSensitive": false,
        "isSearchable": false,
        "isSigned": false,
        "isCurrency": false,
        "columnDisplaySize": 1,
        "baseType": null
      },
      "comment": "",
      "collation": "",
      "defaultDefinition": ""
    },
    {
      "name": "CHARACTER_LARGE_OBJECT_1_CODEUNITS32_COL",
      "type": {
        "name": "CLOB",
        "typeNumber": 2005,
        "className": "java.sql.Clob",
        "precision": 1,
        "scale": 0,
        "isNullable": true,
        "isAutoIncrement": false,
        "numericPrecisionRadix": 0,
        "isCaseSensitive": false,
        "isSearchable": false,
        "isSigned": false,
        "isCurrency": false,
        "columnDisplaySize": 1,
        "baseType": null
      },
      "comment": "",
      "collation": "",
      "defaultDefinition": ""
    },
    {
      "name": "CLOB_2147483647_COL",
      "type": {
        "name": "CLOB",
        "typeNumber": 2005,
        "className": "java.sql.Clob",
        "precision": 2147483647,
        "scale": 0,
        "isNullable": true,
        "isAutoIncrement": false,
        "numericPrecisionRadix": 0,
        "isCaseSensitive": false,
        "isSearchable": false,
        "isSigned": false,
        "isCurrency": false,
        "columnDisplaySize": 2147483647,
        "baseType": null
      },
      "comment": "",
      "collation": "",
      "defaultDefinition": ""
    },
    {
      "name": "CLOB_2147483647_OCTETS_COL",
      "type": {
        "name": "CLOB",
        "typeNumber": 2005,
        "className": "java.sql.Clob",
        "precision": 2147483647,
        "scale": 0,
        "isNullable": true,
        "isAutoIncrement": false,
        "numericPrecisionRadix": 0,
        "isCaseSensitive": false,
        "isSearchable": false,
        "isSigned": false,
        "isCurrency": false,
        "columnDisplaySize": 2147483647,
        "baseType": null
      },
      "comment": "",
      "collation": "",
      "defaultDefinition": ""
    },
    {
      "name": "CLOB_536870911_CODEUNITS32_COL",
      "type": {
        "name": "CLOB",
        "typeNumber": 2005,
        "className": "java.sql.Clob",
        "precision": 536870911,
        "scale": 0,
        "isNullable": true,
        "isAutoIncrement": false,
        "numericPrecisionRadix": 0,
        "isCaseSensitive": false,
        "isSearchable": false,
        "isSigned": false,
        "isCurrency": false,
        "columnDisplaySize": 536870911,
        "baseType": null
      },
      "comment": "",
      "collation": "",
      "defaultDefinition": ""
    },
    {
      "name": "CHAR_LARGE_OBJECT_OCTETS_COL",
      "type": {
        "name": "CLOB",
        "typeNumber": 2005,
        "className": "java.sql.Clob",
        "precision": 536870911,
        "scale": 0,
        "isNullable": true,
        "isAutoIncrement": false,
        "numericPrecisionRadix": 0,
        "isCaseSensitive": false,
        "isSearchable": false,
        "isSigned": false,
        "isCurrency": false,
        "columnDisplaySize": 536870911,
        "baseType": null
      },
      "comment": "",
      "collation": "",
      "defaultDefinition": ""
    },
    {
      "name": "CHAR_LARGE_OBJECT_2147483647_OCTETS_COL",
      "type": {
        "name": "CLOB",
        "typeNumber": 2005,
        "className": "java.sql.Clob",
        "precision": 2147483647,
        "scale": 0,
        "isNullable": true,
        "isAutoIncrement": false,
        "numericPrecisionRadix": 0,
        "isCaseSensitive": false,
        "isSearchable": false,
        "isSigned": false,
        "isCurrency": false,
        "columnDisplaySize": 2147483647,
        "baseType": null
      },
      "comment": "",
      "collation": "",
      "defaultDefinition": ""
    },
    {
      "name": "CHAR_LARGE_OBJECT_536870911_CODEUNITS32_COL",
      "type": {
        "name": "CLOB",
        "typeNumber": 2005,
        "className": "java.sql.Clob",
        "precision": 536870911,
        "scale": 0,
        "isNullable": true,
        "isAutoIncrement": false,
        "numericPrecisionRadix": 0,
        "isCaseSensitive": false,
        "isSearchable": false,
        "isSigned": false,
        "isCurrency": false,
        "columnDisplaySize": 536870911,
        "baseType": null
      },
      "comment": "",
      "collation": "",
      "defaultDefinition": ""
    },
    {
      "name": "CHARACTER_LARGE_OBJECT_536870911_COL",
      "type": {
        "name": "CLOB",
        "typeNumber": 2005,
        "className": "java.sql.Clob",
        "precision": 536870911,
        "scale": 0,
        "isNullable": true,
        "isAutoIncrement": false,
        "numericPrecisionRadix": 0,
        "isCaseSensitive": false,
        "isSearchable": false,
        "isSigned": false,
        "isCurrency": false,
        "columnDisplaySize": 536870911,
        "baseType": null
      },
      "comment": "",
      "collation": "",
      "defaultDefinition": ""
    },
    {
      "name": "CHARACTER_LARGE_OBJECT_2147483647_OCTETS_COL",
      "type": {
        "name": "CLOB",
        "typeNumber": 2005,
        "className": "java.sql.Clob",
        "precision": 2147483647,
        "scale": 0,
        "isNullable": true,
        "isAutoIncrement": false,
        "numericPrecisionRadix": 0,
        "isCaseSensitive": false,
        "isSearchable": false,
        "isSigned": false,
        "isCurrency": false,
        "columnDisplaySize": 2147483647,
        "baseType": null
      },
      "comment": "",
      "collation": "",
      "defaultDefinition": ""
    },
    {
      "name": "CHARACTER_LARGE_OBJECT_536870911_CODEUNITS32_COL",
      "type": {
        "name": "CLOB",
        "typeNumber": 2005,
        "className": "java.sql.Clob",
        "precision": 536870911,
        "scale": 0,
        "isNullable": true,
        "isAutoIncrement": false,
        "numericPrecisionRadix": 0,
        "isCaseSensitive": false,
        "isSearchable": false,
        "isSigned": false,
        "isCurrency": false,
        "columnDisplaySize": 536870911,
        "baseType": null
      },
      "comment": "",
      "collation": "",
      "defaultDefinition": ""
    }
  ],
  "indexes": [
    {
      "name": "",
      "columns": [],
      "isUnique": false,
      "comment": "",
      "qualifierName": "",
      "isClustered": false,
      "isHashed": false,
      "isStatistic": true,
      "whereClause": "",
      "cardinality": 0,
      "pages": 0
    }
  ],
  "collation": "",
  "primaryKey": null,
  "bestRowIdentifier": null
}

