{
  "name": "CHAR_DATA_TYPES",
  "catalogName": "",
  "schemaName": "TEST",
  "typeName": "TABLE",
  "comment": "",
  "columns": [
    {
      "name": "CHAR_COL",
      "type": {
        "name": "CHAR",
        "typeNumber": 1,
        "className": "java.lang.String",
        "precision": 1,
        "scale": 0,
        "isNullable": true,
        "isAutoIncrement": false,
        "numericPrecisionRadix": 10,
        "isCaseSensitive": false,
        "isSearchable": true,
        "isSigned": false,
        "isCurrency": false,
        "columnDisplaySize": 1,
        "baseType": null
      },
      "comment": "",
      "collation": "",
      "defaultDefinition": ""
    },
    {
      "name": "CHARACTER_COL",
      "type": {
        "name": "CHAR",
        "typeNumber": 1,
        "className": "java.lang.String",
        "precision": 1,
        "scale": 0,
        "isNullable": true,
        "isAutoIncrement": false,
        "numericPrecisionRadix": 10,
        "isCaseSensitive": false,
        "isSearchable": true,
        "isSigned": false,
        "isCurrency": false,
        "columnDisplaySize": 1,
        "baseType": null
      },
      "comment": "",
      "collation": "",
      "defaultDefinition": ""
    },
    {
      "name": "NCHAR_COL",
      "type": {
        "name": "NCHAR",
        "typeNumber": -15,
        "className": "java.lang.String",
        "precision": 1,
        "scale": 0,
        "isNullable": true,
        "isAutoIncrement": false,
        "numericPrecisionRadix": 10,
        "isCaseSensitive": false,
        "isSearchable": true,
        "isSigned": false,
        "isCurrency": false,
        "columnDisplaySize": 1,
        "baseType": null
      },
      "comment": "",
      "collation": "",
      "defaultDefinition": ""
    },
    {
      "name": "NATIONAL_CHAR_COL",
      "type": {
        "name": "NCHAR",
        "typeNumber": -15,
        "className": "java.lang.String",
        "precision": 1,
        "scale": 0,
        "isNullable": true,
        "isAutoIncrement": false,
        "numericPrecisionRadix": 10,
        "isCaseSensitive": false,
        "isSearchable": true,
        "isSigned": false,
        "isCurrency": false,
        "columnDisplaySize": 1,
        "baseType": null
      },
      "comment": "",
      "collation": "",
      "defaultDefinition": ""
    },
    {
      "name": "NATIONAL_CHARACTER_COL",
      "type": {
        "name": "NCHAR",
        "typeNumber": -15,
        "className": "java.lang.String",
        "precision": 1,
        "scale": 0,
        "isNullable": true,
        "isAutoIncrement": false,
        "numericPrecisionRadix": 10,
        "isCaseSensitive": false,
        "isSearchable": true,
        "isSigned": false,
        "isCurrency": false,
        "columnDisplaySize": 1,
        "baseType": null
      },
      "comment": "",
      "collation": "",
      "defaultDefinition": ""
    },
    {
      "name": "CHAR_1_COL",
      "type": {
        "name": "CHAR",
        "typeNumber": 1,
        "className": "java.lang.String",
        "precision": 1,
        "scale": 0,
        "isNullable": true,
        "isAutoIncrement": false,
        "numericPrecisionRadix": 10,
        "isCaseSensitive": false,
        "isSearchable": true,
        "isSigned": false,
        "isCurrency": false,
        "columnDisplaySize": 1,
        "baseType": null
      },
      "comment": "",
      "collation": "",
      "defaultDefinition": ""
    },
    {
      "name": "CHAR_VARYING_1_COL",
      "type": {
        "name": "VARCHAR2",
        "typeNumber": 12,
        "className": "java.lang.String",
        "precision": 1,
        "scale": 0,
        "isNullable": true,
        "isAutoIncrement": false,
        "numericPrecisionRadix": 10,
        "isCaseSensitive": false,
        "isSearchable": true,
        "isSigned": false,
        "isCurrency": false,
        "columnDisplaySize": 1,
        "baseType": null
      },
      "comment": "",
      "collation": "",
      "defaultDefinition": ""
    },
    {
      "name": "CHARACTER_1_COL",
      "type": {
        "name": "CHAR",
        "typeNumber": 1,
        "className": "java.lang.String",
        "precision": 1,
        "scale": 0,
        "isNullable": true,
        "isAutoIncrement": false,
        "numericPrecisionRadix": 10,
        "isCaseSensitive": false,
        "isSearchable": true,
        "isSigned": false,
        "isCurrency": false,
        "columnDisplaySize": 1,
        "baseType": null
      },
      "comment": "",
      "collation": "",
      "defaultDefinition": ""
    },
    {
      "name": "CHARACTER_VARYING_1_COL",
      "type": {
        "name": "VARCHAR2",
        "typeNumber": 12,
        "className": "java.lang.String",
        "precision": 1,
        "scale": 0,
        "isNullable": true,
        "isAutoIncrement": false,
        "numericPrecisionRadix": 10,
        "isCaseSensitive": false,
        "isSearchable": true,
        "isSigned": false,
        "isCurrency": false,
        "columnDisplaySize": 1,
        "baseType": null
      },
      "comment": "",
      "collation": "",
      "defaultDefinition": ""
    },
    {
      "name": "VARCHAR_1_COL",
      "type": {
        "name": "VARCHAR2",
        "typeNumber": 12,
        "className": "java.lang.String",
        "precision": 1,
        "scale": 0,
        "isNullable": true,
        "isAutoIncrement": false,
        "numericPrecisionRadix": 10,
        "isCaseSensitive": false,
        "isSearchable": true,
        "isSigned": false,
        "isCurrency": false,
        "columnDisplaySize": 1,
        "baseType": null
      },
      "comment": "",
      "collation": "",
      "defaultDefinition": ""
    },
    {
      "name": "VARCHAR2_1_COL",
      "type": {
        "name": "VARCHAR2",
        "typeNumber": 12,
        "className": "java.lang.String",
        "precision": 1,
        "scale": 0,
        "isNullable": true,
        "isAutoIncrement": false,
        "numericPrecisionRadix": 10,
        "isCaseSensitive": false,
        "isSearchable": true,
        "isSigned": false,
        "isCurrency": false,
        "columnDisplaySize": 1,
        "baseType": null
      },
      "comment": "",
      "collation": "",
      "defaultDefinition": ""
    },
    {
      "name": "NCHAR_1_COL",
      "type": {
        "name": "NCHAR",
        "typeNumber": -15,
        "className": "java.lang.String",
        "precision": 1,
        "scale": 0,
        "isNullable": true,
        "isAutoIncrement": false,
        "numericPrecisionRadix": 10,
        "isCaseSensitive": false,
        "isSearchable": true,
        "isSigned": false,
        "isCurrency": false,
        "columnDisplaySize": 1,
        "baseType": null
      },
      "comment": "",
      "collation": "",
      "defaultDefinition": ""
    },
    {
      "name": "NCHAR_VARYING_1_COL",
      "type": {
        "name": "NVARCHAR2",
        "typeNumber": -9,
        "className": "java.lang.String",
        "precision": 1,
        "scale": 0,
        "isNullable": true,
        "isAutoIncrement": false,
        "numericPrecisionRadix": 10,
        "isCaseSensitive": false,
        "isSearchable": true,
        "isSigned": false,
        "isCurrency": false,
        "columnDisplaySize": 1,
        "baseType": null
      },
      "comment": "",
      "collation": "",
      "defaultDefinition": ""
    },
    {
      "name": "NATIONAL_CHAR_VARYING_1_COL",
      "type": {
        "name": "NVARCHAR2",
        "typeNumber": -9,
        "className": "java.lang.String",
        "precision": 1,
        "scale": 0,
        "isNullable": true,
        "isAutoIncrement": false,
        "numericPrecisionRadix": 10,
        "isCaseSensitive": false,
        "isSearchable": true,
        "isSigned": false,
        "isCurrency": false,
        "columnDisplaySize": 1,
        "baseType": null
      },
      "comment": "",
      "collation": "",
      "defaultDefinition": ""
    },
    {
      "name": "NATIONAL_CHARACTER_VARYING_1_COL",
      "type": {
        "name": "NVARCHAR2",
        "typeNumber": -9,
        "className": "java.lang.String",
        "precision": 1,
        "scale": 0,
        "isNullable": true,
        "isAutoIncrement": false,
        "numericPrecisionRadix": 10,
        "isCaseSensitive": false,
        "isSearchable": true,
        "isSigned": false,
        "isCurrency": false,
        "columnDisplaySize": 1,
        "baseType": null
      },
      "comment": "",
      "collation": "",
      "defaultDefinition": ""
    },
    {
      "name": "NVARCHAR2_1_COL",
      "type": {
        "name": "NVARCHAR2",
        "typeNumber": -9,
        "className": "java.lang.String",
        "precision": 1,
        "scale": 0,
        "isNullable": true,
        "isAutoIncrement": false,
        "numericPrecisionRadix": 10,
        "isCaseSensitive": false,
        "isSearchable": true,
        "isSigned": false,
        "isCurrency": false,
        "columnDisplaySize": 1,
        "baseType": null
      },
      "comment": "",
      "collation": "",
      "defaultDefinition": ""
    },
    {
      "name": "CHAR_2000_COL",
      "type": {
        "name": "CHAR",
        "typeNumber": 1,
        "className": "java.lang.String",
        "precision": 2000,
        "scale": 0,
        "isNullable": true,
        "isAutoIncrement": false,
        "numericPrecisionRadix": 10,
        "isCaseSensitive": false,
        "isSearchable": true,
        "isSigned": false,
        "isCurrency": false,
        "columnDisplaySize": 2000,
        "baseType": null
      },
      "comment": "",
      "collation": "",
      "defaultDefinition": ""
    },
    {
      "name": "CHAR_VARYING_2000_COL",
      "type": {
        "name": "VARCHAR2",
        "typeNumber": 12,
        "className": "java.lang.String",
        "precision": 2000,
        "scale": 0,
        "isNullable": true,
        "isAutoIncrement": false,
        "numericPrecisionRadix": 10,
        "isCaseSensitive": false,
        "isSearchable": true,
        "isSigned": false,
        "isCurrency": false,
        "columnDisplaySize": 2000,
        "baseType": null
      },
      "comment": "",
      "collation": "",
      "defaultDefinition": ""
    },
    {
      "name": "CHARACTER_2000_COL",
      "type": {
        "name": "CHAR",
        "typeNumber": 1,
        "className": "java.lang.String",
        "precision": 2000,
        "scale": 0,
        "isNullable": true,
        "isAutoIncrement": false,
        "numericPrecisionRadix": 10,
        "isCaseSensitive": false,
        "isSearchable": true,
        "isSigned": false,
        "isCurrency": false,
        "columnDisplaySize": 2000,
        "baseType": null
      },
      "comment": "",
      "collation": "",
      "defaultDefinition": ""
    },
    {
      "name": "CHARACTER_VARYING_2000_COL",
      "type": {
        "name": "VARCHAR2",
        "typeNumber": 12,
        "className": "java.lang.String",
        "precision": 2000,
        "scale": 0,
        "isNullable": true,
        "isAutoIncrement": false,
        "numericPrecisionRadix": 10,
        "isCaseSensitive": false,
        "isSearchable": true,
        "isSigned": false,
        "isCurrency": false,
        "columnDisplaySize": 2000,
        "baseType": null
      },
      "comment": "",
      "collation": "",
      "defaultDefinition": ""
    },
    {
      "name": "VARCHAR_2000_COL",
      "type": {
        "name": "VARCHAR2",
        "typeNumber": 12,
        "className": "java.lang.String",
        "precision": 2000,
        "scale": 0,
        "isNullable": true,
        "isAutoIncrement": false,
        "numericPrecisionRadix": 10,
        "isCaseSensitive": false,
        "isSearchable": true,
        "isSigned": false,
        "isCurrency": false,
        "columnDisplaySize": 2000,
        "baseType": null
      },
      "comment": "",
      "collation": "",
      "defaultDefinition": ""
    },
    {
      "name": "NCHAR_1000_COL",
      "type": {
        "name": "NCHAR",
        "typeNumber": -15,
        "className": "java.lang.String",
        "precision": 1000,
        "scale": 0,
        "isNullable": true,
        "isAutoIncrement": false,
        "numericPrecisionRadix": 10,
        "isCaseSensitive": false,
        "isSearchable": true,
        "isSigned": false,
        "isCurrency": false,
        "columnDisplaySize": 1000,
        "baseType": null
      },
      "comment": "",
      "collation": "",
      "defaultDefinition": ""
    },
    {
      "name": "NCHAR_VARYING_2000_COL",
      "type": {
        "name": "NVARCHAR2",
        "typeNumber": -9,
        "className": "java.lang.String",
        "precision": 2000,
        "scale": 0,
        "isNullable": true,
        "isAutoIncrement": false,
        "numericPrecisionRadix": 10,
        "isCaseSensitive": false,
        "isSearchable": true,
        "isSigned": false,
        "isCurrency": false,
        "columnDisplaySize": 2000,
        "baseType": null
      },
      "comment": "",
      "collation": "",
      "defaultDefinition": ""
    },
    {
      "name": "NATIONAL_CHAR_VARYING_2000_COL",
      "type": {
        "name": "NVARCHAR2",
        "typeNumber": -9,
        "className": "java.lang.String",
        "precision": 2000,
        "scale": 0,
        "isNullable": true,
        "isAutoIncrement": false,
        "numericPrecisionRadix": 10,
        "isCaseSensitive": false,
        "isSearchable": true,
        "isSigned": false,
        "isCurrency": false,
        "columnDisplaySize": 2000,
        "baseType": null
      },
      "comment": "",
      "collation": "",
      "defaultDefinition": ""
    },
    {
      "name": "NATIONAL_CHARACTER_VARYING_2000_COL",
      "type": {
        "name": "NVARCHAR2",
        "typeNumber": -9,
        "className": "java.lang.String",
        "precision": 2000,
        "scale": 0,
        "isNullable": true,
        "isAutoIncrement": false,
        "numericPrecisionRadix": 10,
        "isCaseSensitive": false,
        "isSearchable": true,
        "isSigned": false,
        "isCurrency": false,
        "columnDisplaySize": 2000,
        "baseType": null
      },
      "comment": "",
      "collation": "",
      "defaultDefinition": ""
    },
    {
      "name": "LONG_COL",
      "type": {
        "name": "LONG",
        "typeNumber": -1,
        "className": "java.lang.String",
        "precision": 0,
        "scale": 0,
        "isNullable": true,
        "isAutoIncrement": false,
        "numericPrecisionRadix": 10,
        "isCaseSensitive": false,
        "isSearchable": true,
        "isSigned": false,
        "isCurrency": false,
        "columnDisplaySize": 65535,
        "baseType": null
      },
      "comment": "",
      "collation": "",
      "defaultDefinition": ""
    },
    {
      "name": "CLOB_COL",
      "type": {
        "name": "CLOB",
        "typeNumber": 2005,
        "className": "java.sql.Clob",
        "precision": 4000,
        "scale": 0,
        "isNullable": true,
        "isAutoIncrement": false,
        "numericPrecisionRadix": 10,
        "isCaseSensitive": false,
        "isSearchable": false,
        "isSigned": false,
        "isCurrency": false,
        "columnDisplaySize": 4000,
        "baseType": null
      },
      "comment": "",
      "collation": "",
      "defaultDefinition": ""
    },
    {
      "name": "NCLOB_COL",
      "type": {
        "name": "NCLOB",
        "typeNumber": 2011,
        "className": "java.sql.NClob",
        "precision": 4000,
        "scale": 0,
        "isNullable": true,
        "isAutoIncrement": false,
        "numericPrecisionRadix": 10,
        "isCaseSensitive": false,
        "isSearchable": true,
        "isSigned": false,
        "isCurrency": false,
        "columnDisplaySize": 4000,
        "baseType": null
      },
      "comment": "",
      "collation": "",
      "defaultDefinition": ""
    }
  ],
  "indexes": [
    {
      "name": "",
      "columns": [],
      "isUnique": true,
      "comment": "",
      "qualifierName": "",
      "isClustered": false,
      "isHashed": false,
      "isStatistic": true,
      "whereClause": "",
      "cardinality": 0,
      "pages": 0
    }
  ],
  "collation": "",
  "primaryKey": null,
  "bestRowIdentifier": null
}