{
  "name": "INTERVAL_DATA_TYPES",
  "catalogName": "",
  "schemaName": "TEST",
  "typeName": "TABLE",
  "comment": "",
  "columns": [
    {
      "name": "INTERVAL_YEAR_TO_MONTH_COL",
      "type": {
        "name": "INTERVAL YEAR(2) TO MONTH",
        "typeNumber": -103,
        "className": "java.lang.Object",
        "precision": 2,
        "scale": 0,
        "isNullable": true,
        "isAutoIncrement": false,
        "numericPrecisionRadix": 10,
        "isCaseSensitive": false,
        "isSearchable": true,
        "isSigned": false,
        "isCurrency": false,
        "columnDisplaySize": 0,
        "baseType": null
      },
      "comment": "",
      "collation": "",
      "defaultDefinition": ""
    },
    {
      "name": "INTERVAL_YEAR_TO_MONTH_1_COL",
      "type": {
        "name": "INTERVAL YEAR(1) TO MONTH",
        "typeNumber": -103,
        "className": "java.lang.Object",
        "precision": 1,
        "scale": 0,
        "isNullable": true,
        "isAutoIncrement": false,
        "numericPrecisionRadix": 10,
        "isCaseSensitive": false,
        "isSearchable": true,
        "isSigned": false,
        "isCurrency": false,
        "columnDisplaySize": 0,
        "baseType": null
      },
      "comment": "",
      "collation": "",
      "defaultDefinition": ""
    },
    {
      "name": "INTERVAL_YEAR_TO_MONTH_2_COL",
      "type": {
        "name": "INTERVAL YEAR(2) TO MONTH",
        "typeNumber": -103,
        "className": "java.lang.Object",
        "precision": 2,
        "scale": 0,
        "isNullable": true,
        "isAutoIncrement": false,
        "numericPrecisionRadix": 10,
        "isCaseSensitive": false,
        "isSearchable": true,
        "isSigned": false,
        "isCurrency": false,
        "columnDisplaySize": 0,
        "baseType": null
      },
      "comment": "",
      "collation": "",
      "defaultDefinition": ""
    },
    {
      "name": "INTERVAL_YEAR_TO_MONTH_9_COL",
      "type": {
        "name": "INTERVAL YEAR(9) TO MONTH",
        "typeNumber": -103,
        "className": "java.lang.Object",
        "precision": 9,
        "scale": 0,
        "isNullable": true,
        "isAutoIncrement": false,
        "numericPrecisionRadix": 10,
        "isCaseSensitive": false,
        "isSearchable": true,
        "isSigned": false,
        "isCurrency": false,
        "columnDisplaySize": 0,
        "baseType": null
      },
      "comment": "",
      "collation": "",
      "defaultDefinition": ""
    },
    {
      "name": "INTERVAL_DAY_TO_SECOND_COL",
      "type": {
        "name": "INTERVAL DAY(2) TO SECOND(6)",
        "typeNumber": -104,
        "className": "java.lang.Object",
        "precision": 2,
        "scale": 6,
        "isNullable": true,
        "isAutoIncrement": false,
        "numericPrecisionRadix": 10,
        "isCaseSensitive": false,
        "isSearchable": true,
        "isSigned": false,
        "isCurrency": false,
        "columnDisplaySize": 0,
        "baseType": null
      },
      "comment": "",
      "collation": "",
      "defaultDefinition": ""
    },
    {
      "name": "INTERVAL_DAY_0_TO_SECOND_COL",
      "type": {
        "name": "INTERVAL DAY(0) TO SECOND(6)",
        "typeNumber": -104,
        "className": "java.lang.Object",
        "precision": 0,
        "scale": 6,
        "isNullable": true,
        "isAutoIncrement": false,
        "numericPrecisionRadix": 10,
        "isCaseSensitive": false,
        "isSearchable": true,
        "isSigned": false,
        "isCurrency": false,
        "columnDisplaySize": 0,
        "baseType": null
      },
      "comment": "",
      "collation": "",
      "defaultDefinition": ""
    },
    {
      "name": "INTERVAL_DAY_2_TO_SECOND_COL",
      "type": {
        "name": "INTERVAL DAY(2) TO SECOND(6)",
        "typeNumber": -104,
        "className": "java.lang.Object",
        "precision": 2,
        "scale": 6,
        "isNullable": true,
        "isAutoIncrement": false,
        "numericPrecisionRadix": 10,
        "isCaseSensitive": false,
        "isSearchable": true,
        "isSigned": false,
        "isCurrency": false,
        "columnDisplaySize": 0,
        "baseType": null
      },
      "comment": "",
      "collation": "",
      "defaultDefinition": ""
    },
    {
      "name": "INTERVAL_DAY_9_TO_SECOND_COL",
      "type": {
        "name": "INTERVAL DAY(9) TO SECOND(6)",
        "typeNumber": -104,
        "className": "java.lang.Object",
        "precision": 9,
        "scale": 6,
        "isNullable": true,
        "isAutoIncrement": false,
        "numericPrecisionRadix": 10,
        "isCaseSensitive": false,
        "isSearchable": true,
        "isSigned": false,
        "isCurrency": false,
        "columnDisplaySize": 0,
        "baseType": null
      },
      "comment": "",
      "collation": "",
      "defaultDefinition": ""
    },
    {
      "name": "INTERVAL_DAY_TO_SECOND_0_COL",
      "type": {
        "name": "INTERVAL DAY(2) TO SECOND(0)",
        "typeNumber": -104,
        "className": "java.lang.Object",
        "precision": 2,
        "scale": 0,
        "isNullable": true,
        "isAutoIncrement": false,
        "numericPrecisionRadix": 10,
        "isCaseSensitive": false,
        "isSearchable": true,
        "isSigned": false,
        "isCurrency": false,
        "columnDisplaySize": 0,
        "baseType": null
      },
      "comment": "",
      "collation": "",
      "defaultDefinition": ""
    },
    {
      "name": "INTERVAL_DAY_TO_SECOND_6_COL",
      "type": {
        "name": "INTERVAL DAY(2) TO SECOND(6)",
        "typeNumber": -104,
        "className": "java.lang.Object",
        "precision": 2,
        "scale": 6,
        "isNullable": true,
        "isAutoIncrement": false,
        "numericPrecisionRadix": 10,
        "isCaseSensitive": false,
        "isSearchable": true,
        "isSigned": false,
        "isCurrency": false,
        "columnDisplaySize": 0,
        "baseType": null
      },
      "comment": "",
      "collation": "",
      "defaultDefinition": ""
    },
    {
      "name": "INTERVAL_DAY_TO_SECOND_9_COL",
      "type": {
        "name": "INTERVAL DAY(2) TO SECOND(9)",
        "typeNumber": -104,
        "className": "java.lang.Object",
        "precision": 2,
        "scale": 9,
        "isNullable": true,
        "isAutoIncrement": false,
        "numericPrecisionRadix": 10,
        "isCaseSensitive": false,
        "isSearchable": true,
        "isSigned": false,
        "isCurrency": false,
        "columnDisplaySize": 0,
        "baseType": null
      },
      "comment": "",
      "collation": "",
      "defaultDefinition": ""
    },
    {
      "name": "INTERVAL_DAY_0_TO_SECOND_0_COL",
      "type": {
        "name": "INTERVAL DAY(0) TO SECOND(0)",
        "typeNumber": -104,
        "className": "java.lang.Object",
        "precision": 0,
        "scale": 0,
        "isNullable": true,
        "isAutoIncrement": false,
        "numericPrecisionRadix": 10,
        "isCaseSensitive": false,
        "isSearchable": true,
        "isSigned": false,
        "isCurrency": false,
        "columnDisplaySize": 0,
        "baseType": null
      },
      "comment": "",
      "collation": "",
      "defaultDefinition": ""
    },
    {
      "name": "INTERVAL_DAY_0_TO_SECOND_6_COL",
      "type": {
        "name": "INTERVAL DAY(0) TO SECOND(6)",
        "typeNumber": -104,
        "className": "java.lang.Object",
        "precision": 0,
        "scale": 6,
        "isNullable": true,
        "isAutoIncrement": false,
        "numericPrecisionRadix": 10,
        "isCaseSensitive": false,
        "isSearchable": true,
        "isSigned": false,
        "isCurrency": false,
        "columnDisplaySize": 0,
        "baseType": null
      },
      "comment": "",
      "collation": "",
      "defaultDefinition": ""
    },
    {
      "name": "INTERVAL_DAY_0_TO_SECOND_9_COL",
      "type": {
        "name": "INTERVAL DAY(0) TO SECOND(9)",
        "typeNumber": -104,
        "className": "java.lang.Object",
        "precision": 0,
        "scale": 9,
        "isNullable": true,
        "isAutoIncrement": false,
        "numericPrecisionRadix": 10,
        "isCaseSensitive": false,
        "isSearchable": true,
        "isSigned": false,
        "isCurrency": false,
        "columnDisplaySize": 0,
        "baseType": null
      },
      "comment": "",
      "collation": "",
      "defaultDefinition": ""
    },
    {
      "name": "INTERVAL_DAY_2_TO_SECOND_0_COL",
      "type": {
        "name": "INTERVAL DAY(2) TO SECOND(0)",
        "typeNumber": -104,
        "className": "java.lang.Object",
        "precision": 2,
        "scale": 0,
        "isNullable": true,
        "isAutoIncrement": false,
        "numericPrecisionRadix": 10,
        "isCaseSensitive": false,
        "isSearchable": true,
        "isSigned": false,
        "isCurrency": false,
        "columnDisplaySize": 0,
        "baseType": null
      },
      "comment": "",
      "collation": "",
      "defaultDefinition": ""
    },
    {
      "name": "INTERVAL_DAY_2_TO_SECOND_6_COL",
      "type": {
        "name": "INTERVAL DAY(2) TO SECOND(6)",
        "typeNumber": -104,
        "className": "java.lang.Object",
        "precision": 2,
        "scale": 6,
        "isNullable": true,
        "isAutoIncrement": false,
        "numericPrecisionRadix": 10,
        "isCaseSensitive": false,
        "isSearchable": true,
        "isSigned": false,
        "isCurrency": false,
        "columnDisplaySize": 0,
        "baseType": null
      },
      "comment": "",
      "collation": "",
      "defaultDefinition": ""
    },
    {
      "name": "INTERVAL_DAY_2_TO_SECOND_9_COL",
      "type": {
        "name": "INTERVAL DAY(2) TO SECOND(9)",
        "typeNumber": -104,
        "className": "java.lang.Object",
        "precision": 2,
        "scale": 9,
        "isNullable": true,
        "isAutoIncrement": false,
        "numericPrecisionRadix": 10,
        "isCaseSensitive": false,
        "isSearchable": true,
        "isSigned": false,
        "isCurrency": false,
        "columnDisplaySize": 0,
        "baseType": null
      },
      "comment": "",
      "collation": "",
      "defaultDefinition": ""
    },
    {
      "name": "INTERVAL_DAY_9_TO_SECOND_0_COL",
      "type": {
        "name": "INTERVAL DAY(9) TO SECOND(0)",
        "typeNumber": -104,
        "className": "java.lang.Object",
        "precision": 9,
        "scale": 0,
        "isNullable": true,
        "isAutoIncrement": false,
        "numericPrecisionRadix": 10,
        "isCaseSensitive": false,
        "isSearchable": true,
        "isSigned": false,
        "isCurrency": false,
        "columnDisplaySize": 0,
        "baseType": null
      },
      "comment": "",
      "collation": "",
      "defaultDefinition": ""
    },
    {
      "name": "INTERVAL_DAY_9_TO_SECOND_6_COL",
      "type": {
        "name": "INTERVAL DAY(9) TO SECOND(6)",
        "typeNumber": -104,
        "className": "java.lang.Object",
        "precision": 9,
        "scale": 6,
        "isNullable": true,
        "isAutoIncrement": false,
        "numericPrecisionRadix": 10,
        "isCaseSensitive": false,
        "isSearchable": true,
        "isSigned": false,
        "isCurrency": false,
        "columnDisplaySize": 0,
        "baseType": null
      },
      "comment": "",
      "collation": "",
      "defaultDefinition": ""
    },
    {
      "name": "INTERVAL_DAY_9_TO_SECOND_9_COL",
      "type": {
        "name": "INTERVAL DAY(9) TO SECOND(9)",
        "typeNumber": -104,
        "className": "java.lang.Object",
        "precision": 9,
        "scale": 9,
        "isNullable": true,
        "isAutoIncrement": false,
        "numericPrecisionRadix": 10,
        "isCaseSensitive": false,
        "isSearchable": true,
        "isSigned": false,
        "isCurrency": false,
        "columnDisplaySize": 0,
        "baseType": null
      },
      "comment": "",
      "collation": "",
      "defaultDefinition": ""
    }
  ],
  "indexes": [
    {
      "name": "",
      "columns": [],
      "isUnique": true,
      "comment": "",
      "qualifierName": "",
      "isClustered": false,
      "isHashed": false,
      "isStatistic": true,
      "whereClause": "",
      "cardinality": 0,
      "pages": 0
    }
  ],
  "collation": "",
  "primaryKey": null,
  "bestRowIdentifier": null
}