{
  "name": "COMMENTS",
  "catalogName": "",
  "schemaName": "TEST",
  "typeName": "TABLE",
  "comment": "This is a table comment",
  "columns": [
    {
      "name": "COMMENT_COL",
      "type": {
        "name": "VARCHAR",
        "typeNumber": 12,
        "className": "java.lang.String",
        "precision": 10,
        "scale": 0,
        "isNullable": true,
        "isAutoIncrement": false,
        "numericPrecisionRadix": 0,
        "isCaseSensitive": false,
        "isSearchable": true,
        "isSigned": false,
        "isCurrency": false,
        "columnDisplaySize": 10,
        "baseType": null
      },
      "comment": "This is a column comment",
      "collation": "",
      "defaultDefinition": ""
    }
  ],
  "indexes": [
    {
      "name": "",
      "columns": [],
      "isUnique": false,
      "comment": "",
      "qualifierName": "",
      "isClustered": false,
      "isHashed": false,
      "isStatistic": true,
      "whereClause": "",
      "cardinality": 0,
      "pages": 0
    }
  ],
  "collation": "",
  "primaryKey": null,
  "bestRowIdentifier": null
}